2022-07-14 01:53:55
Beginning Test, file ESMC_MeshVTKUTest.C, line 63
Beginning Test, file ESMC_MeshVTKUTest.C, line 63NUMBER_OF_PROCESSORS 6
PASS MeshCreate, ESMC_MeshVTKUTest.C, line 80
Beginning Test, file ESMC_MeshVTKUTest.C, line 63
Beginning Test, file ESMC_MeshVTKUTest.C, line 63NUMBER_OF_PROCESSORS 6
PASS MeshCreate, ESMC_MeshVTKUTest.C, line 80
Beginning Test, file ESMC_MeshVTKUTest.C, line 63
Beginning Test, file ESMC_MeshVTKUTest.C, line 63NUMBER_OF_PROCESSORS 6
PASS MeshCreate, ESMC_MeshVTKUTest.C, line 80
Beginning Test, file ESMC_MeshVTKUTest.C, line 63
Beginning Test, file ESMC_MeshVTKUTest.C, line 63NUMBER_OF_PROCESSORS 6
PASS MeshCreate, ESMC_MeshVTKUTest.C, line 80
Beginning Test, file ESMC_MeshVTKUTest.C, line 63
Beginning Test, file ESMC_MeshVTKUTest.C, line 63NUMBER_OF_PROCESSORS 6
PASS MeshCreate, ESMC_MeshVTKUTest.C, line 80
Beginning Test, file ESMC_MeshVTKUTest.C, line 63
Beginning Test, file ESMC_MeshVTKUTest.C, line 63NUMBER_OF_PROCESSORS 6
PASS MeshVTKHeader, ESMC_MeshVTKUTest.C, line 89
PASS MeshVTKHeader, ESMC_MeshVTKUTest.C, line 89
PASS MeshVTKHeader, ESMC_MeshVTKUTest.C, line 89
PASS MeshCreate, ESMC_MeshVTKUTest.C, line 80
PASS MeshVTKHeader, ESMC_MeshVTKUTest.C, line 89
PASS MeshVTKHeader, ESMC_MeshVTKUTest.C, line 89
PASS MeshVTKHeader, ESMC_MeshVTKUTest.C, line 110
PASS MeshVTKHeader, ESMC_MeshVTKUTest.C, line 110
PASS MeshVTKHeader, ESMC_MeshVTKUTest.C, line 110
PASS MeshVTKHeader, ESMC_MeshVTKUTest.C, line 89
PASS MeshVTKHeader, ESMC_MeshVTKUTest.C, line 110
PASS MeshVTKHeader, ESMC_MeshVTKUTest.C, line 110
PASS MeshVTKHeader, ESMC_MeshVTKUTest.C, line 110
PASS MeshVTKBody, ESMC_MeshVTKUTest.C, line 129
PASS MeshVTKBody, ESMC_MeshVTKUTest.C, line 129
PASS MeshVTKBody, ESMC_MeshVTKUTest.C, line 129
PASS MeshAddNodes, ESMC_MeshVTKUTest.C, line 158
PASS MeshAddNodes, ESMC_MeshVTKUTest.C, line 158
PASS MeshGetNodeCount, ESMC_MeshVTKUTest.C, line 178
PASS MeshGetNodeCount, ESMC_MeshVTKUTest.C, line 178
PASS MeshAddNodes, ESMC_MeshVTKUTest.C, line 158
PASS MeshGetNodeCount, ESMC_MeshVTKUTest.C, line 178
PASS MeshVTKBody, ESMC_MeshVTKUTest.C, line 129
PASS MeshVTKBody, ESMC_MeshVTKUTest.C, line 129
PASS MeshVTKBody, ESMC_MeshVTKUTest.C, line 129
PASS MeshAddNodes, ESMC_MeshVTKUTest.C, line 158
PASS MeshGetNodeCount, ESMC_MeshVTKUTest.C, line 178
PASS MeshAddNodes, ESMC_MeshVTKUTest.C, line 158
PASS MeshGetNodeCount, ESMC_MeshVTKUTest.C, line 178
PASS MeshAddNodes, ESMC_MeshVTKUTest.C, line 158
PASS MeshGetNodeCount, ESMC_MeshVTKUTest.C, line 178
PASS MeshAddElements, ESMC_MeshVTKUTest.C, line 187
PASS MeshGetElementCount, ESMC_MeshVTKUTest.C, line 207
PASS MeshAddElements, ESMC_MeshVTKUTest.C, line 187
PASS MeshAddElements, ESMC_MeshVTKUTest.C, line 187
PASS MeshGetElementCount, ESMC_MeshVTKUTest.C, line 207
PASS MeshAddElements, ESMC_MeshVTKUTest.C, line 187
PASS MeshGetElementCount, ESMC_MeshVTKUTest.C, line 207
PASS MeshGetElementCount, ESMC_MeshVTKUTest.C, line 207
PASS MeshAddElements, ESMC_MeshVTKUTest.C, line 187
PASS MeshGetElementCount, ESMC_MeshVTKUTest.C, line 207
PASS MeshAddElements, ESMC_MeshVTKUTest.C, line 187
PASS MeshGetElementCount, ESMC_MeshVTKUTest.C, line 207
PASS MeshGetOwnedElementCount, ESMC_MeshVTKUTest.C, line 228
PASS MeshGetOwnedNodeCount, ESMC_MeshVTKUTest.C, line 249
PASS MeshGetOwnedElementCount, ESMC_MeshVTKUTest.C, line 228
PASS MeshGetOwnedNodeCount, ESMC_MeshVTKUTest.C, line 249
PASS MeshGetOwnedElementCount, ESMC_MeshVTKUTest.C, line 228
PASS MeshGetOwnedNodeCount, ESMC_MeshVTKUTest.C, line 249
PASS MeshGetOwnedElementCount, ESMC_MeshVTKUTest.C, line 228
PASS MeshGetOwnedNodeCount, ESMC_MeshVTKUTest.C, line 249
PASS MeshGetOwnedElementCount, ESMC_MeshVTKUTest.C, line 228
PASS MeshGetOwnedElementCount, ESMC_MeshVTKUTest.C, line 228
PASS MeshGetOwnedNodeCount, ESMC_MeshVTKUTest.C, line 249
PASS MeshGetOwnedNodeCount, ESMC_MeshVTKUTest.C, line 249
PASS MeshWrite, ESMC_MeshVTKUTest.C, line 269
PASS MeshWrite, ESMC_MeshVTKUTest.C, line 269
PASS MeshFreeMemory, ESMC_MeshVTKUTest.C, line 279
PASS MeshDestroy, ESMC_MeshVTKUTest.C, line 288
Ending Test, file ESMC_MeshVTKUTest.C, line 301
PASS MeshWrite, ESMC_MeshVTKUTest.C, line 269
PASS MeshFreeMemory, ESMC_MeshVTKUTest.C, line 279
PASS MeshDestroy, ESMC_MeshVTKUTest.C, line 288
Ending Test, file ESMC_MeshVTKUTest.C, line 301
PASS MeshFreeMemory, ESMC_MeshVTKUTest.C, line 279
PASS MeshDestroy, ESMC_MeshVTKUTest.C, line 288
Ending Test, file ESMC_MeshVTKUTest.C, line 301
PASS MeshWrite, ESMC_MeshVTKUTest.C, line 269
PASS MeshFreeMemory, ESMC_MeshVTKUTest.C, line 279
PASS MeshDestroy, ESMC_MeshVTKUTest.C, line 288
Ending Test, file ESMC_MeshVTKUTest.C, line 301
PASS MeshWrite, ESMC_MeshVTKUTest.C, line 269
PASS MeshFreeMemory, ESMC_MeshVTKUTest.C, line 279
PASS MeshDestroy, ESMC_MeshVTKUTest.C, line 288
Ending Test, file ESMC_MeshVTKUTest.C, line 301
PASS MeshWrite, ESMC_MeshVTKUTest.C, line 269
PASS MeshFreeMemory, ESMC_MeshVTKUTest.C, line 279
PASS MeshDestroy, ESMC_MeshVTKUTest.C, line 288
Ending Test, file ESMC_MeshVTKUTest.C, line 301
Ending Test, file ESMC_MeshVTKUTest.C, line 301 PET 1 Test Elapsed Time 70.927 msec.
Ending Test, file ESMC_MeshVTKUTest.C, line 301 PET 0 Test Elapsed Time 71.416 msec.
Ending Test, file ESMC_MeshVTKUTest.C, line 301 PET 2 Test Elapsed Time 71.877 msec.
Ending Test, file ESMC_MeshVTKUTest.C, line 301 PET 4 Test Elapsed Time 73.263 msec.
Ending Test, file ESMC_MeshVTKUTest.C, line 301 PET 5 Test Elapsed Time 72.325 msec.
Ending Test, file ESMC_MeshVTKUTest.C, line 301 PET 3 Test Elapsed Time 72.83 msec.
