2022-07-14 01:53:55
  Beginning Test, file ESMF_ExceptionsUTest.F90, line 26
  NUMBER_OF_PROCESSORS           2
  Beginning Test, file ESMF_ExceptionsUTest.F90, line 26
  NUMBER_OF_PROCESSORS           2
PASS Bare throw Test, ESMCI_ExceptionsSubr.C, line 67
PASS Bare throw Test, ESMCI_ExceptionsSubr.C, line 67
PASS Deep throw Test, ESMCI_ExceptionsSubr.C, line 82
PASS Deep throw Test, ESMCI_ExceptionsSubr.C, line 82
PASS ClassNoDestructor throw Test, ESMCI_ExceptionsSubr.C, line 97
PASS ClassNoDestructor throw Test, ESMCI_ExceptionsSubr.C, line 97
PASS ClassWithDestructor throw Test, ESMCI_ExceptionsSubr.C, line 112
  Ending Test, file ESMF_ExceptionsUTest.F90, line 44
  Ending Test, file ESMF_ExceptionsUTest.F90, line 44
PASS ClassWithDestructor throw Test, ESMCI_ExceptionsSubr.C, line 112
  PET           1  Test Elapsed Time    4.2330000000000005       msec.
  PET           0  Test Elapsed Time    4.2500000000000036       msec.
