2022-07-14 01:53:55
  Beginning Test, file ESMF_ArraySMMFromFileUTest.F90, line 104
  Beginning Test, file ESMF_ArraySMMFromFileUTest.F90, line 104
  Beginning Test, file ESMF_ArraySMMFromFileUTest.F90, line 104
  NUMBER_OF_PROCESSORS           4
  Beginning Test, file ESMF_ArraySMMFromFileUTest.F90, line 104
  NUMBER_OF_PROCESSORS           4
  NUMBER_OF_PROCESSORS           4
  NUMBER_OF_PROCESSORS           4
  PASS  ESMF_ArraySMMFromFile Unit Test, ESMF_ArraySMMFromFileUTest.F90, line 120
  PASS  ESMF_ArraySMMFromFile Unit Test, ESMF_ArraySMMFromFileUTest.F90, line 120
  PASS  ESMF_ArraySMMFromFile Unit Test, ESMF_ArraySMMFromFileUTest.F90, line 120
 test_smm_from_file_weights.nc - ESMF Offline Regridding Weight Generator
  
 Grid 1 min:    1.0005929367551678          Grid 1 max:    2.9994070632448326     
 Grid 2 min:    1.0005929367551678          Grid 2 max:    2.9994070632448326     
  
 Maximum negative weight =    0.0000000000000000     
 Maximum positive weight =    1.0000000000000000     
  
 Mean relative error     =    0.0000000000000000     
 Maximum relative error  =    0.0000000000000000     
 Least squares error     =    0.0000000000000000     
  
 Grid 1 area = 0.000000000000000
 Grid 2 area = 0.000000000000000
 Conservation error = 0.000000000000000
  PASS  ESMF_ArraySMMFromFile Unit Test, ESMF_ArraySMMFromFileUTest.F90, line 120
  PASS  ESMF_FieldSMMFromFile Unit Test, ESMF_ArraySMMFromFileUTest.F90, line 137
  PASS  ESMF_FieldSMMFromFile Unit Test, ESMF_ArraySMMFromFileUTest.F90, line 137
  PASS  ESMF_FieldSMMFromFile Unit Test, ESMF_ArraySMMFromFileUTest.F90, line 137
  Ending Test, file ESMF_ArraySMMFromFileUTest.F90, line 142
  Ending Test, file ESMF_ArraySMMFromFileUTest.F90, line 142
  Ending Test, file ESMF_ArraySMMFromFileUTest.F90, line 142
 test_smm_from_file_weights.nc - ESMF Offline Regridding Weight Generator
  
 Grid 1 min:    1.0005929367551678          Grid 1 max:    2.9994070632448326     
 Grid 2 min:    1.0005929367551678          Grid 2 max:    2.9994070632448326     
  
 Maximum negative weight =    0.0000000000000000     
 Maximum positive weight =    1.0000000000000000     
  
 Mean relative error     =    0.0000000000000000     
 Maximum relative error  =    0.0000000000000000     
 Least squares error     =    0.0000000000000000     
  
 Grid 1 area = 0.000000000000000
 Grid 2 area = 0.000000000000000
 Conservation error = 0.000000000000000
  PASS  ESMF_FieldSMMFromFile Unit Test, ESMF_ArraySMMFromFileUTest.F90, line 137
  Ending Test, file ESMF_ArraySMMFromFileUTest.F90, line 142
  PET           3  Test Elapsed Time    293.55099999999999       msec.
  PET           1  Test Elapsed Time    293.76299999999998       msec.
  PET           0  Test Elapsed Time    290.66000000000003       msec.
  PET           2  Test Elapsed Time    293.74099999999999       msec.
