Build timestamp from esmf.mk: 2022-06-28 15:20:12
  Beginning Test, file ESMF_AttributeStateUTest.F90, line 181
  NUMBER_OF_PROCESSORS           1
  PASS  Adding an empty value character Attribute to mobj Test, ESMF_AttributeStateUTest.F90, line 216
  PASS  Getting an empty value character Attribute from mobj Test, ESMF_AttributeStateUTest.F90, line 225
  PASS  Adding an empty value character Attribute to mobj Test 2, ESMF_AttributeStateUTest.F90, line 237
  PASS  Getting an empty value character Attribute from mobj Test 2, ESMF_AttributeStateUTest.F90, line 246
  PASS  Adding a long value character Attribute to mobj Test, ESMF_AttributeStateUTest.F90, line 263
  PASS  Use all ASCII characters as Attribute names on an Array Test, ESMF_AttributeStateUTest.F90, line 293
  PASS  Getting a nonexistent Attribute from mobj Test, ESMF_AttributeStateUTest.F90, line 305
  PASS  Adding an ESMF_I4 Attribute to mobj Test, ESMF_AttributeStateUTest.F90, line 317
  PASS  Getting an ESMF_I4 Attribute from mobj Test, ESMF_AttributeStateUTest.F90, line 329
  PASS  Removing an ESMF_I4 Attribute on mobj Test, ESMF_AttributeStateUTest.F90, line 337
  PASS  Removing an ESMF_I4 Attribute on mobj Test, again, ESMF_AttributeStateUTest.F90, line 346
  PASS  Getting a default ESMF_I4 Attribute from mobj Test, ESMF_AttributeStateUTest.F90, line 357
  PASS  Getting an ESMF_I4 Attribute isPresent flag from mobj Test, ESMF_AttributeStateUTest.F90, line 368
  PASS  Getting an ESMF_I4 Attribute error from mobj Test, ESMF_AttributeStateUTest.F90, line 376
  PASS  Adding a constant I4 Attribute to mobj Test, ESMF_AttributeStateUTest.F90, line 387
  PASS  Getting a constant I4 Attribute from mobj Test, ESMF_AttributeStateUTest.F90, line 396
  PASS  Adding an ESMF_I4l Attribute to mobj Test, ESMF_AttributeStateUTest.F90, line 409
  PASS  Getting an ESMF_I4l Attribute from mobj Test, ESMF_AttributeStateUTest.F90, line 421
  PASS  Removing an ESMF_I4l Attribute on mobj Test, ESMF_AttributeStateUTest.F90, line 429
  PASS  Removing an ESMF_I4l Attribute on mobj Test, again, ESMF_AttributeStateUTest.F90, line 438
  PASS  Getting a default ESMF_I4l Attribute from mobj Test, ESMF_AttributeStateUTest.F90, line 449
  PASS  Getting a wrong sized default Attribute I4 list from mobj test, ESMF_AttributeStateUTest.F90, line 459
  PASS  Getting an ESMF_I4l Attribute isPresent flag and itemCount from mobj Test, ESMF_AttributeStateUTest.F90, line 472
  PASS  Getting an ESMF_I4l Attribute isPresent flag from mobj Test, ESMF_AttributeStateUTest.F90, line 483
  PASS  Getting an ESMF_I4l Attribute itemCount from mobj Test, ESMF_AttributeStateUTest.F90, line 495
  PASS  Getting an ESMF_I4l Attribute error from mobj Test, ESMF_AttributeStateUTest.F90, line 504
  PASS  Adding a constant I4 list Attribute to mobj Test, ESMF_AttributeStateUTest.F90, line 516
  PASS  Getting a constant I4 list Attribute from mobj Test, ESMF_AttributeStateUTest.F90, line 526
  PASS  Adding an ESMF_I8 Attribute to mobj Test, ESMF_AttributeStateUTest.F90, line 538
  PASS  Getting an ESMF_I8 Attribute from mobj Test, ESMF_AttributeStateUTest.F90, line 550
  PASS  Removing an ESMF_I8 Attribute on mobj Test, ESMF_AttributeStateUTest.F90, line 558
  PASS  Removing an ESMF_I8 Attribute on mobj Test, again, ESMF_AttributeStateUTest.F90, line 567
  PASS  Getting a default ESMF_I8 Attribute from mobj Test, ESMF_AttributeStateUTest.F90, line 578
  PASS  Getting an ESMF_I8 Attribute isPresent flag from mobj Test, ESMF_AttributeStateUTest.F90, line 589
  PASS  Getting an ESMF_I8 Attribute error from mobj Test, ESMF_AttributeStateUTest.F90, line 597
  PASS  Adding a constant I8 Attribute to mobj Test, ESMF_AttributeStateUTest.F90, line 608
  PASS  Adding an ESMF_I8l Attribute to mobj Test, ESMF_AttributeStateUTest.F90, line 621
  PASS  Getting an ESMF_I8l Attribute from mobj Test, ESMF_AttributeStateUTest.F90, line 633
  PASS  Removing an ESMF_I8l Attribute on mobj Test, ESMF_AttributeStateUTest.F90, line 641
  PASS  Removing an ESMF_I8l Attribute on mobj Test, again, ESMF_AttributeStateUTest.F90, line 650
  PASS  Getting a default ESMF_I8l Attribute from mobj Test, ESMF_AttributeStateUTest.F90, line 661
  PASS  Getting a wrong sized default Attribute I8 list from mobj test, ESMF_AttributeStateUTest.F90, line 671
  PASS  Getting an ESMF_I8l Attribute isPresent flag and itemCount from mobj Test, ESMF_AttributeStateUTest.F90, line 684
  PASS  Getting an ESMF_I8l Attribute isPresent flag from mobj Test, ESMF_AttributeStateUTest.F90, line 695
  PASS  Getting an ESMF_I8l Attribute itemCount from mobj Test, ESMF_AttributeStateUTest.F90, line 707
  PASS  Getting an ESMF_I8l Attribute error from mobj Test, ESMF_AttributeStateUTest.F90, line 716
  PASS  Adding a constant I8 list Attribute to mobj Test, ESMF_AttributeStateUTest.F90, line 728
  PASS  Adding an ESMF_R4 Attribute to mobj Test, ESMF_AttributeStateUTest.F90, line 740
  PASS  Getting an ESMF_R4 Attribute from mobj Test, ESMF_AttributeStateUTest.F90, line 752
  PASS  Removing an ESMF_R4 Attribute on mobj Test, ESMF_AttributeStateUTest.F90, line 760
  PASS  Removing an ESMF_R4 Attribute on mobj Test, again, ESMF_AttributeStateUTest.F90, line 769
  PASS  Getting a default ESMF_R4 Attribute from mobj Test, ESMF_AttributeStateUTest.F90, line 780
  PASS  Getting an ESMF_R4 Attribute isPresent flag from mobj Test, ESMF_AttributeStateUTest.F90, line 791
  PASS  Getting an ESMF_R4 Attribute error from mobj Test, ESMF_AttributeStateUTest.F90, line 799
  PASS  Adding a constant R4 Attribute to mobj Test, ESMF_AttributeStateUTest.F90, line 810
  PASS  Getting a constant R4 Attribute from mobj Test, ESMF_AttributeStateUTest.F90, line 819
  PASS  Adding an ESMF_R4l Attribute to mobj Test, ESMF_AttributeStateUTest.F90, line 832
  PASS  Getting an ESMF_R4l Attribute from mobj Test, ESMF_AttributeStateUTest.F90, line 844
  PASS  Removing an ESMF_R4l Attribute on mobj Test, ESMF_AttributeStateUTest.F90, line 852
  PASS  Removing an ESMF_R4l Attribute on mobj Test, again, ESMF_AttributeStateUTest.F90, line 861
  PASS  Getting a default ESMF_R4l Attribute from mobj Test, ESMF_AttributeStateUTest.F90, line 872
  PASS  Getting a wrong sized default Attribute R4 list from mobj test, ESMF_AttributeStateUTest.F90, line 882
  PASS  Getting an ESMF_R4l Attribute isPresent flag and itemCount from mobj Test, ESMF_AttributeStateUTest.F90, line 895
  PASS  Getting an ESMF_R4l Attribute isPresent flag from mobj Test, ESMF_AttributeStateUTest.F90, line 906
  PASS  Getting an ESMF_R4l Attribute itemCount from mobj Test, ESMF_AttributeStateUTest.F90, line 918
  PASS  Getting an ESMF_R4l Attribute error from mobj Test, ESMF_AttributeStateUTest.F90, line 927
  PASS  Adding a constant R4 list Attribute to mobj Test, ESMF_AttributeStateUTest.F90, line 939
  PASS  Getting a constant R4 list Attribute from mobj Test, ESMF_AttributeStateUTest.F90, line 949
  PASS  Adding an ESMF_R8 Attribute to mobj Test, ESMF_AttributeStateUTest.F90, line 963
  PASS  Getting an ESMF_R8 Attribute from mobj Test, ESMF_AttributeStateUTest.F90, line 975
  PASS  Removing an ESMF_R8 Attribute on mobj Test, ESMF_AttributeStateUTest.F90, line 983
  PASS  Removing an ESMF_R8 Attribute on mobj Test, again, ESMF_AttributeStateUTest.F90, line 992
  PASS  Getting a default ESMF_R8 Attribute from mobj Test, ESMF_AttributeStateUTest.F90, line 1003
  PASS  Getting an ESMF_R8 Attribute isPresent flag from mobj Test, ESMF_AttributeStateUTest.F90, line 1014
  PASS  Getting an ESMF_R8 Attribute error from mobj Test, ESMF_AttributeStateUTest.F90, line 1022
  PASS  Adding a constant R8 Attribute to mobj Test, ESMF_AttributeStateUTest.F90, line 1033
  PASS  Adding an ESMF_R8l Attribute to mobj Test, ESMF_AttributeStateUTest.F90, line 1046
  PASS  Getting an ESMF_R8l Attribute from mobj Test, ESMF_AttributeStateUTest.F90, line 1058
  PASS  Removing an ESMF_R8l Attribute on mobj Test, ESMF_AttributeStateUTest.F90, line 1066
  PASS  Removing an ESMF_R8l Attribute on mobj Test, again, ESMF_AttributeStateUTest.F90, line 1075
  PASS  Getting a default ESMF_R8l Attribute from mobj Test, ESMF_AttributeStateUTest.F90, line 1086
  PASS  Getting a wrong sized default Attribute R8 list from mobj test, ESMF_AttributeStateUTest.F90, line 1096
  PASS  Getting an ESMF_R8l Attribute isPresent flag and itemCount from mobj Test, ESMF_AttributeStateUTest.F90, line 1109
  PASS  Getting an ESMF_R8l Attribute isPresent flag from mobj Test, ESMF_AttributeStateUTest.F90, line 1120
  PASS  Getting an ESMF_R8l Attribute itemCount from mobj Test, ESMF_AttributeStateUTest.F90, line 1132
  PASS  Getting an ESMF_R8l Attribute error from mobj Test, ESMF_AttributeStateUTest.F90, line 1141
  PASS  Adding a constant R8 list Attribute to mobj Test, ESMF_AttributeStateUTest.F90, line 1153
  PASS  Adding a char Attribute to mobj Test, ESMF_AttributeStateUTest.F90, line 1166
  PASS  Getting a char Attribute from mobj Test, ESMF_AttributeStateUTest.F90, line 1178
  PASS  Removing a char Attribute on mobj Test, ESMF_AttributeStateUTest.F90, line 1186
  PASS  Removing a char Attribute on mobj Test, again, ESMF_AttributeStateUTest.F90, line 1195
  PASS  Getting a default char Attribute from mobj Test, ESMF_AttributeStateUTest.F90, line 1206
  PASS  Getting a char Attribute isPresent flag from mobj Test, ESMF_AttributeStateUTest.F90, line 1217
  PASS  Getting a char Attribute error from mobj Test, ESMF_AttributeStateUTest.F90, line 1224
  PASS  Adding a constant character Attribute to mobj Test, ESMF_AttributeStateUTest.F90, line 1235
  PASS  Getting a constant character Attribute from mobj Test, ESMF_AttributeStateUTest.F90, line 1244
  PASS  Setting an Attribute char list on mobj test, ESMF_AttributeStateUTest.F90, line 1269
  PASS  Getting an Attribute char list from mobj test, ESMF_AttributeStateUTest.F90, line 1281
  PASS  Removing a Character list Attribute on mobj Test, ESMF_AttributeStateUTest.F90, line 1289
  PASS  Removing a Character list Attribute on mobj Test, again, ESMF_AttributeStateUTest.F90, line 1297
  PASS  Getting a default Attribute char list from mobj test, ESMF_AttributeStateUTest.F90, line 1307
  PASS  Getting a wrong sized default Attribute char list from mobj test, ESMF_AttributeStateUTest.F90, line 1316
  PASS  Getting an Attribute char list isPresent flag and itemCount from mobj test, ESMF_AttributeStateUTest.F90, line 1329
  PASS  Getting an Attribute char list isPresent flag from mobj test, ESMF_AttributeStateUTest.F90, line 1340
  PASS  Getting an Attribute char list itemCount from mobj test, ESMF_AttributeStateUTest.F90, line 1352
  PASS  Getting an Attribute char list error from mobj test, ESMF_AttributeStateUTest.F90, line 1361
  PASS  Adding a constant character list Attribute to mobj Test, ESMF_AttributeStateUTest.F90, line 1373
  PASS  Getting a constant character list Attribute from mobj Test, ESMF_AttributeStateUTest.F90, line 1384
  PASS  Setting Grid Attribute (type Fortran logical scalar), ESMF_AttributeStateUTest.F90, line 1398
  PASS  Getting Grid Attribute (type Fortran logical scalar), ESMF_AttributeStateUTest.F90, line 1411
  PASS  Removing a logical Attribute on mobj Test, ESMF_AttributeStateUTest.F90, line 1419
  PASS  Removing a logical Attribute on mobj Test, again, ESMF_AttributeStateUTest.F90, line 1428
  PASS  Getting Grid default Attribute (type Fortran logical scalar), ESMF_AttributeStateUTest.F90, line 1440
  PASS  Getting a logical Attribute isPresent flag on mobj test, ESMF_AttributeStateUTest.F90, line 1451
  PASS  Getting a logical Attribute error on mobj test, ESMF_AttributeStateUTest.F90, line 1459
  PASS  Adding a constant Logical Attribute to mobj Test, ESMF_AttributeStateUTest.F90, line 1470
  PASS  Getting a constant Logical Attribute from mobj Test, ESMF_AttributeStateUTest.F90, line 1479
  PASS  Setting Grid Attribute (type Fortran logical grid), ESMF_AttributeStateUTest.F90, line 1494
  PASS  Getting Grid Attribute (type Fortran logical grid), ESMF_AttributeStateUTest.F90, line 1508
  PASS  Removing a logical list Attribute on mobj Test, ESMF_AttributeStateUTest.F90, line 1516
  PASS  Removing a logical list Attribute on mobj Test, again, ESMF_AttributeStateUTest.F90, line 1525
  PASS  Getting Grid default Attribute (type Fortran logical grid), ESMF_AttributeStateUTest.F90, line 1537
  PASS  Getting a wrong sized default Attribute logical list from mobj test, ESMF_AttributeStateUTest.F90, line 1547
  PASS  Getting a logical list Attribute isPresent flag and itemCount on mobj test, ESMF_AttributeStateUTest.F90, line 1560
  PASS  Getting a logical list Attribute isPresent flag on mobj test, ESMF_AttributeStateUTest.F90, line 1571
  PASS  Getting a logical list Attribute itemCount on mobj test, ESMF_AttributeStateUTest.F90, line 1583
  PASS  Getting a logical list Attribute error on mobj test, ESMF_AttributeStateUTest.F90, line 1593
  PASS  Adding a constant Logical list Attribute to mobj Test, ESMF_AttributeStateUTest.F90, line 1605
  PASS  Getting a constant Logical list Attribute from mobj Test, ESMF_AttributeStateUTest.F90, line 1616
  PASS  Adding an ESMF_I4l Attribute to mobj Test, ESMF_AttributeStateUTest.F90, line 1633
  PASS  Getting an ESMF_I4l Attribute from mobj Test with short valueList, ESMF_AttributeStateUTest.F90, line 1643
  PASS  Getting an ESMF_I4l Attribute from mobj Test with long valueList, ESMF_AttributeStateUTest.F90, line 1653
  PASS  Adding an ESMF_I8l Attribute to mobj Test, ESMF_AttributeStateUTest.F90, line 1666
  PASS  Getting an ESMF_I8l Attribute from mobj Test with short valueList, ESMF_AttributeStateUTest.F90, line 1676
  PASS  Getting an ESMF_I8l Attribute from mobj Test with long valueList, ESMF_AttributeStateUTest.F90, line 1686
  PASS  Adding an ESMF_R4l Attribute to mobj Test, ESMF_AttributeStateUTest.F90, line 1699
  PASS  Getting an ESMF_R4l Attribute from mobj Test with short valueList, ESMF_AttributeStateUTest.F90, line 1709
  PASS  Getting an ESMF_R4l Attribute from mobj Test with long valueList, ESMF_AttributeStateUTest.F90, line 1719
  PASS  Adding an ESMF_R8l Attribute to mobj Test, ESMF_AttributeStateUTest.F90, line 1732
  PASS  Getting an ESMF_R8l Attribute from mobj Test with short valueList, ESMF_AttributeStateUTest.F90, line 1742
  PASS  Getting an ESMF_R8l Attribute from mobj Test with long valueList, ESMF_AttributeStateUTest.F90, line 1752
  PASS  Setting an Attribute char list on mobj test, ESMF_AttributeStateUTest.F90, line 1764
  PASS  Getting an Attribute char list from mobj test with short valueList, ESMF_AttributeStateUTest.F90, line 1774
  PASS  Getting a default Attribute char list from mobj test with long valueList, ESMF_AttributeStateUTest.F90, line 1784
  PASS  Setting an Attribute logical list on mobj test, ESMF_AttributeStateUTest.F90, line 1796
  PASS  Getting an logical list Attribute from mobj Test with short valueList, ESMF_AttributeStateUTest.F90, line 1806
  PASS  Getting an logical list Attribute from mobj Test with long valueList, ESMF_AttributeStateUTest.F90, line 1816
  PASS  Getting the Attribute count from a mobj Test, ESMF_AttributeStateUTest.F90, line 1832
  PASS  Getting Attribute info by name from a mobj Test, ESMF_AttributeStateUTest.F90, line 1845
  PASS  Getting Attribute info by name with isPresent flag, itemCount, and typekind from mobj Test, ESMF_AttributeStateUTest.F90, line 1863
  PASS  Getting Attribute info by name with typekind and itemCount from mobj Test, ESMF_AttributeStateUTest.F90, line 1878
  PASS  Getting Attribute info by name with typekind from mobj Test, ESMF_AttributeStateUTest.F90, line 1891
  PASS  Getting Attribute info by name with no args, will fail, from mobj Test, ESMF_AttributeStateUTest.F90, line 1899
  PASS  Getting Attribute info by num from a mobj Test, ESMF_AttributeStateUTest.F90, line 1913
  PASS  Setting a constant character Attribute on mobj Test, ESMF_AttributeStateUTest.F90, line 1938
  PASS  Copying mdesc Attribute hierarchy ALIAS Test, ESMF_AttributeStateUTest.F90, line 1947
  PASS  Getting a constant character Attribute from the alias mobj Test, ESMF_AttributeStateUTest.F90, line 1956
 imacharA
  PASS  Setting a constant character Attribute on mobj Test, ESMF_AttributeStateUTest.F90, line 1969
  PASS  Getting the .Attribute count from a mobj Test, ESMF_AttributeStateUTest.F90, line 1978
 count =            2
  PASS  Getting a constant character Attribute from the alias mobj Test, ESMF_AttributeStateUTest.F90, line 1989
 imacharA                                                                                                                                                                                                                                                        
  PASS  Copying mdesc Attribute hierarchy VALUE ONE LEVEL Test, ESMF_AttributeStateUTest.F90, line 1999
  PASS  Copying mdesc Attribute hierarchy HYBRID Test, ESMF_AttributeStateUTest.F90, line 2007
  PASS  Copy mdesc Attribute by reference to self Test, ESMF_AttributeStateUTest.F90, line 2016
  Ending Test, file ESMF_AttributeStateUTest.F90, line 2034
  PET           0  Test Elapsed Time    10.692000000000004       msec.
