2022-07-14 01:50:10
  Beginning Test, file ESMF_StateCreateUTest.F90, line 106
  Beginning Test, file ESMF_StateCreateUTest.F90, line 106
  Beginning Test, file ESMF_StateCreateUTest.F90, line 106
  Beginning Test, file ESMF_StateCreateUTest.F90, line 106
  NUMBER_OF_PROCESSORS           4
  NUMBER_OF_PROCESSORS           4
  NUMBER_OF_PROCESSORS           4
  NUMBER_OF_PROCESSORS           4
  PASS  Creating an empty State Test, ESMF_StateCreateUTest.F90, line 117
  PASS  Creating an empty State Test, ESMF_StateCreateUTest.F90, line 117
  PASS  Creating an empty State Test, ESMF_StateCreateUTest.F90, line 117
  PASS  Creating an empty State Test, ESMF_StateCreateUTest.F90, line 117
  PASS  State equality before assignment Test, ESMF_StateCreateUTest.F90, line 124
  PASS  State equality before assignment Test, ESMF_StateCreateUTest.F90, line 124
  PASS  State equality before assignment Test, ESMF_StateCreateUTest.F90, line 124
  PASS  State equality before assignment Test, ESMF_StateCreateUTest.F90, line 124
  PASS  State assignment and equality Test, ESMF_StateCreateUTest.F90, line 133
  PASS  State assignment and equality Test, ESMF_StateCreateUTest.F90, line 133
  PASS  State assignment and equality Test, ESMF_StateCreateUTest.F90, line 133
  PASS  State assignment and equality Test, ESMF_StateCreateUTest.F90, line 133
  PASS  StateDestroy Test, ESMF_StateCreateUTest.F90, line 140
  PASS  StateDestroy Test, ESMF_StateCreateUTest.F90, line 140
  PASS  StateDestroy Test, ESMF_StateCreateUTest.F90, line 140
  PASS  StateDestroy Test, ESMF_StateCreateUTest.F90, line 140
  PASS  State equality after destroy Test, ESMF_StateCreateUTest.F90, line 148
  PASS  State equality after destroy Test, ESMF_StateCreateUTest.F90, line 148
  PASS  State non-equality after destroy Test, ESMF_StateCreateUTest.F90, line 156
  PASS  State equality after destroy Test, ESMF_StateCreateUTest.F90, line 148
  PASS  State equality after destroy Test, ESMF_StateCreateUTest.F90, line 148
  PASS  State non-equality after destroy Test, ESMF_StateCreateUTest.F90, line 156
  PASS  Double StateDestroy through alias Test, ESMF_StateCreateUTest.F90, line 163
  PASS  State non-equality after destroy Test, ESMF_StateCreateUTest.F90, line 156
  PASS  State non-equality after destroy Test, ESMF_StateCreateUTest.F90, line 156
  PASS  Double StateDestroy through alias Test, ESMF_StateCreateUTest.F90, line 163
  PASS  Double StateDestroy through alias Test, ESMF_StateCreateUTest.F90, line 163
  PASS  Double StateDestroy through alias Test, ESMF_StateCreateUTest.F90, line 163
  PASS  Creating an empty State Test, ESMF_StateCreateUTest.F90, line 173
  PASS  Creating an empty State Test, ESMF_StateCreateUTest.F90, line 173
  PASS  Creating an empty State Test, ESMF_StateCreateUTest.F90, line 173
  PASS  Creating an empty State Test, ESMF_StateCreateUTest.F90, line 173
 ESMF_StatePrint: (pet 3):
 ESMF_StatePrint: (pet 0):
 ESMF_StatePrint: (pet 2):
  State name: Atmosphere Import
     status: Import State, object count: 0
  State name: Atmosphere Import
     status: Import State, object count: 0
 ESMF_StatePrint: (pet 1):
  State name: Atmosphere Import
     status: Import State, object count: 0
  State name: Atmosphere Import
     status: Import State, object count: 0
     reconcile needed: F
     reconcile needed: F
 Base name    = Atmosphere Import
     reconcile needed: F
 Base name    = Atmosphere Import
     reconcile needed: F
 Base name    = Atmosphere Import
 Base name    = Atmosphere Import
 Status: Base = Ready,  object = Ready
 Proxy        = no
 Root Info (Attributes):
 Status: Base = Ready,  object = Ready
 Proxy        = no
 Root Info (Attributes):
 Status: Base = Ready,  object = Ready
 Proxy        = no
 Root Info (Attributes):
 Status: Base = Ready,  object = Ready
 Proxy        = no
 Root Info (Attributes):
{}  PASS  Printing an empty State Test, ESMF_StateCreateUTest.F90, line 182
{}  PASS  Printing an empty State Test, ESMF_StateCreateUTest.F90, line 182
{}  PASS  Printing an empty State Test, ESMF_StateCreateUTest.F90, line 182
{}  PASS  Printing an empty State Test, ESMF_StateCreateUTest.F90, line 182
 testName: Atmosphere Import
  PASS  Getting name from an empty State Test, ESMF_StateCreateUTest.F90, line 191
 testName: Atmosphere Import
 testName: Atmosphere Import
  PASS  Getting name from an empty State Test, ESMF_StateCreateUTest.F90, line 191
 testName: Atmosphere Import
  PASS  Getting name from an empty State Test, ESMF_StateCreateUTest.F90, line 191
  PASS  Getting name from an empty State Test, ESMF_StateCreateUTest.F90, line 191
  PASS  Attach user method to an empty State Test, ESMF_StateCreateUTest.F90, line 200
  PASS  Attach user method to an empty State Test, ESMF_StateCreateUTest.F90, line 200
  PASS  Attach user method to an empty State Test, ESMF_StateCreateUTest.F90, line 200
  PASS  Attach user method to an empty State Test, ESMF_StateCreateUTest.F90, line 200
  PASS  Attach existing user method to an empty State Test, ESMF_StateCreateUTest.F90, line 209
  PASS  Attach existing user method to an empty State Test, ESMF_StateCreateUTest.F90, line 209
  PASS  Attach existing user method to an empty State Test, ESMF_StateCreateUTest.F90, line 209
  PASS  Attach existing user method to an empty State Test, ESMF_StateCreateUTest.F90, line 209
  PASS  Attach user method to an empty State Test, ESMF_StateCreateUTest.F90, line 219
  PASS  Attach user method to an empty State Test, ESMF_StateCreateUTest.F90, line 219
  PASS  Attach user method to an empty State Test, ESMF_StateCreateUTest.F90, line 219
  PASS  Attach user method to an empty State Test, ESMF_StateCreateUTest.F90, line 219
  PASS  Removing user method from empty State Test, ESMF_StateCreateUTest.F90, line 228
  PASS  Removing user method from empty State Test, ESMF_StateCreateUTest.F90, line 228
  PASS  Removing user method from empty State Test, ESMF_StateCreateUTest.F90, line 228
  PASS  Removing user method from empty State Test, ESMF_StateCreateUTest.F90, line 228
  PASS  Removing non-existing user method from empty State Test, ESMF_StateCreateUTest.F90, line 238
 Hi from myUserMethod
 ESMF_StatePrint: (pet 3):
  State name: Atmosphere Import
     status: Import State, object count: 0
     reconcile needed: F
 Base name    = Atmosphere Import
 Status: Base = Ready,  object = Ready
 Proxy        = no
 Root Info (Attributes):
{}  PASS  Executing user method in an empty State Test, ESMF_StateCreateUTest.F90, line 248
  PASS  Destroying an empty State Test, ESMF_StateCreateUTest.F90, line 258
  PASS  Container Create Test, ESMF_StateCreateUTest.F90, line 271
  PASS  Removing non-existing user method from empty State Test, ESMF_StateCreateUTest.F90, line 238
 Hi from myUserMethod
 ESMF_StatePrint: (pet 1):
  State name: Atmosphere Import
     status: Import State, object count: 0
     reconcile needed: F
 Base name    = Atmosphere Import
 Status: Base = Ready,  object = Ready
 Proxy        = no
 Root Info (Attributes):
  PASS  Container Add si Test, ESMF_StateCreateUTest.F90, line 285
{}  PASS  Executing user method in an empty State Test, ESMF_StateCreateUTest.F90, line 248
  PASS  Destroying an empty State Test, ESMF_StateCreateUTest.F90, line 258
Container::print() multipmap:item=0 key=testField1 value=0x347dba0
Container::print()      list:item=0 key=testField1 value=0x347dba0
  PASS  Container Print Test, ESMF_StateCreateUTest.F90, line 292
  PASS  Container Create Test, ESMF_StateCreateUTest.F90, line 271
  PASS  Container Get item Test, ESMF_StateCreateUTest.F90, line 300
 string in siwOut: test this string                                                                                                                                                                                                                                                
 string in si: test this string                                                                                                                                                                                                                                                
  PASS  Verify Container Get item Test, ESMF_StateCreateUTest.F90, line 309
  PASS  Container Add si Test, ESMF_StateCreateUTest.F90, line 285
  PASS  Container Get item Test, ESMF_StateCreateUTest.F90, line 319
 string in siw%si: test this string                                                                                                                                                                                                                                                
  PASS  Container Destroy Test, ESMF_StateCreateUTest.F90, line 330
Container::print() multipmap:item=0 key=testField1 value=0x347c940
Container::print()      list:item=0 key=testField1 value=0x347c940
  PASS  Container Print Test, ESMF_StateCreateUTest.F90, line 292
  PASS  Creating an empty export State Test, ESMF_StateCreateUTest.F90, line 347
  PASS  Container Get item Test, ESMF_StateCreateUTest.F90, line 300
  PASS  Creating an empty bundle for State Test, ESMF_StateCreateUTest.F90, line 356
 string in siwOut: test this string                                                                                                                                                                                                                                                
 string in si: test this string                                                                                                                                                                                                                                                
  PASS  Verify Container Get item Test, ESMF_StateCreateUTest.F90, line 309
  PASS  Container Get item Test, ESMF_StateCreateUTest.F90, line 319
 string in siw%si: test this string                                                                                                                                                                                                                                                
  PASS  Adding a FieldBundle to a State, ESMF_StateCreateUTest.F90, line 364
  PASS  Container Destroy Test, ESMF_StateCreateUTest.F90, line 330
 ESMF_StatePrint: (pet 3):
  State name: Ocean Export
     status: Export State, object count: 1
     reconcile needed: T
 Base name    = Ocean Export
  PASS  Creating an empty export State Test, ESMF_StateCreateUTest.F90, line 347
 Status: Base = Ready,  object = Ready
 Proxy        = no
 Root Info (Attributes):
  PASS  Removing non-existing user method from empty State Test, ESMF_StateCreateUTest.F90, line 238
  PASS  Creating an empty bundle for State Test, ESMF_StateCreateUTest.F90, line 356
 Hi from myUserMethod
{}     object: 1,name: Surface pressure
            type: FieldBundle
 ESMF_StatePrint: (pet 2):
  State name: Atmosphere Import
     status: Import State, object count: 0
     reconcile needed: F
  PASS  Printing a State with 1 FieldBundle, ESMF_StateCreateUTest.F90, line 372
 Base name    = Atmosphere Import
 Status: Base = Ready,  object = Ready
 Proxy        = no
 Root Info (Attributes):
  PASS  Adding a FieldBundle to a State, ESMF_StateCreateUTest.F90, line 364
{}  PASS  Executing user method in an empty State Test, ESMF_StateCreateUTest.F90, line 248
  PASS  Creating an empty bundle for State Test, ESMF_StateCreateUTest.F90, line 381
 ESMF_StatePrint: (pet 1):
  State name: Ocean Export
     status: Export State, object count: 1
     reconcile needed: T
 Base name    = Ocean Export
  PASS  Destroying an empty State Test, ESMF_StateCreateUTest.F90, line 258
  PASS  Adding a second FieldBundle to a State, ESMF_StateCreateUTest.F90, line 389
 Status: Base = Ready,  object = Ready
 Proxy        = no
 Root Info (Attributes):
  PASS  Container Create Test, ESMF_StateCreateUTest.F90, line 271
 ESMF_StatePrint: (pet 3):
  State name: Ocean Export
     status: Export State, object count: 2
     reconcile needed: T
 Base name    = Ocean Export
 Status: Base = Ready,  object = Ready
{}     object: 1,name: Surface pressure
            type: FieldBundle
  PASS  Printing a State with 1 FieldBundle, ESMF_StateCreateUTest.F90, line 372
 Proxy        = no
 Root Info (Attributes):
{}     object: 1,name: Surface pressure
            type: FieldBundle
     object: 2,name: Temperature
            type: FieldBundle
  PASS  Creating an empty bundle for State Test, ESMF_StateCreateUTest.F90, line 381
  PASS  Printing a State with 2 FieldBundles, ESMF_StateCreateUTest.F90, line 397
  PASS  Adding a second FieldBundle to a State, ESMF_StateCreateUTest.F90, line 389
  PASS  Container Add si Test, ESMF_StateCreateUTest.F90, line 285
  PASS  Getting a FieldBundle from a State by name, ESMF_StateCreateUTest.F90, line 405
 ESMF_StatePrint: (pet 1):
  State name: Ocean Export
     status: Export State, object count: 2
  PASS  Destroying a State, ESMF_StateCreateUTest.F90, line 413
     reconcile needed: T
 Base name    = Ocean Export
 Status: Base = Ready,  object = Ready
 Proxy        = no
 Root Info (Attributes):
Container::print() multipmap:item=0 key=testField1 value=0x347ca00
Container::print()      list:item=0 key=testField1 value=0x347ca00
  PASS  Container Print Test, ESMF_StateCreateUTest.F90, line 292
{}     object: 1,name: Surface pressure
            type: FieldBundle
     object: 2,name: Temperature
  PASS  Destroying a FieldBundle, ESMF_StateCreateUTest.F90, line 421
  PASS  Destroying a FieldBundle, ESMF_StateCreateUTest.F90, line 429
            type: FieldBundle
  PASS  Printing a State with 2 FieldBundles, ESMF_StateCreateUTest.F90, line 397
  PASS  Container Get item Test, ESMF_StateCreateUTest.F90, line 300
 string in siwOut: test this string                                                                                                                                                                                                                                                
 string in si: test this string                                                                                                                                                                                                                                                
  PASS  Creating a State, ESMF_StateCreateUTest.F90, line 439
  PASS  Getting a FieldBundle from a State by name, ESMF_StateCreateUTest.F90, line 405
  PASS  Verify Container Get item Test, ESMF_StateCreateUTest.F90, line 309
  PASS  Destroying a State, ESMF_StateCreateUTest.F90, line 413
  PASS  Container Get item Test, ESMF_StateCreateUTest.F90, line 319
 string in siw%si: test this string                                                                                                                                                                                                                                                
  PASS  Destroying a FieldBundle, ESMF_StateCreateUTest.F90, line 421
  PASS  Container Destroy Test, ESMF_StateCreateUTest.F90, line 330
  PASS  Destroying a FieldBundle, ESMF_StateCreateUTest.F90, line 429
  PASS  Creating an empty export State Test, ESMF_StateCreateUTest.F90, line 347
  PASS  Creating a State, ESMF_StateCreateUTest.F90, line 439
  PASS  Creating an empty bundle for State Test, ESMF_StateCreateUTest.F90, line 356
  PASS  Adding a FieldBundle to a State, ESMF_StateCreateUTest.F90, line 364
 ESMF_StatePrint: (pet 2):
  State name: Ocean Export
     status: Export State, object count: 1
     reconcile needed: T
 Base name    = Ocean Export
 Status: Base = Ready,  object = Ready
 Proxy        = no
 Root Info (Attributes):
{}     object: 1,name: Surface pressure
            type: FieldBundle
  PASS  Printing a State with 1 FieldBundle, ESMF_StateCreateUTest.F90, line 372
  PASS  Creating an empty bundle for State Test, ESMF_StateCreateUTest.F90, line 381
  PASS  Adding a second FieldBundle to a State, ESMF_StateCreateUTest.F90, line 389
 ESMF_StatePrint: (pet 2):
  State name: Ocean Export
     status: Export State, object count: 2
     reconcile needed: T
 Base name    = Ocean Export
 Status: Base = Ready,  object = Ready
 Proxy        = no
 Root Info (Attributes):
{}     object: 1,name: Surface pressure
            type: FieldBundle
     object: 2,name: Temperature
            type: FieldBundle
  PASS  Printing a State with 2 FieldBundles, ESMF_StateCreateUTest.F90, line 397
  PASS  Removing non-existing user method from empty State Test, ESMF_StateCreateUTest.F90, line 238
  PASS  Adding a name only, ESMF_StateCreateUTest.F90, line 449
  PASS  Getting a FieldBundle from a State by name, ESMF_StateCreateUTest.F90, line 405
 Hi from myUserMethod
  PASS  Destroying a State, ESMF_StateCreateUTest.F90, line 413
 ESMF_StatePrint: (pet 0):
  State name: Atmosphere Import
     status: Import State, object count: 0
     reconcile needed: F
  PASS  Adding a name only, ESMF_StateCreateUTest.F90, line 449
  PASS  Marking an item needed, ESMF_StateCreateUTest.F90, line 459
 Base name    = Atmosphere Import
 Status: Base = Ready,  object = Ready
 Proxy        = no
 Root Info (Attributes):
  PASS  Destroying a FieldBundle, ESMF_StateCreateUTest.F90, line 421
{}  PASS  Executing user method in an empty State Test, ESMF_StateCreateUTest.F90, line 248
  PASS  Destroying a FieldBundle, ESMF_StateCreateUTest.F90, line 429
  PASS  Marking an item needed, ESMF_StateCreateUTest.F90, line 459
  PASS  Creating a State, ESMF_StateCreateUTest.F90, line 439
  PASS  Destroying an empty State Test, ESMF_StateCreateUTest.F90, line 258
  PASS  Container Create Test, ESMF_StateCreateUTest.F90, line 271
  PASS  Querying if an item is needed, ESMF_StateCreateUTest.F90, line 468
  PASS  Querying if an item is needed, ESMF_StateCreateUTest.F90, line 468
  PASS  Container Add si Test, ESMF_StateCreateUTest.F90, line 285
  PASS  Creating a FieldBundle, ESMF_StateCreateUTest.F90, line 476
  PASS  Creating a FieldBundle, ESMF_StateCreateUTest.F90, line 476
  PASS  Replacing a name placeholder with a bundle, ESMF_StateCreateUTest.F90, line 484
Container::print() multipmap:item=0 key=testField1 value=0x347daa0
Container::print()      list:item=0 key=testField1 value=0x347daa0
  PASS  Container Print Test, ESMF_StateCreateUTest.F90, line 292
  PASS  Replacing a name placeholder with a bundle, ESMF_StateCreateUTest.F90, line 484
  PASS  Destroying a State, ESMF_StateCreateUTest.F90, line 493
  PASS  Destroying a State, ESMF_StateCreateUTest.F90, line 493
  PASS  Container Get item Test, ESMF_StateCreateUTest.F90, line 300
  PASS  Destroying a FieldBundle, ESMF_StateCreateUTest.F90, line 501
 string in siwOut: test this string                                                                                                                                                                                                                                                
 string in si: test this string                                                                                                                                                                                                                                                
  PASS  Destroying a FieldBundle, ESMF_StateCreateUTest.F90, line 501
  PASS  Verify Container Get item Test, ESMF_StateCreateUTest.F90, line 309
  PASS  Creating a State for nested State test, ESMF_StateCreateUTest.F90, line 517
  PASS  Creating a State for nested State test, ESMF_StateCreateUTest.F90, line 517
  PASS  Creating a State, ESMF_StateCreateUTest.F90, line 526
  PASS  Container Get item Test, ESMF_StateCreateUTest.F90, line 319
  PASS  Creating a State, ESMF_StateCreateUTest.F90, line 526
 string in siw%si: test this string                                                                                                                                                                                                                                                
  PASS  Container Destroy Test, ESMF_StateCreateUTest.F90, line 330
  PASS  Creating an empty bundle for nested State Test, ESMF_StateCreateUTest.F90, line 535
  PASS  Creating an empty bundle for nested State Test, ESMF_StateCreateUTest.F90, line 535
  PASS  Creating an empty export State Test, ESMF_StateCreateUTest.F90, line 347
  PASS  Adding a FieldBundle to a nested State, ESMF_StateCreateUTest.F90, line 543
  PASS  Adding a FieldBundle to a nested State, ESMF_StateCreateUTest.F90, line 543
  PASS  Creating an empty bundle for State Test, ESMF_StateCreateUTest.F90, line 356
  PASS  Adding a name only, ESMF_StateCreateUTest.F90, line 449
  PASS  Add a nested State into another State, ESMF_StateCreateUTest.F90, line 551
  PASS  Add a nested State into another State, ESMF_StateCreateUTest.F90, line 551
  PASS  Creating a State, ESMF_StateCreateUTest.F90, line 560
  PASS  Marking an item needed, ESMF_StateCreateUTest.F90, line 459
  PASS  Adding a FieldBundle to a State, ESMF_StateCreateUTest.F90, line 364
  PASS  Creating a State, ESMF_StateCreateUTest.F90, line 560
 ESMF_StatePrint: (pet 0):
  State name: Ocean Export
     status: Export State, object count: 1
  PASS  Add a second nested State into another State, ESMF_StateCreateUTest.F90, line 568
  PASS  Add a second nested State into another State, ESMF_StateCreateUTest.F90, line 568
     reconcile needed: T
 Base name    = Ocean Export
 Status: Base = Ready,  object = Ready
 Proxy        = no
 Root Info (Attributes):
  PASS  Validating a nested State - single level, ESMF_StateCreateUTest.F90, line 576
  PASS  Validating a nested State - single level, ESMF_StateCreateUTest.F90, line 576
{}     object: 1,name: Surface pressure
            type: FieldBundle
  PASS  Validating a nested State - nested, ESMF_StateCreateUTest.F90, line 584
  PASS  Printing a State with 1 FieldBundle, ESMF_StateCreateUTest.F90, line 372
  PASS  Validating a nested State - nested, ESMF_StateCreateUTest.F90, line 584
 ESMF_StatePrint: (pet 1):
  State name: Coupler Statelist
     status: Unspecified intent direction, object count: 2
  PASS  Querying if an item is needed, ESMF_StateCreateUTest.F90, line 468
 ESMF_StatePrint: (pet 3):
  State name: Coupler Statelist
     status: Unspecified intent direction, object count: 2
     reconcile needed: T
  PASS  Creating an empty bundle for State Test, ESMF_StateCreateUTest.F90, line 381
     reconcile needed: T
 Base name    = Coupler Statelist
 Status: Base = Ready,  object = Ready
 Proxy        = no
 Root Info (Attributes):
 Base name    = Coupler Statelist
 Status: Base = Ready,  object = Ready
 Proxy        = no
 Root Info (Attributes):
  PASS  Adding a second FieldBundle to a State, ESMF_StateCreateUTest.F90, line 389
{}     object: 1,name: Atmosphere Import
            type: State, proxy flag: no
     object: 2,name: Ocean Export
            type: State, proxy flag: no
  PASS  Creating a FieldBundle, ESMF_StateCreateUTest.F90, line 476
  PASS  Replacing a name placeholder with a bundle, ESMF_StateCreateUTest.F90, line 484
{}     object: 1,name: Atmosphere Import
            type: State, proxy flag: no
     object: 2,name: Ocean Export
            type: State, proxy flag: no
  PASS  Printing a nested State - single level, ESMF_StateCreateUTest.F90, line 592
 ESMF_StatePrint: (pet 0):
  State name: Ocean Export
     status: Export State, object count: 2
     reconcile needed: T
 Base name    = Ocean Export
  PASS  Printing a nested State - single level, ESMF_StateCreateUTest.F90, line 592
 Status: Base = Ready,  object = Ready
 Proxy        = no
 Root Info (Attributes):
{}     object: 1,name: Surface pressure
 testName: Atmosphere Import
  PASS  Getting a FieldBundle from a nested State, ESMF_StateCreateUTest.F90, line 603
  PASS  Destroying a State, ESMF_StateCreateUTest.F90, line 493
  PASS  Destroying a FieldBundle, ESMF_StateCreateUTest.F90, line 501
 testName: Atmosphere Import
  PASS  Getting a FieldBundle from a nested State, ESMF_StateCreateUTest.F90, line 603
            type: FieldBundle
     object: 2,name: Temperature
            type: FieldBundle
  PASS  Printing a State with 2 FieldBundles, ESMF_StateCreateUTest.F90, line 397
 item count:            2
  PASS  Getting item count from a nested State - single level, ESMF_StateCreateUTest.F90, line 613
 item count:            2
  PASS  Getting item count from a nested State - single level, ESMF_StateCreateUTest.F90, line 613
  PASS  Getting a FieldBundle from a State by name, ESMF_StateCreateUTest.F90, line 405
  PASS  Creating a State for nested State test, ESMF_StateCreateUTest.F90, line 517
  PASS  Getting item name list from a nested State - single level, ESMF_StateCreateUTest.F90, line 623
  PASS  Creating a State, ESMF_StateCreateUTest.F90, line 526
  PASS  Destroying a State, ESMF_StateCreateUTest.F90, line 413
  PASS  Getting item name list from a nested State - single level, ESMF_StateCreateUTest.F90, line 623
  PASS  Creating an empty bundle for nested State Test, ESMF_StateCreateUTest.F90, line 535
  PASS  Destroying a FieldBundle, ESMF_StateCreateUTest.F90, line 421
  PASS  Getting item type list from a nested State - single level, ESMF_StateCreateUTest.F90, line 633
  PASS  Getting item type list from a nested State - single level, ESMF_StateCreateUTest.F90, line 633
 size(names) =           2
  PASS  Destroying a FieldBundle, ESMF_StateCreateUTest.F90, line 429
 size(names) =           2
 ESMF_STATEITEM_STATE:       Atmosphere Import
 ESMF_STATEITEM_STATE:       Ocean Export
 ESMF_StatePrint: (pet 1):
  State name: Coupler Statelist
     status: Unspecified intent direction, object count: 2
  PASS  Adding a FieldBundle to a nested State, ESMF_StateCreateUTest.F90, line 543
  PASS  Add a nested State into another State, ESMF_StateCreateUTest.F90, line 551
 ESMF_STATEITEM_STATE:       Atmosphere Import
 ESMF_STATEITEM_STATE:       Ocean Export
 ESMF_StatePrint: (pet 3):
  State name: Coupler Statelist
     status: Unspecified intent direction, object count: 2
     reconcile needed: T
 Base name    = Coupler Statelist
  PASS  Creating a State, ESMF_StateCreateUTest.F90, line 439
     reconcile needed: T
 Base name    = Coupler Statelist
 Status: Base = Ready,  object = Ready
 Proxy        = no
 Root Info (Attributes):
{}     object: 1,name: Atmosphere Import
 Status: Base = Ready,  object = Ready
 Proxy        = no
 Root Info (Attributes):
{}     object: 1,name: Atmosphere Import
            type: State, proxy flag: no
 -> State name: Atmosphere Import
 ->    status: Import State, object count: 1
 ->    reconcile needed: F
  PASS  Creating a State, ESMF_StateCreateUTest.F90, line 560
            type: State, proxy flag: no
 -> State name: Atmosphere Import
 ->    status: Import State, object count: 1
 ->    reconcile needed: F
 -> Base name    = Atmosphere Import
 -> Base name    = Atmosphere Import
 Status: Base = Ready,  object = Ready
 Proxy        = no
 Root Info (Attributes):
  PASS  Add a second nested State into another State, ESMF_StateCreateUTest.F90, line 568
 Status: Base = Ready,  object = Ready
 Proxy        = no
 Root Info (Attributes):
{} ->  ->  object: 1,name: Temperature
 ->           type: FieldBundle, proxy flag: no
{} ->  ->  object: 1,name: Temperature
 ->           type: FieldBundle, proxy flag: no
     object: 2,name: Ocean Export
            type: State, proxy flag: no
 -> State name: Ocean Export
 ->    status: Export State, object count: 0
 ->    reconcile needed: F
  PASS  Validating a nested State - single level, ESMF_StateCreateUTest.F90, line 576
     object: 2,name: Ocean Export
            type: State, proxy flag: no
 -> State name: Ocean Export
 ->    status: Export State, object count: 0
 ->    reconcile needed: F
 -> Base name    = Ocean Export
 -> Base name    = Ocean Export
 Status: Base = Ready,  object = Ready
 Proxy        = no
 Root Info (Attributes):
  PASS  Validating a nested State - nested, ESMF_StateCreateUTest.F90, line 584
 Status: Base = Ready,  object = Ready
 Proxy        = no
 Root Info (Attributes):
{}  PASS  Printing a nested State - nested, ESMF_StateCreateUTest.F90, line 644
{}  PASS  Printing a nested State - nested, ESMF_StateCreateUTest.F90, line 644
 ESMF_StatePrint: (pet 2):
  State name: Coupler Statelist
 nested item count:            3
  PASS  Getting item count from a nested State - nested, ESMF_StateCreateUTest.F90, line 655
     status: Unspecified intent direction, object count: 2
     reconcile needed: T
 Base name    = Coupler Statelist
 nested item count:            3
  PASS  Getting item count from a nested State - nested, ESMF_StateCreateUTest.F90, line 655
  PASS  Getting item name list from a nested State - nested, ESMF_StateCreateUTest.F90, line 666
 Status: Base = Ready,  object = Ready
 Proxy        = no
 Root Info (Attributes):
{}     object: 1,name: Atmosphere Import
            type: State, proxy flag: no
     object: 2,name: Ocean Export
            type: State, proxy flag: no
  PASS  Getting item name list from a nested State - nested, ESMF_StateCreateUTest.F90, line 666
  PASS  Getting item type list from a nested State - nested, ESMF_StateCreateUTest.F90, line 676
  PASS  Printing a nested State - single level, ESMF_StateCreateUTest.F90, line 592
  PASS  Getting item type list from a nested State - nested, ESMF_StateCreateUTest.F90, line 676
 size(names) =           3
 ESMF_STATEITEM_STATE:       Atmosphere Import
 ESMF_STATEITEM_FIELDBUNDLE: Atmosphere Import/Temperature
 ESMF_STATEITEM_STATE:       Ocean Export
 size(names) =           3
 ESMF_STATEITEM_STATE:       Atmosphere Import
 ESMF_STATEITEM_FIELDBUNDLE: Atmosphere Import/Temperature
 ESMF_STATEITEM_STATE:       Ocean Export
 testName: Atmosphere Import
  PASS  Getting a FieldBundle from a nested State, ESMF_StateCreateUTest.F90, line 603
  PASS  Getting nested non-existant FieldBundle from a nested State using nestedFlag, ESMF_StateCreateUTest.F90, line 698
 item count:            2
  PASS  Getting item count from a nested State - single level, ESMF_StateCreateUTest.F90, line 613
  PASS  Getting nested non-existant FieldBundle from a nested State using nestedFlag, ESMF_StateCreateUTest.F90, line 698
  PASS  Getting nested FieldBundle from a nested State using path style, ESMF_StateCreateUTest.F90, line 707
  PASS  Getting nested FieldBundle from a nested State using path style, ESMF_StateCreateUTest.F90, line 707
  PASS  Getting item name list from a nested State - single level, ESMF_StateCreateUTest.F90, line 623
  PASS  Getting item type list from a nested State - single level, ESMF_StateCreateUTest.F90, line 633
  PASS  Getting nested FieldBundle from a nested State using path style - bad end item, ESMF_StateCreateUTest.F90, line 716
  PASS  Getting nested FieldBundle from a nested State using path style - bad end item, ESMF_StateCreateUTest.F90, line 716
 size(names) =           2
 ESMF_STATEITEM_STATE:       Atmosphere Import
 ESMF_STATEITEM_STATE:       Ocean Export
 ESMF_StatePrint: (pet 2):
  State name: Coupler Statelist
     status: Unspecified intent direction, object count: 2
     reconcile needed: T
  PASS  Adding a name only, ESMF_StateCreateUTest.F90, line 449
  PASS  Getting nested non-existant FieldBundle from a nested State using path style - bad nested name, ESMF_StateCreateUTest.F90, line 725
 Base name    = Coupler Statelist
 Status: Base = Ready,  object = Ready
 Proxy        = no
 Root Info (Attributes):
{}     object: 1,name: Atmosphere Import
            type: State, proxy flag: no
 -> State name: Atmosphere Import
  PASS  Getting nested non-existant FieldBundle from a nested State using path style - bad nested name, ESMF_StateCreateUTest.F90, line 725
  PASS  Marking an item needed, ESMF_StateCreateUTest.F90, line 459
  PASS  Destroying a State, ESMF_StateCreateUTest.F90, line 744
  PASS  Destroying a State, ESMF_StateCreateUTest.F90, line 752
 ->    status: Import State, object count: 1
 ->    reconcile needed: F
 -> Base name    = Atmosphere Import
 Status: Base = Ready,  object = Ready
 Proxy        = no
 Root Info (Attributes):
{} ->  ->  object: 1,name: Temperature
 ->           type: FieldBundle, proxy flag: no
  PASS  Destroying a State, ESMF_StateCreateUTest.F90, line 744
  PASS  Destroying a State, ESMF_StateCreateUTest.F90, line 752
  PASS  Destroying a State, ESMF_StateCreateUTest.F90, line 760
     object: 2,name: Ocean Export
            type: State, proxy flag: no
 -> State name: Ocean Export
 ->    status: Export State, object count: 0
 ->    reconcile needed: F
 -> Base name    = Ocean Export
 Status: Base = Ready,  object = Ready
 Proxy        = no
 Root Info (Attributes):
  PASS  Destroying a State, ESMF_StateCreateUTest.F90, line 760
  PASS  Create a State, ESMF_StateCreateUTest.F90, line 774
{}  PASS  Printing a nested State - nested, ESMF_StateCreateUTest.F90, line 644
  PASS  Destroying a State, ESMF_StateCreateUTest.F90, line 786
  PASS  Create a State, ESMF_StateCreateUTest.F90, line 774
  PASS  Destroying a State, ESMF_StateCreateUTest.F90, line 786
 nested item count:            3
  PASS  Getting item count from a nested State - nested, ESMF_StateCreateUTest.F90, line 655
  Ending Test, file ESMF_StateCreateUTest.F90, line 799
  PASS  Querying if an item is needed, ESMF_StateCreateUTest.F90, line 468
  PASS  Getting item name list from a nested State - nested, ESMF_StateCreateUTest.F90, line 666
  Ending Test, file ESMF_StateCreateUTest.F90, line 799
  PASS  Getting item type list from a nested State - nested, ESMF_StateCreateUTest.F90, line 676
  PASS  Creating a FieldBundle, ESMF_StateCreateUTest.F90, line 476
 size(names) =           3
 ESMF_STATEITEM_STATE:       Atmosphere Import
 ESMF_STATEITEM_FIELDBUNDLE: Atmosphere Import/Temperature
 ESMF_STATEITEM_STATE:       Ocean Export
  PASS  Replacing a name placeholder with a bundle, ESMF_StateCreateUTest.F90, line 484
  PASS  Getting nested non-existant FieldBundle from a nested State using nestedFlag, ESMF_StateCreateUTest.F90, line 698
  PASS  Destroying a State, ESMF_StateCreateUTest.F90, line 493
  PASS  Getting nested FieldBundle from a nested State using path style, ESMF_StateCreateUTest.F90, line 707
  PASS  Destroying a FieldBundle, ESMF_StateCreateUTest.F90, line 501
  PASS  Creating a State for nested State test, ESMF_StateCreateUTest.F90, line 517
  PASS  Getting nested FieldBundle from a nested State using path style - bad end item, ESMF_StateCreateUTest.F90, line 716
  PASS  Creating a State, ESMF_StateCreateUTest.F90, line 526
  PASS  Creating an empty bundle for nested State Test, ESMF_StateCreateUTest.F90, line 535
  PASS  Getting nested non-existant FieldBundle from a nested State using path style - bad nested name, ESMF_StateCreateUTest.F90, line 725
  PASS  Adding a FieldBundle to a nested State, ESMF_StateCreateUTest.F90, line 543
  PASS  Destroying a State, ESMF_StateCreateUTest.F90, line 744
  PASS  Destroying a State, ESMF_StateCreateUTest.F90, line 752
  PASS  Add a nested State into another State, ESMF_StateCreateUTest.F90, line 551
  PASS  Destroying a State, ESMF_StateCreateUTest.F90, line 760
  PASS  Creating a State, ESMF_StateCreateUTest.F90, line 560
  PASS  Create a State, ESMF_StateCreateUTest.F90, line 774
  PASS  Add a second nested State into another State, ESMF_StateCreateUTest.F90, line 568
  PASS  Destroying a State, ESMF_StateCreateUTest.F90, line 786
  PASS  Validating a nested State - single level, ESMF_StateCreateUTest.F90, line 576
  Ending Test, file ESMF_StateCreateUTest.F90, line 799
  PASS  Validating a nested State - nested, ESMF_StateCreateUTest.F90, line 584
 ESMF_StatePrint: (pet 0):
  State name: Coupler Statelist
     status: Unspecified intent direction, object count: 2
     reconcile needed: T
 Base name    = Coupler Statelist
 Status: Base = Ready,  object = Ready
 Proxy        = no
 Root Info (Attributes):
{}     object: 1,name: Atmosphere Import
            type: State, proxy flag: no
     object: 2,name: Ocean Export
            type: State, proxy flag: no
  PASS  Printing a nested State - single level, ESMF_StateCreateUTest.F90, line 592
 testName: Atmosphere Import
  PASS  Getting a FieldBundle from a nested State, ESMF_StateCreateUTest.F90, line 603
 item count:            2
  PASS  Getting item count from a nested State - single level, ESMF_StateCreateUTest.F90, line 613
  PASS  Getting item name list from a nested State - single level, ESMF_StateCreateUTest.F90, line 623
  PASS  Getting item type list from a nested State - single level, ESMF_StateCreateUTest.F90, line 633
 size(names) =           2
 ESMF_STATEITEM_STATE:       Atmosphere Import
 ESMF_STATEITEM_STATE:       Ocean Export
 ESMF_StatePrint: (pet 0):
  State name: Coupler Statelist
     status: Unspecified intent direction, object count: 2
     reconcile needed: T
 Base name    = Coupler Statelist
 Status: Base = Ready,  object = Ready
 Proxy        = no
 Root Info (Attributes):
{}     object: 1,name: Atmosphere Import
            type: State, proxy flag: no
 -> State name: Atmosphere Import
 ->    status: Import State, object count: 1
 ->    reconcile needed: F
 -> Base name    = Atmosphere Import
 Status: Base = Ready,  object = Ready
 Proxy        = no
 Root Info (Attributes):
{} ->  ->  object: 1,name: Temperature
 ->           type: FieldBundle, proxy flag: no
     object: 2,name: Ocean Export
            type: State, proxy flag: no
 -> State name: Ocean Export
 ->    status: Export State, object count: 0
 ->    reconcile needed: F
 -> Base name    = Ocean Export
 Status: Base = Ready,  object = Ready
 Proxy        = no
 Root Info (Attributes):
{}  PASS  Printing a nested State - nested, ESMF_StateCreateUTest.F90, line 644
 nested item count:            3
  PASS  Getting item count from a nested State - nested, ESMF_StateCreateUTest.F90, line 655
  PASS  Getting item name list from a nested State - nested, ESMF_StateCreateUTest.F90, line 666
  PASS  Getting item type list from a nested State - nested, ESMF_StateCreateUTest.F90, line 676
 size(names) =           3
 ESMF_STATEITEM_STATE:       Atmosphere Import
 ESMF_STATEITEM_FIELDBUNDLE: Atmosphere Import/Temperature
 ESMF_STATEITEM_STATE:       Ocean Export
  PASS  Getting nested non-existant FieldBundle from a nested State using nestedFlag, ESMF_StateCreateUTest.F90, line 698
  PASS  Getting nested FieldBundle from a nested State using path style, ESMF_StateCreateUTest.F90, line 707
  PASS  Getting nested FieldBundle from a nested State using path style - bad end item, ESMF_StateCreateUTest.F90, line 716
  PASS  Getting nested non-existant FieldBundle from a nested State using path style - bad nested name, ESMF_StateCreateUTest.F90, line 725
  PASS  Destroying a State, ESMF_StateCreateUTest.F90, line 744
  PASS  Destroying a State, ESMF_StateCreateUTest.F90, line 752
  PASS  Destroying a State, ESMF_StateCreateUTest.F90, line 760
  PASS  Create a State, ESMF_StateCreateUTest.F90, line 774
  PASS  Destroying a State, ESMF_StateCreateUTest.F90, line 786
  Ending Test, file ESMF_StateCreateUTest.F90, line 799
  PET           1  Test Elapsed Time    3.1119999999999992       msec.
  PET           3  Test Elapsed Time    3.2220000000000000       msec.
  PET           2  Test Elapsed Time    2.8430000000000000       msec.
  PET           0  Test Elapsed Time    2.3940000000000001       msec.
