2022-07-14 01:55:15
Name: scicomp	  Convention: customconvention2	  Purpose: custompurpose2	


