2022-07-14 01:55:15
Beginning Test, file ESMC_BaseUTest.C, line 143
Beginning Test, file ESMC_BaseUTest.C, line 143
Beginning Test, file ESMC_BaseUTest.C, line 143NUMBER_OF_PROCESSORS 4
Beginning Test, file ESMC_BaseUTest.C, line 143NUMBER_OF_PROCESSORS 4
Beginning Test, file ESMC_BaseUTest.C, line 143
Beginning Test, file ESMC_BaseUTest.C, line 143NUMBER_OF_PROCESSORS 4
Beginning Test, file ESMC_BaseUTest.C, line 143
Beginning Test, file ESMC_BaseUTest.C, line 143NUMBER_OF_PROCESSORS 4
PASS testSerializeDeserialize, ESMC_BaseUTest.C, line 150
PASS testSerializeDeserialize, ESMC_BaseUTest.C, line 150
PASS testSerializeDeserialize, ESMC_BaseUTest.C, line 150
PASS testSerializeDeserialize, ESMC_BaseUTest.C, line 150
Ending Test, file ESMC_BaseUTest.C, line 154
Ending Test, file ESMC_BaseUTest.C, line 154
Ending Test, file ESMC_BaseUTest.C, line 154
Ending Test, file ESMC_BaseUTest.C, line 154
Ending Test, file ESMC_BaseUTest.C, line 154 PET 0 Test Elapsed Time 49.277 msec.
Ending Test, file ESMC_BaseUTest.C, line 154 PET 2 Test Elapsed Time 49.248 msec.
Ending Test, file ESMC_BaseUTest.C, line 154 PET 1 Test Elapsed Time 49.432 msec.
Ending Test, file ESMC_BaseUTest.C, line 154 PET 3 Test Elapsed Time 49.484 msec.
