2022-07-14 02:44:59
Beginning Test, file ESMC_FieldUTest.C, line 76
Beginning Test, file ESMC_FieldUTest.C, line 76NUMBER_OF_PROCESSORS 1
PASS MeshCreate, ESMC_FieldUTest.C, line 88
PASS MeshVTKHeader, ESMC_FieldUTest.C, line 97
PASS MeshVTKBody, ESMC_FieldUTest.C, line 116
PASS MeshAddNodes, ESMC_FieldUTest.C, line 136
PASS MeshAddElements, ESMC_FieldUTest.C, line 146
PASS ArraySpecSet, ESMC_FieldUTest.C, line 154
PASS Set up gridToFieldMap, ESMC_FieldUTest.C, line 164
PASS Set up ungriddedLBound, ESMC_FieldUTest.C, line 175
PASS Set up ungriddedUBound, ESMC_FieldUTest.C, line 186
PASS Create ESMC_Field object, ESMC_FieldUTest.C, line 195
PASS Create ESMC_Field object, ESMC_FieldUTest.C, line 205
PASS Get an ESMC_Mesh object from ESMC_Field object, ESMC_FieldUTest.C, line 213
PASS Get an ESMC_Array object from ESMC_Field object, ESMC_FieldUTest.C, line 221
PASS Get a void * C pointer to data from ESMC_Field object, ESMC_FieldUTest.C, line 229
 Field Print Starts ====>
 Field base status = Ready
   Name = 'field1'
 Base name    = field1
 Status: Base = Ready,  object = Ready
 Proxy        = no
 Root Info (Attributes):
{} Field status =            4
 gridrank =            1
--- ESMCI::Array::print start ---
 Base name    = field1
 Status: Base = Ready,  object = Ready
 Proxy        = no
 Root Info (Attributes):
{}Array typekind/rank: Integer*4 / 1 
~ lower class' values ~
DistGrid dimCount = 1
deCount = 1
localDeCount = 1
~ local data in LocalArray for DE 0 ~
LocalArrayPrint: Array at address 0x7fc455f072a0:
            rank = 1, typekind = 3, base_addr = 0x7fc456054400
            dim[0] = 372  
  Integer, *4, Dim 1, Data values:
( 1) =  0
( 2) =  0
( 3) =  2
( 4) =  58
( 5) =  0
( 6) =  0
( 7) =  2
( 8) =  60
( 9) =  4
(10) =  61
  skipping to end ...
(363) =  181
(364) =  1078
(365) =  182
(366) =  1079
(367) =  183
(368) =  1080
(369) =  184
(370) =  1081
(371) =  185
(372) =  1082
dim 1: [0]: [1 [1 [1, 372] 372] 372]
--- ESMCI::Array::print end ---
PASS Print an ESMC_Field object, ESMC_FieldUTest.C, line 237
PASS Destroy ESMC_Field object, ESMC_FieldUTest.C, line 245
PASS Get an ESMC_Mesh object from ESMC_Field object, ESMC_FieldUTest.C, line 253
PASS Get an ESMC_Array object from ESMC_Field object, ESMC_FieldUTest.C, line 261
PASS Get a void * C pointer to data from ESMC_Field object, ESMC_FieldUTest.C, line 269
 arrayrank =            1
 gridToFieldMap ungriddedLBound ungriddedUBound totalLWidth totalUWidth
           1          -1          -1                0           0
          -1          -1          -1               -1          -1
          -1          -1          -1               -1          -1
          -1          -1          -1               -1          -1
          -1          -1          -1               -1          -1
          -1          -1          -1               -1          -1
          -1          -1          -1               -1          -1
 Field Print Ends   ====>
 Field Print Starts ====>
 Field base status = Ready
   Name = 'field2'
 Base name    = field2
 Status: Base = Ready,  object = Ready
 Proxy        = no
 Root Info (Attributes):
{} Field status =            4
 gridrank =            1
--- ESMCI::Array::print start ---
 Base name    = field2
 Status: Base = Ready,  object = Ready
 Proxy        = no
 Root Info (Attributes):
{}Array typekind/rank: Real*8 / 1 
~ lower class' values ~
DistGrid dimCount = 1
deCount = 1
localDeCount = 1
~ local data in LocalArray for DE 0 ~
LocalArrayPrint: Array at address 0x7fc455f084a0:
            rank = 1, typekind = 6, base_addr = 0x7fc45605c600
            dim[0] = 608  
  Real, *8, Dim 1, Data values:
( 1) =  0
( 2) =  1.23076e-312
( 3) =  0
( 4) =  1.2732e-312
( 5) =  1.29442e-312
( 6) =  1.31564e-312
( 7) =  1.33686e-312
( 8) =  1.35808e-312
( 9) =  1.3793e-312
(10) =  1.40052e-312
  skipping to end ...
(599) =  5.11825e-311
(600) =  5.12674e-311
(601) =  5.12886e-311
(602) =  5.13099e-311
(603) =  5.13523e-311
(604) =  5.13735e-311
(605) =  5.13947e-311
(606) =  5.1416e-311
(607) =  5.18191e-311
(608) =  5.18404e-311
dim 1: [0]: [1 [1 [1, 608] 608] 608]
--- ESMCI::Array::print end ---
PASS Print an ESMC_Field object, ESMC_FieldUTest.C, line 277
PASS Destroy ESMC_Field object, ESMC_FieldUTest.C, line 285
PASS Destroy ESMC_Mesh object, ESMC_FieldUTest.C, line 293
PASS Create ESMC_Field object from grid and arrayspec, ESMC_FieldUTest.C, line 307
PASS Create ESMC_Field object from grid and arrayspec with null optional arguments, ESMC_FieldUTest.C, line 315
PASS LocStreamCreateLocal, ESMC_FieldUTest.C, line 326
PASS LocStreamAddKeyAlloc, ESMC_FieldUTest.C, line 335
PASS LocStreamGetKeyPtr, ESMC_FieldUTest.C, line 343
PASS LocStreamAddKeyAlloc, ESMC_FieldUTest.C, line 366
PASS LocStreamGetKeyPtr, ESMC_FieldUTest.C, line 374
PASS LocStreamAddKeyAlloc, ESMC_FieldUTest.C, line 398
PASS LocStreamGetKeyPtr, ESMC_FieldUTest.C, line 406
PASS Create ESMC_Field object on LocStream using TypeKind, ESMC_FieldUTest.C, line 430
PASS Get a void * C pointer to data from ESMC_Field object, ESMC_FieldUTest.C, line 438
Ending Test, file ESMC_FieldUTest.C, line 499
Ending Test, file ESMC_FieldUTest.C, line 499 PET 0 Test Elapsed Time 3.376 msec.
 arrayrank =            1
 gridToFieldMap ungriddedLBound ungriddedUBound totalLWidth totalUWidth
           1          -1          -1                0           0
          -1          -1          -1               -1          -1
          -1          -1          -1               -1          -1
          -1          -1          -1               -1          -1
          -1          -1          -1               -1          -1
          -1          -1          -1               -1          -1
          -1          -1          -1               -1          -1
 Field Print Ends   ====>
