2022-07-14 02:44:59
 
  System Test ESMF_FieldSharedDeSSISTest
  SUCCESS:  System Test ESMF_FieldSharedDeSSISTest finished correctly.
 
 --------------------------------------- 
 Start of  System Test ESMF_FieldSharedDeSSISTest
 --------------------------------------- 
  System Test ESMF_FieldSharedDeSSISTest                                                                                                                                                                                                                          complete.
 ------------------------------------------------------------
 ------------------------------------------------------------
 Test finished, localPet =            0
 ------------------------------------------------------------
 ------------------------------------------------------------
  PASS  System Test ESMF_FieldSharedDeSSISTest, ESMF_FieldSharedDeSSISTest.F90, line 276
