2022-07-14 02:20:16
  Beginning Test, file ESMF_AttributeUpdateUTest.F90, line 593
  Beginning Test, file ESMF_AttributeUpdateUTest.F90, line 593
  Beginning Test, file ESMF_AttributeUpdateUTest.F90, line 593
  Beginning Test, file ESMF_AttributeUpdateUTest.F90, line 593
  NUMBER_OF_PROCESSORS            4
  NUMBER_OF_PROCESSORS            4
  NUMBER_OF_PROCESSORS            4
  NUMBER_OF_PROCESSORS            4
  PASS  Getting an updated Attribute value from a Field test, ESMF_AttributeUpdateUTest.F90, line 684
  PASS  Getting an updated Attribute value from a Field test, ESMF_AttributeUpdateUTest.F90, line 684
  PASS  Getting an updated Attribute value from a Field test, ESMF_AttributeUpdateUTest.F90, line 684
  PASS  Getting an updated Attribute value from a Field test, ESMF_AttributeUpdateUTest.F90, line 684
  PASS  Getting an updated Attribute package Attribute value from a Field test, ESMF_AttributeUpdateUTest.F90, line 695
  PASS  Getting an updated Attribute package Attribute value from a Field test, ESMF_AttributeUpdateUTest.F90, line 695
  PASS  Getting an updated Attribute package Attribute value from a Field test, ESMF_AttributeUpdateUTest.F90, line 695
  PASS  Getting an updated Attribute package Attribute value from a Field test, ESMF_AttributeUpdateUTest.F90, line 695
  PASS  Getting an updated Attribute package Attribute value from Field test, ESMF_AttributeUpdateUTest.F90, line 704
  PASS  Getting an updated Attribute package Attribute value from Field test, ESMF_AttributeUpdateUTest.F90, line 704
  PASS  Getting an updated Attribute package Attribute value from Field test, ESMF_AttributeUpdateUTest.F90, line 704
  PASS  Getting an updated Attribute package Attribute value from Field test, ESMF_AttributeUpdateUTest.F90, line 704
  PASS  Getting an updated deleted Attribute value from a Field test, ESMF_AttributeUpdateUTest.F90, line 712
  PASS  Getting an updated deleted Attribute value from a Field test, ESMF_AttributeUpdateUTest.F90, line 712
  PASS  Getting an updated deleted Attribute value from a Field test, ESMF_AttributeUpdateUTest.F90, line 712
  PASS  Getting an updated deleted Attribute value from a Field test, ESMF_AttributeUpdateUTest.F90, line 712
  PASS  Getting a lone Attribute from a Field test: value = Lone Attribute, ESMF_AttributeUpdateUTest.F90, line 719
  PASS  Getting a lone Attribute from a Field test: value = Lone Attribute, ESMF_AttributeUpdateUTest.F90, line 719
  PASS  Getting a lone Attribute from a Field test: value = Lone Attribute, ESMF_AttributeUpdateUTest.F90, line 719
  PASS  Getting a lone Attribute from a Field test: value = Lone Attribute, ESMF_AttributeUpdateUTest.F90, line 719
  Ending Test, file ESMF_AttributeUpdateUTest.F90, line 744
  Ending Test, file ESMF_AttributeUpdateUTest.F90, line 744
  Ending Test, file ESMF_AttributeUpdateUTest.F90, line 744
  Ending Test, file ESMF_AttributeUpdateUTest.F90, line 744
  PET            2  Test Elapsed Time     9.009838104248047       msec.
  PET            1  Test Elapsed Time     9.015083312988281       msec.
  PET            0  Test Elapsed Time     9.274005889892578       msec.
  PET            3  Test Elapsed Time     9.459018707275391       msec.
