2022-07-14 02:20:16
 System Test CompCreate:
 System Test CompCreate:
 System Test CompCreate:
 System Test CompCreate:
 Gridded Component:
 Gridded Component:
  Component name = System Test CompCreate
 Gridded Component:
  Component name = System Test CompCreate
 Gridded Component:
  Component name = System Test CompCreate
 Comp Create finished, name = System Test CompCreate
  Component name = System Test CompCreate
 Comp Create finished, name = System Test CompCreate
 Comp Create finished, name = System Test CompCreate
 Comp Create finished, name = System Test CompCreate
 Comp SetVM finished, rc=             0
 Comp SetVM finished, rc=             0
 Comp SetVM finished, rc=             0
 Comp SetVM finished, rc=             0
 In user register routine
 In user register routine
 In user register routine
 In user register routine
 Registered Initialize, Run, and Finalize routines
 Registered Initialize, Run, and Finalize routines
 Registered Initialize, Run, and Finalize routines
 Registered local datablock
 Registered Initialize, Run, and Finalize routines
 Registered local datablock
 Registered local datablock
 Registered local datablock
  initial data =           13   0.6600000               25
  initial data =           13   0.6600000               25
  initial data =           13   0.6600000               25
  initial data =           13   0.6600000               25
 Comp Register finished, rc=             0
 Comp Register finished, rc=             0
 Comp Register finished, rc=             0
 Comp Register finished, rc=             0
 first init routine called
 first init routine called
 Comp Initialize 1 finished
 first init routine called
 Comp Initialize 1 finished
 first init routine called
 Comp Initialize 1 finished
 User Comp Init 2 starting
 Comp Initialize 1 finished
 User Comp Init 2 starting
 Gridded Component:
  Component name = System Test CompCreate
 User Comp Init 2 starting
 Gridded Component:
  Component name = System Test CompCreate
 User Comp Init 2 starting
 Gridded Component:
  Component name = System Test CompCreate
 Gridded Component:
  Component name = System Test CompCreate
 ESMF_StatePrint: (pet 0):
 ESMF_StatePrint: (pet 2):
  State name: igrid export state
 ESMF_StatePrint: (pet 1):
  State name: igrid export state
  State name: igrid export state
 ESMF_StatePrint: (pet 3):
  State name: igrid export state
     status: Export State, object count: 0
     status: Export State, object count: 0
     reconcile needed: F
     reconcile needed: F
     status: Export State, object count: 0
     reconcile needed: F
     status: Export State, object count: 0
     reconcile needed: F
 Base name    = igrid export state
 Base name    = igrid export state
 Base name    = igrid export state
 Base name    = igrid export state
 Status: Base = Ready,  object = Ready
 Proxy        = no
 Root Info (Attributes):
 Status: Base = Ready,  object = Ready
 Proxy        = no
 Root Info (Attributes):
 Status: Base = Ready,  object = Ready
 Proxy        = no
 Root Info (Attributes):
 Status: Base = Ready,  object = Ready
 Proxy        = no
 Root Info (Attributes):
{} init, ready to call get data ptr
 init, back from data ptr
{} init, ready to call get data ptr
 init, back from data ptr
 init, data =            13   0.6600000               25
{} init, ready to call get data ptr
 init, back from data ptr
 init, data =            13   0.6600000               25
{} init, ready to call get data ptr
 init, back from data ptr
 init, data =            13   0.6600000               25
 init, data =            13   0.6600000               25
 ESMF_StatePrint: (pet 0):
 ESMF_StatePrint: (pet 2):
  State name: igrid export state
 ESMF_StatePrint: (pet 3):
  State name: igrid export state
  State name: igrid export state
 ESMF_StatePrint: (pet 1):
  State name: igrid export state
     status: Export State, object count: 1
     reconcile needed: T
 Base name    = igrid export state
 Status: Base = Ready,  object = Ready
     status: Export State, object count: 1
     reconcile needed: T
 Base name    = igrid export state
     status: Export State, object count: 1
     reconcile needed: T
 Base name    = igrid export state
 Status: Base = Ready,  object = Ready
 Proxy        = no
 Root Info (Attributes):
     status: Export State, object count: 1
     reconcile needed: T
 Base name    = igrid export state
 Status: Base = Ready,  object = Ready
 Proxy        = no
 Root Info (Attributes):
 Proxy        = no
 Root Info (Attributes):
{}     object: 1,name: humidity
            type: Field
 Status: Base = Ready,  object = Ready
 Proxy        = no
 Root Info (Attributes):
{}     object: 1,name: humidity
{}     object: 1,name: humidity
            type: Field
 User Comp Init returning
{}     object: 1,name: humidity
            type: Field
 User Comp Init returning
 User Comp Init returning
 Comp Initialize 2 finished
            type: Field
 User Comp Init returning
 Comp Initialize 2 finished
 Comp Initialize 2 finished
 User Comp Run starting
 Comp Initialize 2 finished
 User Comp Run starting
 User Comp Run starting
 User Comp Run starting
 in run, ready to get data block
 in run, ready to get data block
 in run, ready to get data block
 run, local data =           13   0.6600000               25
 ESMF_StatePrint: (pet 2):
 in run, ready to get data block
 run, local data =           13   0.6600000               25
 ESMF_StatePrint: (pet 3):
 run, local data =           13   0.6600000               25
 ESMF_StatePrint: (pet 0):
  State name: igrid import state
     status: Import State, object count: 1
 run, local data =           13   0.6600000               25
 ESMF_StatePrint: (pet 1):
  State name: igrid import state
     status: Import State, object count: 1
     reconcile needed: T
  State name: igrid import state
     status: Import State, object count: 1
     reconcile needed: T
 Base name    = igrid import state
 Status: Base = Ready,  object = Ready
 Proxy        = no
 Root Info (Attributes):
  State name: igrid import state
     status: Import State, object count: 1
     reconcile needed: T
 Base name    = igrid import state
 Status: Base = Ready,  object = Ready
 Proxy        = no
 Root Info (Attributes):
     reconcile needed: T
 Base name    = igrid import state
 Status: Base = Ready,  object = Ready
 Proxy        = no
 Root Info (Attributes):
{}     object: 1,name: humidity
            type: Field
 Base name    = igrid import state
 Status: Base = Ready,  object = Ready
 Proxy        = no
 Root Info (Attributes):
{}     object: 1,name: humidity
            type: Field
{}     object: 1,name: humidity
            type: Field
 Field Print Starts ====>
{}     object: 1,name: humidity
            type: Field
 Field Print Starts ====>
 Field base status = Ready
 Field Print Starts ====>
 Field base status = Ready
   Name = 'humidity'
 Base name    = humidity
 Field Print Starts ====>
 Field base status = Ready
   Name = 'humidity'
 Base name    = humidity
 Field base status = Ready
   Name = 'humidity'
 Base name    = humidity
 Status: Base = Ready,  object = Ready
 Proxy        = no
 Root Info (Attributes):
   Name = 'humidity'
 Base name    = humidity
 Status: Base = Ready,  object = Ready
 Proxy        = no
 Root Info (Attributes):
 Status: Base = Ready,  object = Ready
 Proxy        = no
 Root Info (Attributes):
{} Field status =             2
 gridToFieldMap ungriddedLBound ungriddedUBound totalLWidth totalUWidth
 Status: Base = Ready,  object = Ready
 Proxy        = no
 Root Info (Attributes):
{} Field status =             2
 gridToFieldMap ungriddedLBound ungriddedUBound totalLWidth totalUWidth
{} Field status =             2
 gridToFieldMap ungriddedLBound ungriddedUBound totalLWidth totalUWidth
           -1           -1           -1                -1           -1
{} Field status =             2
 gridToFieldMap ungriddedLBound ungriddedUBound totalLWidth totalUWidth
           -1           -1           -1                -1           -1
           -1           -1           -1                -1           -1
           -1           -1           -1                -1           -1
           -1           -1           -1                -1           -1
           -1           -1           -1                -1           -1
           -1           -1           -1                -1           -1
           -1           -1           -1                -1           -1
           -1           -1           -1                -1           -1
           -1           -1           -1                -1           -1
           -1           -1           -1                -1           -1
           -1           -1           -1                -1           -1
           -1           -1           -1                -1           -1
           -1           -1           -1                -1           -1
           -1           -1           -1                -1           -1
           -1           -1           -1                -1           -1
           -1           -1           -1                -1           -1
           -1           -1           -1                -1           -1
           -1           -1           -1                -1           -1
           -1           -1           -1                -1           -1
           -1           -1           -1                -1           -1
           -1           -1           -1                -1           -1
           -1           -1           -1                -1           -1
           -1           -1           -1                -1           -1
 Field Print Ends   ====>
           -1           -1           -1                -1           -1
           -1           -1           -1                -1           -1
 Field Print Ends   ====>
           -1           -1           -1                -1           -1
 Field Print Ends   ====>
 ESMF_StatePrint: (pet 0):
  State name: igrid export state
     status: Export State, object count: 1
           -1           -1           -1                -1           -1
 Field Print Ends   ====>
 ESMF_StatePrint: (pet 1):
  State name: igrid export state
     status: Export State, object count: 1
 ESMF_StatePrint: (pet 2):
  State name: igrid export state
     status: Export State, object count: 1
     reconcile needed: T
 Base name    = igrid export state
 Status: Base = Ready,  object = Ready
 ESMF_StatePrint: (pet 3):
  State name: igrid export state
     status: Export State, object count: 1
     reconcile needed: T
 Base name    = igrid export state
 Status: Base = Ready,  object = Ready
 Proxy        = no
 Root Info (Attributes):
     reconcile needed: T
 Base name    = igrid export state
 Status: Base = Ready,  object = Ready
 Proxy        = no
 Root Info (Attributes):
{}     object: 1,name: humidity
     reconcile needed: T
 Base name    = igrid export state
 Status: Base = Ready,  object = Ready
 Proxy        = no
 Root Info (Attributes):
{}     object: 1,name: humidity
 Proxy        = no
 Root Info (Attributes):
{}     object: 1,name: humidity
            type: Field
 User Comp Run returning
 Comp Run returned first time
{}     object: 1,name: humidity
            type: Field
 User Comp Run returning
 Comp Run returned first time
            type: Field
 User Comp Run returning
 Comp Run returned first time
            type: Field
 User Comp Run returning
 Comp Run returned first time
 User Comp Run starting
 in run, ready to get data block
 User Comp Run starting
 in run, ready to get data block
 run, local data =           13   0.6600000               25
 ESMF_StatePrint: (pet 0):
 User Comp Run starting
 in run, ready to get data block
 run, local data =           13   0.6600000               25
 ESMF_StatePrint: (pet 1):
 run, local data =           13   0.6600000               25
 ESMF_StatePrint: (pet 2):
  State name: igrid import state
     status: Import State, object count: 1
     reconcile needed: T
 User Comp Run starting
 in run, ready to get data block
 run, local data =           13   0.6600000               25
 ESMF_StatePrint: (pet 3):
  State name: igrid import state
     status: Import State, object count: 1
     reconcile needed: T
 Base name    = igrid import state
  State name: igrid import state
     status: Import State, object count: 1
     reconcile needed: T
 Base name    = igrid import state
 Status: Base = Ready,  object = Ready
 Proxy        = no
 Root Info (Attributes):
  State name: igrid import state
     status: Import State, object count: 1
     reconcile needed: T
 Base name    = igrid import state
 Status: Base = Ready,  object = Ready
 Proxy        = no
 Root Info (Attributes):
 Base name    = igrid import state
 Status: Base = Ready,  object = Ready
 Proxy        = no
 Root Info (Attributes):
{}     object: 1,name: humidity
            type: Field
 Status: Base = Ready,  object = Ready
 Proxy        = no
 Root Info (Attributes):
{}     object: 1,name: humidity
            type: Field
 Field Print Starts ====>
 Field base status = Ready
{}     object: 1,name: humidity
            type: Field
 Field Print Starts ====>
 Field base status = Ready
   Name = 'humidity'
{}     object: 1,name: humidity
            type: Field
 Field Print Starts ====>
 Field base status = Ready
   Name = 'humidity'
 Field Print Starts ====>
 Field base status = Ready
   Name = 'humidity'
 Base name    = humidity
 Status: Base = Ready,  object = Ready
 Proxy        = no
 Root Info (Attributes):
   Name = 'humidity'
 Base name    = humidity
 Status: Base = Ready,  object = Ready
 Proxy        = no
 Root Info (Attributes):
{} Field status =             2
 gridToFieldMap ungriddedLBound ungriddedUBound totalLWidth totalUWidth
 Base name    = humidity
 Status: Base = Ready,  object = Ready
 Proxy        = no
 Root Info (Attributes):
{} Field status =             2
 gridToFieldMap ungriddedLBound ungriddedUBound totalLWidth totalUWidth
 Base name    = humidity
 Status: Base = Ready,  object = Ready
 Proxy        = no
 Root Info (Attributes):
{} Field status =             2
 gridToFieldMap ungriddedLBound ungriddedUBound totalLWidth totalUWidth
           -1           -1           -1                -1           -1
{} Field status =             2
 gridToFieldMap ungriddedLBound ungriddedUBound totalLWidth totalUWidth
           -1           -1           -1                -1           -1
           -1           -1           -1                -1           -1
           -1           -1           -1                -1           -1
           -1           -1           -1                -1           -1
           -1           -1           -1                -1           -1
           -1           -1           -1                -1           -1
           -1           -1           -1                -1           -1
           -1           -1           -1                -1           -1
           -1           -1           -1                -1           -1
           -1           -1           -1                -1           -1
           -1           -1           -1                -1           -1
           -1           -1           -1                -1           -1
           -1           -1           -1                -1           -1
           -1           -1           -1                -1           -1
           -1           -1           -1                -1           -1
           -1           -1           -1                -1           -1
           -1           -1           -1                -1           -1
           -1           -1           -1                -1           -1
           -1           -1           -1                -1           -1
           -1           -1           -1                -1           -1
           -1           -1           -1                -1           -1
           -1           -1           -1                -1           -1
           -1           -1           -1                -1           -1
 Field Print Ends   ====>
 ESMF_StatePrint: (pet 2):
  State name: igrid export state
           -1           -1           -1                -1           -1
           -1           -1           -1                -1           -1
 Field Print Ends   ====>
 ESMF_StatePrint: (pet 3):
  State name: igrid export state
           -1           -1           -1                -1           -1
 Field Print Ends   ====>
 ESMF_StatePrint: (pet 0):
  State name: igrid export state
     status: Export State, object count: 1
     reconcile needed: T
 Base name    = igrid export state
           -1           -1           -1                -1           -1
 Field Print Ends   ====>
 ESMF_StatePrint: (pet 1):
  State name: igrid export state
     status: Export State, object count: 1
     reconcile needed: T
 Base name    = igrid export state
     status: Export State, object count: 1
     reconcile needed: T
 Base name    = igrid export state
 Status: Base = Ready,  object = Ready
 Proxy        = no
 Root Info (Attributes):
     status: Export State, object count: 1
     reconcile needed: T
 Base name    = igrid export state
 Status: Base = Ready,  object = Ready
 Proxy        = no
 Root Info (Attributes):
{}     object: 1,name: humidity
            type: Field
 Status: Base = Ready,  object = Ready
 Proxy        = no
 Root Info (Attributes):
{}     object: 1,name: humidity
            type: Field
 User Comp Run returning
 Status: Base = Ready,  object = Ready
 Proxy        = no
 Root Info (Attributes):
{}     object: 1,name: humidity
            type: Field
 User Comp Run returning
{}     object: 1,name: humidity
            type: Field
 User Comp Run returning
 Comp Run returned second time
 User Comp Run starting
 in run, ready to get data block
 User Comp Run returning
 Comp Run returned second time
 User Comp Run starting
 in run, ready to get data block
 Comp Run returned second time
 User Comp Run starting
 in run, ready to get data block
 run, local data =           13   0.6600000               25
 Comp Run returned second time
 User Comp Run starting
 in run, ready to get data block
 run, local data =           13   0.6600000               25
 run, local data =           13   0.6600000               25
 ESMF_StatePrint: (pet 2):
  State name: igrid import state
     status: Import State, object count: 1
     reconcile needed: T
 run, local data =           13   0.6600000               25
 ESMF_StatePrint: (pet 3):
  State name: igrid import state
     status: Import State, object count: 1
     reconcile needed: T
 Base name    = igrid import state
 ESMF_StatePrint: (pet 0):
  State name: igrid import state
     status: Import State, object count: 1
     reconcile needed: T
 Base name    = igrid import state
 Status: Base = Ready,  object = Ready
 ESMF_StatePrint: (pet 1):
  State name: igrid import state
     status: Import State, object count: 1
     reconcile needed: T
 Base name    = igrid import state
 Status: Base = Ready,  object = Ready
 Proxy        = no
 Root Info (Attributes):
 Base name    = igrid import state
 Status: Base = Ready,  object = Ready
 Proxy        = no
 Root Info (Attributes):
{}     object: 1,name: humidity
            type: Field
 Status: Base = Ready,  object = Ready
 Proxy        = no
 Root Info (Attributes):
{}     object: 1,name: humidity
            type: Field
 Proxy        = no
 Root Info (Attributes):
{}     object: 1,name: humidity
            type: Field
 Field Print Starts ====>
 Field base status = Ready
{}     object: 1,name: humidity
            type: Field
 Field Print Starts ====>
 Field base status = Ready
 Field Print Starts ====>
 Field base status = Ready
   Name = 'humidity'
 Base name    = humidity
 Status: Base = Ready,  object = Ready
 Proxy        = no
 Root Info (Attributes):
 Field Print Starts ====>
 Field base status = Ready
   Name = 'humidity'
 Base name    = humidity
 Status: Base = Ready,  object = Ready
 Proxy        = no
 Root Info (Attributes):
   Name = 'humidity'
 Base name    = humidity
 Status: Base = Ready,  object = Ready
 Proxy        = no
 Root Info (Attributes):
{} Field status =             2
 gridToFieldMap ungriddedLBound ungriddedUBound totalLWidth totalUWidth
   Name = 'humidity'
 Base name    = humidity
 Status: Base = Ready,  object = Ready
 Proxy        = no
 Root Info (Attributes):
{} Field status =             2
 gridToFieldMap ungriddedLBound ungriddedUBound totalLWidth totalUWidth
{} Field status =             2
 gridToFieldMap ungriddedLBound ungriddedUBound totalLWidth totalUWidth
           -1           -1           -1                -1           -1
           -1           -1           -1                -1           -1
{} Field status =             2
 gridToFieldMap ungriddedLBound ungriddedUBound totalLWidth totalUWidth
           -1           -1           -1                -1           -1
           -1           -1           -1                -1           -1
           -1           -1           -1                -1           -1
           -1           -1           -1                -1           -1
           -1           -1           -1                -1           -1
           -1           -1           -1                -1           -1
           -1           -1           -1                -1           -1
           -1           -1           -1                -1           -1
           -1           -1           -1                -1           -1
           -1           -1           -1                -1           -1
           -1           -1           -1                -1           -1
           -1           -1           -1                -1           -1
           -1           -1           -1                -1           -1
           -1           -1           -1                -1           -1
           -1           -1           -1                -1           -1
           -1           -1           -1                -1           -1
           -1           -1           -1                -1           -1
           -1           -1           -1                -1           -1
           -1           -1           -1                -1           -1
           -1           -1           -1                -1           -1
           -1           -1           -1                -1           -1
 Field Print Ends   ====>
 ESMF_StatePrint: (pet 2):
           -1           -1           -1                -1           -1
           -1           -1           -1                -1           -1
 Field Print Ends   ====>
 ESMF_StatePrint: (pet 3):
           -1           -1           -1                -1           -1
           -1           -1           -1                -1           -1
 Field Print Ends   ====>
 ESMF_StatePrint: (pet 0):
  State name: igrid export state
           -1           -1           -1                -1           -1
 Field Print Ends   ====>
 ESMF_StatePrint: (pet 1):
  State name: igrid export state
     status: Export State, object count: 1
     reconcile needed: T
  State name: igrid export state
     status: Export State, object count: 1
     reconcile needed: T
 Base name    = igrid export state
 Status: Base = Ready,  object = Ready
 Proxy        = no
 Root Info (Attributes):
  State name: igrid export state
     status: Export State, object count: 1
     reconcile needed: T
 Base name    = igrid export state
 Status: Base = Ready,  object = Ready
 Proxy        = no
 Root Info (Attributes):
{}     object: 1,name: humidity
     status: Export State, object count: 1
     reconcile needed: T
 Base name    = igrid export state
 Status: Base = Ready,  object = Ready
 Proxy        = no
 Root Info (Attributes):
{}     object: 1,name: humidity
 Base name    = igrid export state
 Status: Base = Ready,  object = Ready
 Proxy        = no
 Root Info (Attributes):
{}     object: 1,name: humidity
            type: Field
{}     object: 1,name: humidity
            type: Field
 User Comp Run returning
 Comp Run returned third time
 User Comp Final starting
            type: Field
 User Comp Run returning
 Comp Run returned third time
 User Comp Final starting
 final, ready to call get data ptr
            type: Field
 User Comp Run returning
 Comp Run returned third time
 User Comp Final starting
 final, ready to call get data ptr
 User Comp Run returning
 Comp Run returned third time
 User Comp Final starting
 final, ready to call get data ptr
 final, local data =           13   0.6600000               25
 final, ready to call get data ptr
 final, local data =           13   0.6600000               25
 User Comp Final returning
 final, local data =           13   0.6600000               25
 User Comp Final returning
 -----------------------------------------------------------------
 final, local data =           13   0.6600000               25
 User Comp Final returning
 -----------------------------------------------------------------
 User Comp Final returning
 -----------------------------------------------------------------
 -----------------------------------------------------------------
 -----------------------------------------------------------------
 -----------------------------------------------------------------
 Test finished, my_pet =             0
 -----------------------------------------------------------------
 Test finished, my_pet =             1
 -----------------------------------------------------------------
 -----------------------------------------------------------------
 Test finished, my_pet =             2
 -----------------------------------------------------------------
 -----------------------------------------------------------------
 Comp Finalize returned
 -----------------------------------------------------------------
 Test finished, my_pet =             3
 -----------------------------------------------------------------
 -----------------------------------------------------------------
 Comp Finalize returned
 -----------------------------------------------------------------
 -----------------------------------------------------------------
 Comp Finalize returned
 Comp Finalize returned
 All Destroy routines done
 All Destroy routines done
 System Test CompCreate complete
 All Destroy routines done
 System Test CompCreate complete
 All Destroy routines done
 System Test CompCreate complete
 System Test CompCreate complete
  PASS  System Test CompCreate: Component Create Test, ESMF_CompCreateSTest.F90, line 199
  PASS  System Test CompCreate: Component Create Test, ESMF_CompCreateSTest.F90, line 199
  PASS  System Test CompCreate: Component Create Test, ESMF_CompCreateSTest.F90, line 199
  PASS  System Test CompCreate: Component Create Test, ESMF_CompCreateSTest.F90, line 199
