2022-07-14 01:46:38
Beginning Test, file ESMCI_ExceptionsUTest.C, line 63
Beginning Test, file ESMCI_ExceptionsUTest.C, line 63NUMBER_OF_PROCESSORS 4
Beginning Test, file ESMCI_ExceptionsUTest.C, line 63
Beginning Test, file ESMCI_ExceptionsUTest.C, line 63NUMBER_OF_PROCESSORS 4
PASS Bare throw Test, ESMCI_ExceptionsUTest.C, line 76
PASS Deep throw Test, ESMCI_ExceptionsUTest.C, line 89
PASS ClassNoDestructor throw Test, ESMCI_ExceptionsUTest.C, line 102
PASS ClassWithDestructor throw Test, ESMCI_ExceptionsUTest.C, line 115
Ending Test, file ESMCI_ExceptionsUTest.C, line 119
PASS Bare throw Test, ESMCI_ExceptionsUTest.C, line 76
PASS Deep throw Test, ESMCI_ExceptionsUTest.C, line 89
PASS ClassNoDestructor throw Test, ESMCI_ExceptionsUTest.C, line 102
PASS ClassWithDestructor throw Test, ESMCI_ExceptionsUTest.C, line 115
Ending Test, file ESMCI_ExceptionsUTest.C, line 119
Beginning Test, file ESMCI_ExceptionsUTest.C, line 63
Beginning Test, file ESMCI_ExceptionsUTest.C, line 63NUMBER_OF_PROCESSORS 4
PASS Bare throw Test, ESMCI_ExceptionsUTest.C, line 76
PASS Deep throw Test, ESMCI_ExceptionsUTest.C, line 89
PASS ClassNoDestructor throw Test, ESMCI_ExceptionsUTest.C, line 102
PASS ClassWithDestructor throw Test, ESMCI_ExceptionsUTest.C, line 115
Ending Test, file ESMCI_ExceptionsUTest.C, line 119
Beginning Test, file ESMCI_ExceptionsUTest.C, line 63
Beginning Test, file ESMCI_ExceptionsUTest.C, line 63NUMBER_OF_PROCESSORS 4
PASS Bare throw Test, ESMCI_ExceptionsUTest.C, line 76
PASS Deep throw Test, ESMCI_ExceptionsUTest.C, line 89
PASS ClassNoDestructor throw Test, ESMCI_ExceptionsUTest.C, line 102
PASS ClassWithDestructor throw Test, ESMCI_ExceptionsUTest.C, line 115
Ending Test, file ESMCI_ExceptionsUTest.C, line 119
Ending Test, file ESMCI_ExceptionsUTest.C, line 119 PET 3 Test Elapsed Time 47.235 msec.
Ending Test, file ESMCI_ExceptionsUTest.C, line 119 PET 0 Test Elapsed Time 46.584 msec.
Ending Test, file ESMCI_ExceptionsUTest.C, line 119 PET 2 Test Elapsed Time 46.179 msec.
Ending Test, file ESMCI_ExceptionsUTest.C, line 119 PET 1 Test Elapsed Time 47.165 msec.
