2022-07-14 01:46:38
Beginning Test, file ESMC_XGridUTest.C, line 63
Beginning Test, file ESMC_XGridUTest.C, line 63NUMBER_OF_PROCESSORS 4
Beginning Test, file ESMC_XGridUTest.C, line 63
Beginning Test, file ESMC_XGridUTest.C, line 63NUMBER_OF_PROCESSORS 4
PASS Create Side A Grid, ESMC_XGridUTest.C, line 102
Beginning Test, file ESMC_XGridUTest.C, line 63
Beginning Test, file ESMC_XGridUTest.C, line 63NUMBER_OF_PROCESSORS 4
PASS Create Side B Grid - 0, ESMC_XGridUTest.C, line 129
PASS Create Side A Grid, ESMC_XGridUTest.C, line 102
PASS Create Side B Grid - 1, ESMC_XGridUTest.C, line 158
PASS Create Side B Grid - 0, ESMC_XGridUTest.C, line 129
Beginning Test, file ESMC_XGridUTest.C, line 63
PASS Create Side B Grid - 1, ESMC_XGridUTest.C, line 158
Beginning Test, file ESMC_XGridUTest.C, line 63NUMBER_OF_PROCESSORS 4
PASS Create Side A Grid, ESMC_XGridUTest.C, line 102
PASS Create Side B Grid - 0, ESMC_XGridUTest.C, line 129
PASS Create Side B Grid - 1, ESMC_XGridUTest.C, line 158
PASS Create Side A Grid, ESMC_XGridUTest.C, line 102
PASS Create Side B Grid - 0, ESMC_XGridUTest.C, line 129
PASS Create Side B Grid - 1, ESMC_XGridUTest.C, line 158
PASS Create XGrid, ESMC_XGridUTest.C, line 216
PASS Create XGrid, ESMC_XGridUTest.C, line 216
PASS Create XGrid, ESMC_XGridUTest.C, line 216
PASS Get Side A Grid Count, ESMC_XGridUTest.C, line 238
PASS Get Side A Grid Count, ESMC_XGridUTest.C, line 238
PASS Create XGrid, ESMC_XGridUTest.C, line 216
PASS Get Side A Mesh Count, ESMC_XGridUTest.C, line 260
PASS Get Side B Grid Count, ESMC_XGridUTest.C, line 282
PASS Get Side A Grid Count, ESMC_XGridUTest.C, line 238
PASS Get Side B Mesh Count, ESMC_XGridUTest.C, line 304
PASS Get Side A Mesh Count, ESMC_XGridUTest.C, line 260
PASS Get Side B Grid Count, ESMC_XGridUTest.C, line 282
PASS Get Side A Mesh Count, ESMC_XGridUTest.C, line 260
PASS Get Side B Grid Count, ESMC_XGridUTest.C, line 282
PASS Get Dim Count, ESMC_XGridUTest.C, line 326
PASS Get Side A Grid Count, ESMC_XGridUTest.C, line 238
PASS Get Side B Mesh Count, ESMC_XGridUTest.C, line 304
PASS Get Side B Mesh Count, ESMC_XGridUTest.C, line 304
PASS Get Side A Mesh Count, ESMC_XGridUTest.C, line 260
PASS Get Mesh, ESMC_XGridUTest.C, line 348
PASS Get Dim Count, ESMC_XGridUTest.C, line 326
PASS Get Dim Count, ESMC_XGridUTest.C, line 326
PASS Get Side B Grid Count, ESMC_XGridUTest.C, line 282
PASS Get Mesh, ESMC_XGridUTest.C, line 348
PASS Get Mesh, ESMC_XGridUTest.C, line 348
PASS Get Side B Mesh Count, ESMC_XGridUTest.C, line 304
PASS Get area, ESMC_XGridUTest.C, line 386
PASS Get Dim Count, ESMC_XGridUTest.C, line 326
PASS Get Centroid, ESMC_XGridUTest.C, line 427
PASS Get area, ESMC_XGridUTest.C, line 386
PASS Get area, ESMC_XGridUTest.C, line 386
PASS Get A2X Sparse Matrix, ESMC_XGridUTest.C, line 455
PASS Get Mesh, ESMC_XGridUTest.C, line 348
PASS Get Centroid, ESMC_XGridUTest.C, line 427
PASS Get Centroid, ESMC_XGridUTest.C, line 427
PASS Get X2A Sparse Matrix, ESMC_XGridUTest.C, line 483
PASS Get A2X Sparse Matrix, ESMC_XGridUTest.C, line 455
PASS Get A2X Sparse Matrix, ESMC_XGridUTest.C, line 455
PASS Get B2X Sparse Matrix, ESMC_XGridUTest.C, line 511
PASS Get X2A Sparse Matrix, ESMC_XGridUTest.C, line 483
PASS Get X2A Sparse Matrix, ESMC_XGridUTest.C, line 483
PASS Get area, ESMC_XGridUTest.C, line 386
PASS Get B2X Sparse Matrix, ESMC_XGridUTest.C, line 511
PASS Get X2B Sparse Matrix, ESMC_XGridUTest.C, line 539
PASS Get B2X Sparse Matrix, ESMC_XGridUTest.C, line 511
PASS Get Centroid, ESMC_XGridUTest.C, line 427
PASS Get X2B Sparse Matrix, ESMC_XGridUTest.C, line 539
PASS Get X2B Sparse Matrix, ESMC_XGridUTest.C, line 539
PASS Get A2X Sparse Matrix, ESMC_XGridUTest.C, line 455
PASS Get X2A Sparse Matrix, ESMC_XGridUTest.C, line 483
PASS Destroy XGrid, ESMC_XGridUTest.C, line 549
PASS Get B2X Sparse Matrix, ESMC_XGridUTest.C, line 511
PASS Destroy Grid A - 0, ESMC_XGridUTest.C, line 562
PASS Destroy XGrid, ESMC_XGridUTest.C, line 549
PASS Destroy XGrid, ESMC_XGridUTest.C, line 549
PASS Get X2B Sparse Matrix, ESMC_XGridUTest.C, line 539
PASS Destroy Grid A - 0, ESMC_XGridUTest.C, line 562
PASS Destroy Grid B - 0, ESMC_XGridUTest.C, line 571
PASS Destroy Grid B - 1, ESMC_XGridUTest.C, line 581
Ending Test, file ESMC_XGridUTest.C, line 586
PASS Destroy Grid B - 0, ESMC_XGridUTest.C, line 571
PASS Destroy Grid B - 1, ESMC_XGridUTest.C, line 581
Ending Test, file ESMC_XGridUTest.C, line 586
PASS Destroy Grid A - 0, ESMC_XGridUTest.C, line 562
PASS Destroy Grid B - 0, ESMC_XGridUTest.C, line 571
PASS Destroy Grid B - 1, ESMC_XGridUTest.C, line 581
Ending Test, file ESMC_XGridUTest.C, line 586
PASS Destroy XGrid, ESMC_XGridUTest.C, line 549
PASS Destroy Grid A - 0, ESMC_XGridUTest.C, line 562
PASS Destroy Grid B - 0, ESMC_XGridUTest.C, line 571
PASS Destroy Grid B - 1, ESMC_XGridUTest.C, line 581
Ending Test, file ESMC_XGridUTest.C, line 586
Ending Test, file ESMC_XGridUTest.C, line 586 PET 3 Test Elapsed Time 77.544 msec.
Ending Test, file ESMC_XGridUTest.C, line 586 PET 1 Test Elapsed Time 78.665 msec.
Ending Test, file ESMC_XGridUTest.C, line 586 PET 0 Test Elapsed Time 77.979 msec.
Ending Test, file ESMC_XGridUTest.C, line 586 PET 2 Test Elapsed Time 78.37 msec.
