2022-07-14 01:46:38
Beginning Test, file ESMC_TestUTest.C, line 32
Beginning Test, file ESMC_TestUTest.C, line 32NUMBER_OF_PROCESSORS 4
PASS Use of ESMC_Test(), true, ESMC_TestUTest.C, line 39
Beginning Test, file ESMC_TestUTest.C, line 32
Beginning Test, file ESMC_TestUTest.C, line 32NUMBER_OF_PROCESSORS 4
PASS Use of ESMC_Test(), true, ESMC_TestUTest.C, line 39
Ending Test, file ESMC_TestUTest.C, line 43
Ending Test, file ESMC_TestUTest.C, line 43
Beginning Test, file ESMC_TestUTest.C, line 32
Beginning Test, file ESMC_TestUTest.C, line 32NUMBER_OF_PROCESSORS 4
Beginning Test, file ESMC_TestUTest.C, line 32
PASS Use of ESMC_Test(), true, ESMC_TestUTest.C, line 39
Beginning Test, file ESMC_TestUTest.C, line 32NUMBER_OF_PROCESSORS 4
Ending Test, file ESMC_TestUTest.C, line 43
PASS Use of ESMC_Test(), true, ESMC_TestUTest.C, line 39
Ending Test, file ESMC_TestUTest.C, line 43
Ending Test, file ESMC_TestUTest.C, line 43 PET 3 Test Elapsed Time 46.568 msec.
Ending Test, file ESMC_TestUTest.C, line 43 PET 0 Test Elapsed Time 46.953 msec.
Ending Test, file ESMC_TestUTest.C, line 43 PET 2 Test Elapsed Time 46.859 msec.
Ending Test, file ESMC_TestUTest.C, line 43 PET 1 Test Elapsed Time 46.755 msec.
