2022-07-14 01:46:38
  Beginning Test, file ESMF_ComponentUTest.F90, line 48
  Beginning Test, file ESMF_ComponentUTest.F90, line 48
  Beginning Test, file ESMF_ComponentUTest.F90, line 48
  NUMBER_OF_PROCESSORS           4
  Beginning Test, file ESMF_ComponentUTest.F90, line 48
  NUMBER_OF_PROCESSORS           4
  NUMBER_OF_PROCESSORS           4
  NUMBER_OF_PROCESSORS           4
  PASS  Creating a Gridded Component, ESMF_ComponentUTest.F90, line 58
  PASS  Creating a Gridded Component, ESMF_ComponentUTest.F90, line 58
  PASS  Creating a Gridded Component, ESMF_ComponentUTest.F90, line 58
  PASS  Creating a Gridded Component, ESMF_ComponentUTest.F90, line 58
 Gridded Component:
 Gridded Component:
 Gridded Component:
 Gridded Component:
  Component name = Atmosphere - default context
  PASS  Printing a Gridded Component, ESMF_ComponentUTest.F90, line 66
  Component name = Atmosphere - default context
  PASS  Printing a Gridded Component, ESMF_ComponentUTest.F90, line 66
  Component name = Atmosphere - default context
  PASS  Printing a Gridded Component, ESMF_ComponentUTest.F90, line 66
  Component name = Atmosphere - default context
  PASS  Printing a Gridded Component, ESMF_ComponentUTest.F90, line 66
  PASS  Destroying a Gridded Component, ESMF_ComponentUTest.F90, line 74
  PASS  Destroying a Gridded Component, ESMF_ComponentUTest.F90, line 74
  PASS  Destroying a Gridded Component, ESMF_ComponentUTest.F90, line 74
  PASS  Destroying a Gridded Component, ESMF_ComponentUTest.F90, line 74
  PASS  Query run status of a deleted Gridded Component, ESMF_ComponentUTest.F90, line 84
  PASS  Query run status of a deleted Gridded Component, ESMF_ComponentUTest.F90, line 84
  PASS  Query run status of a deleted Gridded Component, ESMF_ComponentUTest.F90, line 84
  PASS  Query run status of a deleted Gridded Component, ESMF_ComponentUTest.F90, line 91
  PASS  Query run status of a deleted Gridded Component, ESMF_ComponentUTest.F90, line 84
  PASS  Query run status of a deleted Gridded Component, ESMF_ComponentUTest.F90, line 91
  PASS  Query run status of a deleted Gridded Component, ESMF_ComponentUTest.F90, line 91
  PASS  Query run status of a deleted Gridded Component, ESMF_ComponentUTest.F90, line 91
  PASS  Creating a Gridded Component, ESMF_ComponentUTest.F90, line 101
  PASS  Creating a Gridded Component, ESMF_ComponentUTest.F90, line 101
  PASS  Creating a Gridded Component, ESMF_ComponentUTest.F90, line 101
  PASS  Creating a Gridded Component, ESMF_ComponentUTest.F90, line 101
  PASS  Query run status of a Gridded Component, ESMF_ComponentUTest.F90, line 109
  PASS  Query run status of a deleted Gridded Component, ESMF_ComponentUTest.F90, line 116
  PASS  Query run status of a Gridded Component, ESMF_ComponentUTest.F90, line 109
  PASS  Query run status of a Gridded Component, ESMF_ComponentUTest.F90, line 109
  PASS  Query run status of a deleted Gridded Component, ESMF_ComponentUTest.F90, line 116
  PASS  Query run status of a Gridded Component, ESMF_ComponentUTest.F90, line 109
  PASS  Query run status of a deleted Gridded Component, ESMF_ComponentUTest.F90, line 116
  PASS  Query run status of a deleted Gridded Component, ESMF_ComponentUTest.F90, line 116
  PASS  Creating a Gridded Component with wrong petList, ESMF_ComponentUTest.F90, line 126
  PASS  Creating a Gridded Component with wrong petList, ESMF_ComponentUTest.F90, line 126
  PASS  Creating a Gridded Component with wrong petList, ESMF_ComponentUTest.F90, line 126
  PASS  Creating a Gridded Component with negative number in petList, ESMF_ComponentUTest.F90, line 136
  PASS  Creating a Gridded Component with wrong petList, ESMF_ComponentUTest.F90, line 126
  PASS  Creating a Gridded Component with negative number in petList, ESMF_ComponentUTest.F90, line 136
  PASS  Creating a Gridded Component with negative number in petList, ESMF_ComponentUTest.F90, line 136
  PASS  Query run status of a Gridded Component, ESMF_ComponentUTest.F90, line 147
  PASS  Creating a Gridded Component with negative number in petList, ESMF_ComponentUTest.F90, line 136
  PASS  Query run status of a Gridded Component, ESMF_ComponentUTest.F90, line 147
  PASS  Query run status of a Gridded Component, ESMF_ComponentUTest.F90, line 147
  PASS  Destroying a Gridded Component, ESMF_ComponentUTest.F90, line 158
  PASS  Query run status of a Gridded Component, ESMF_ComponentUTest.F90, line 147
  PASS  Destroying a Gridded Component, ESMF_ComponentUTest.F90, line 158
 Gridded Component:
  Component name = Atmosphere - child in parent VM context
  PASS  Printing a Gridded Component, ESMF_ComponentUTest.F90, line 166
 Gridded Component:
  Component name = Atmosphere - child in parent VM context
  PASS  Printing a Gridded Component, ESMF_ComponentUTest.F90, line 166
  PASS  Destroying a Gridded Component, ESMF_ComponentUTest.F90, line 174
  PASS  Destroying a Gridded Component, ESMF_ComponentUTest.F90, line 174
  PASS  Destroying a Gridded Component, ESMF_ComponentUTest.F90, line 158
  PASS  Destroying a Gridded Component, ESMF_ComponentUTest.F90, line 158
 Gridded Component:
  Component name = Atmosphere - child in parent VM context
  PASS  Printing a Gridded Component, ESMF_ComponentUTest.F90, line 166
 Gridded Component:
  Component name = Atmosphere - child in parent VM context
  PASS  Printing a Gridded Component, ESMF_ComponentUTest.F90, line 166
  PASS  Destroying a Gridded Component, ESMF_ComponentUTest.F90, line 174
  PASS  Destroying a Gridded Component, ESMF_ComponentUTest.F90, line 174
  PASS  Creating a Gridded Component, ESMF_ComponentUTest.F90, line 184
  PASS  Creating a Gridded Component, ESMF_ComponentUTest.F90, line 184
  PASS  Creating a Gridded Component, ESMF_ComponentUTest.F90, line 184
  PASS  Creating a Gridded Component, ESMF_ComponentUTest.F90, line 184
 Gridded Component:
  Component name = Atmosphere - child in new VM context
 Gridded Component:
  Component name = Atmosphere - child in new VM context
  PASS  Printing a Gridded Component, ESMF_ComponentUTest.F90, line 192
 Gridded Component:
  Component name = Atmosphere - child in new VM context
  PASS  Printing a Gridded Component, ESMF_ComponentUTest.F90, line 192
 Gridded Component:
  Component name = Atmosphere - child in new VM context
  PASS  Printing a Gridded Component, ESMF_ComponentUTest.F90, line 192
  PASS  Printing a Gridded Component, ESMF_ComponentUTest.F90, line 192
  PASS  Destroying a Gridded Component, ESMF_ComponentUTest.F90, line 200
  PASS  Destroying a Gridded Component, ESMF_ComponentUTest.F90, line 200
  PASS  Destroying a Gridded Component, ESMF_ComponentUTest.F90, line 200
  PASS  Destroying a Gridded Component, ESMF_ComponentUTest.F90, line 200
  Ending Test, file ESMF_ComponentUTest.F90, line 204
  Ending Test, file ESMF_ComponentUTest.F90, line 204
  Ending Test, file ESMF_ComponentUTest.F90, line 204
  Ending Test, file ESMF_ComponentUTest.F90, line 204
  PET           0  Test Elapsed Time    5.9730000000000061       msec.
  PET           2  Test Elapsed Time    5.2769999999999904       msec.
  PET           3  Test Elapsed Time    5.8660000000000103       msec.
  PET           1  Test Elapsed Time    5.5959999999999894       msec.
