2022-07-15 09:57:40
Name: Array002	  Convention: customconvention2	  Purpose: custompurpose2	

Custom1	Custom2	Custom3	
