2022-07-14 01:49:41
  Beginning Test, file ESMF_FieldRedistUTest.F90, line 57
  Beginning Test, file ESMF_FieldRedistUTest.F90, line 57
  NUMBER_OF_PROCESSORS           4
  Beginning Test, file ESMF_FieldRedistUTest.F90, line 57
  NUMBER_OF_PROCESSORS           4
  Beginning Test, file ESMF_FieldRedistUTest.F90, line 57
  NUMBER_OF_PROCESSORS           4
  NUMBER_OF_PROCESSORS           4
  PASS  FieldRedist basic test, ESMF_FieldRedistUTest.F90, line 72
  PASS  FieldRedist basic test, ESMF_FieldRedistUTest.F90, line 72
  PASS  FieldRedist basic test, ESMF_FieldRedistUTest.F90, line 72
  PASS  FieldRedist basic test, ESMF_FieldRedistUTest.F90, line 72
  PASS  FieldRedist basic test with compliant fields, ESMF_FieldRedistUTest.F90, line 79
  PASS  FieldRedist basic test with compliant fields, ESMF_FieldRedistUTest.F90, line 79
  PASS  FieldRedist basic test with compliant fields, ESMF_FieldRedistUTest.F90, line 79
  PASS  FieldRedist basic test with compliant fields, ESMF_FieldRedistUTest.F90, line 79
  PASS  FieldRedist 3d fields with ungridded bounds and halos, ESMF_FieldRedistUTest.F90, line 86
  PASS  FieldRedist 3d fields with ungridded bounds and halos, ESMF_FieldRedistUTest.F90, line 86
  PASS  FieldRedist 3d fields with ungridded bounds and halos, ESMF_FieldRedistUTest.F90, line 86
  PASS  FieldRedist 3d fields with ungridded bounds and halos, ESMF_FieldRedistUTest.F90, line 86
  PASS  FieldRedist congruent 5d fields with ungridded bounds and halos, ESMF_FieldRedistUTest.F90, line 98
  PASS  FieldRedist congruent 5d fields with ungridded bounds and halos, ESMF_FieldRedistUTest.F90, line 98
  PASS  FieldRedist congruent 5d fields with ungridded bounds and halos, ESMF_FieldRedistUTest.F90, line 98
  PASS  FieldRedist congruent 5d fields with ungridded bounds and halos, ESMF_FieldRedistUTest.F90, line 98
  PASS  FieldRedist congruent 5d fields with ungridded bounds and halos  srcToDstTransposeMap, ESMF_FieldRedistUTest.F90, line 111
  PASS  FieldRedist congruent 5d fields with ungridded bounds and halos  srcToDstTransposeMap, ESMF_FieldRedistUTest.F90, line 111
  PASS  FieldRedist congruent 5d fields with ungridded bounds and halos  srcToDstTransposeMap, ESMF_FieldRedistUTest.F90, line 111
  PASS  FieldRedist congruent 5d fields with ungridded bounds and halos  srcToDstTransposeMap, ESMF_FieldRedistUTest.F90, line 111
  PASS  FieldRedist on Fields built on Meshes, ESMF_FieldRedistUTest.F90, line 119
  PASS  FieldRedist on Fields built on Meshes, ESMF_FieldRedistUTest.F90, line 119
  PASS  FieldRedist on Fields built on Meshes, ESMF_FieldRedistUTest.F90, line 119
  PASS  FieldRedist on Fields built on Meshes, ESMF_FieldRedistUTest.F90, line 119
  Ending Test, file ESMF_FieldRedistUTest.F90, line 122
  Ending Test, file ESMF_FieldRedistUTest.F90, line 122
  Ending Test, file ESMF_FieldRedistUTest.F90, line 122
  Ending Test, file ESMF_FieldRedistUTest.F90, line 122
  PET           1  Test Elapsed Time    72.692000000000007       msec.
  PET           3  Test Elapsed Time    72.920000000000016       msec.
  PET           2  Test Elapsed Time    72.650999999999996       msec.
  PET           0  Test Elapsed Time    72.919999999999987       msec.
