2022-07-15 09:57:40
  Beginning Test, file ESMF_AttPackStateUTest.F90, line 85
  NUMBER_OF_PROCESSORS           4
  Beginning Test, file ESMF_AttPackStateUTest.F90, line 85
  NUMBER_OF_PROCESSORS           4
  Beginning Test, file ESMF_AttPackStateUTest.F90, line 85
  NUMBER_OF_PROCESSORS           4
  Beginning Test, file ESMF_AttPackStateUTest.F90, line 85
  NUMBER_OF_PROCESSORS           4
  PASS  Creating a custom Attribute package on a State Test, ESMF_AttPackStateUTest.F90, line 137
  PASS  Creating a custom Attribute package on a State Test, ESMF_AttPackStateUTest.F90, line 137
  PASS  Creating a custom Attribute package on a State Test, ESMF_AttPackStateUTest.F90, line 137
  PASS  Creating a custom Attribute package on a State Test, ESMF_AttPackStateUTest.F90, line 137
  PASS  Add to a custom Attribute package on a State Test, ESMF_AttPackStateUTest.F90, line 162
  PASS  Add to a custom Attribute package on a State Test, ESMF_AttPackStateUTest.F90, line 162
  PASS  Setting an ESMF_I4 Attribute using an AttPack object on a State Test, ESMF_AttPackStateUTest.F90, line 175
  PASS  Setting an ESMF_I4 Attribute using an AttPack object on a State Test, ESMF_AttPackStateUTest.F90, line 175
  PASS  Getting an ESMF_I4 Attribute using an AttPack object on a State Test, ESMF_AttPackStateUTest.F90, line 184
  PASS  Getting an ESMF_I4 Attribute using an AttPack object on a State Test, ESMF_AttPackStateUTest.F90, line 184
  PASS  Add to a custom Attribute package on a State Test, ESMF_AttPackStateUTest.F90, line 162
  PASS  Add to a custom Attribute package on a State Test, ESMF_AttPackStateUTest.F90, line 162
  PASS  Setting an ESMF_I4 Attribute using an AttPack object on a State Test, ESMF_AttPackStateUTest.F90, line 175
  PASS  Setting an ESMF_I4 Attribute using an AttPack object on a State Test, ESMF_AttPackStateUTest.F90, line 175
  PASS  Setting an ESMF_I4 list Attribute using an AttPack object on a State Test, ESMF_AttPackStateUTest.F90, line 193
  PASS  Setting an ESMF_I4 list Attribute using an AttPack object on a State Test, ESMF_AttPackStateUTest.F90, line 193
  PASS  Getting an ESMF_I4 Attribute using an AttPack object on a State Test, ESMF_AttPackStateUTest.F90, line 184
  PASS  Getting an ESMF_I4 Attribute using an AttPack object on a State Test, ESMF_AttPackStateUTest.F90, line 184
  PASS  Getting an ESMF_I4 list Attribute using an AttPack object on a State Test, ESMF_AttPackStateUTest.F90, line 203
  PASS  Getting an ESMF_I4 list Attribute using an AttPack object on a State Test, ESMF_AttPackStateUTest.F90, line 203
  PASS  Setting an ESMF_I8 Attribute using an AttPack object on a State Test, ESMF_AttPackStateUTest.F90, line 212
  PASS  Setting an ESMF_I8 Attribute using an AttPack object on a State Test, ESMF_AttPackStateUTest.F90, line 212
  PASS  Getting an ESMF_I8 Attribute using an AttPack object on a State Test, ESMF_AttPackStateUTest.F90, line 221
  PASS  Getting an ESMF_I8 Attribute using an AttPack object on a State Test, ESMF_AttPackStateUTest.F90, line 221
  PASS  Setting an ESMF_I4 list Attribute using an AttPack object on a State Test, ESMF_AttPackStateUTest.F90, line 193
  PASS  Setting an ESMF_I4 list Attribute using an AttPack object on a State Test, ESMF_AttPackStateUTest.F90, line 193
  PASS  Setting an ESMF_I8 list Attribute using an AttPack object on a State Test, ESMF_AttPackStateUTest.F90, line 230
  PASS  Setting an ESMF_I8 list Attribute using an AttPack object on a State Test, ESMF_AttPackStateUTest.F90, line 230
  PASS  Getting an ESMF_I4 list Attribute using an AttPack object on a State Test, ESMF_AttPackStateUTest.F90, line 203
  PASS  Getting an ESMF_I4 list Attribute using an AttPack object on a State Test, ESMF_AttPackStateUTest.F90, line 203
  PASS  Getting an ESMF_I8 list Attribute using an AttPack object on a State Test, ESMF_AttPackStateUTest.F90, line 240
  PASS  Getting an ESMF_I8 list Attribute using an AttPack object on a State Test, ESMF_AttPackStateUTest.F90, line 240
  PASS  Setting an ESMF_R4 Attribute using an AttPack object on a State Test, ESMF_AttPackStateUTest.F90, line 249
  PASS  Getting an ESMF_R4 Attribute using an AttPack object on a State Test, ESMF_AttPackStateUTest.F90, line 258
  PASS  Setting an ESMF_R4 list Attribute using an AttPack object on a State Test, ESMF_AttPackStateUTest.F90, line 267
  PASS  Getting an ESMF_R4 list Attribute using an AttPack object on a State Test, ESMF_AttPackStateUTest.F90, line 277
  PASS  Setting an ESMF_R8name Attribute using an AttPack object on a State Test, ESMF_AttPackStateUTest.F90, line 286
  PASS  Setting an ESMF_I8 Attribute using an AttPack object on a State Test, ESMF_AttPackStateUTest.F90, line 212
  PASS  Getting an ESMF_I8 Attribute using an AttPack object on a State Test, ESMF_AttPackStateUTest.F90, line 221
  PASS  Setting an ESMF_I8 list Attribute using an AttPack object on a State Test, ESMF_AttPackStateUTest.F90, line 230
  PASS  Getting an ESMF_I8 list Attribute using an AttPack object on a State Test, ESMF_AttPackStateUTest.F90, line 240
  PASS  Setting an ESMF_R4 Attribute using an AttPack object on a State Test, ESMF_AttPackStateUTest.F90, line 249
  PASS  Getting an ESMF_R4 Attribute using an AttPack object on a State Test, ESMF_AttPackStateUTest.F90, line 258
  PASS  Setting an ESMF_R4 list Attribute using an AttPack object on a State Test, ESMF_AttPackStateUTest.F90, line 267
  PASS  Getting an ESMF_R4 list Attribute using an AttPack object on a State Test, ESMF_AttPackStateUTest.F90, line 277
  PASS  Setting an ESMF_R8name Attribute using an AttPack object on a State Test, ESMF_AttPackStateUTest.F90, line 286
  PASS  Setting an ESMF_I8 Attribute using an AttPack object on a State Test, ESMF_AttPackStateUTest.F90, line 212
  PASS  Getting an ESMF_I8 Attribute using an AttPack object on a State Test, ESMF_AttPackStateUTest.F90, line 221
  PASS  Setting an ESMF_I8 list Attribute using an AttPack object on a State Test, ESMF_AttPackStateUTest.F90, line 230
  PASS  Getting an ESMF_I8 list Attribute using an AttPack object on a State Test, ESMF_AttPackStateUTest.F90, line 240
  PASS  Setting an ESMF_R4 Attribute using an AttPack object on a State Test, ESMF_AttPackStateUTest.F90, line 249
  PASS  Getting an ESMF_R4 Attribute using an AttPack object on a State Test, ESMF_AttPackStateUTest.F90, line 258
  PASS  Setting an ESMF_R4 list Attribute using an AttPack object on a State Test, ESMF_AttPackStateUTest.F90, line 267
  PASS  Getting an ESMF_R4 list Attribute using an AttPack object on a State Test, ESMF_AttPackStateUTest.F90, line 277
  PASS  Setting an ESMF_R8name Attribute using an AttPack object on a State Test, ESMF_AttPackStateUTest.F90, line 286
  PASS  Setting an ESMF_R4 Attribute using an AttPack object on a State Test, ESMF_AttPackStateUTest.F90, line 249
  PASS  Getting an ESMF_R4 Attribute using an AttPack object on a State Test, ESMF_AttPackStateUTest.F90, line 258
  PASS  Setting an ESMF_R4 list Attribute using an AttPack object on a State Test, ESMF_AttPackStateUTest.F90, line 267
  PASS  Getting an ESMF_R4 list Attribute using an AttPack object on a State Test, ESMF_AttPackStateUTest.F90, line 277
  PASS  Setting an ESMF_R8name Attribute using an AttPack object on a State Test, ESMF_AttPackStateUTest.F90, line 286
  PASS  Getting an ESMF_R8 Attribute using an AttPack object on a State Test, ESMF_AttPackStateUTest.F90, line 295
  PASS  Setting an ESMF_R8 list Attribute using an AttPack object on a State Test, ESMF_AttPackStateUTest.F90, line 304
  PASS  Getting an ESMF_R8 list Attribute using an AttPack object on a State Test, ESMF_AttPackStateUTest.F90, line 314
  PASS  Getting an ESMF_R8 Attribute using an AttPack object on a State Test, ESMF_AttPackStateUTest.F90, line 295
  PASS  Setting a logical Attribute using an AttPack object on a State Test, ESMF_AttPackStateUTest.F90, line 323
  PASS  Getting a logical Attribute using an AttPack object on a State Test, ESMF_AttPackStateUTest.F90, line 332
  PASS  Setting an ESMF_R8 list Attribute using an AttPack object on a State Test, ESMF_AttPackStateUTest.F90, line 304
  PASS  Getting an ESMF_R8 Attribute using an AttPack object on a State Test, ESMF_AttPackStateUTest.F90, line 295
  PASS  Setting a logical list Attribute using an AttPack object on a State Test, ESMF_AttPackStateUTest.F90, line 341
  PASS  Getting an ESMF_R8 list Attribute using an AttPack object on a State Test, ESMF_AttPackStateUTest.F90, line 314
  PASS  Setting an ESMF_R8 list Attribute using an AttPack object on a State Test, ESMF_AttPackStateUTest.F90, line 304
  PASS  Getting a logical list Attribute using an AttPack object on a State Test, ESMF_AttPackStateUTest.F90, line 351
  PASS  Setting a logical Attribute using an AttPack object on a State Test, ESMF_AttPackStateUTest.F90, line 323
  PASS  Getting an ESMF_R8 list Attribute using an AttPack object on a State Test, ESMF_AttPackStateUTest.F90, line 314
  PASS  Setting a character Attribute using an AttPack object on a State Test, ESMF_AttPackStateUTest.F90, line 360
  PASS  Setting a logical Attribute using an AttPack object on a State Test, ESMF_AttPackStateUTest.F90, line 323
  PASS  Getting a logical Attribute using an AttPack object on a State Test, ESMF_AttPackStateUTest.F90, line 332
  PASS  Getting a character Attribute using an AttPack object on a State Test, ESMF_AttPackStateUTest.F90, line 369
  PASS  Getting a logical Attribute using an AttPack object on a State Test, ESMF_AttPackStateUTest.F90, line 332
  PASS  Setting a logical list Attribute using an AttPack object on a State Test, ESMF_AttPackStateUTest.F90, line 341
  PASS  Setting a logical list Attribute using an AttPack object on a State Test, ESMF_AttPackStateUTest.F90, line 341
  PASS  Setting a character list Attribute using an AttPack object on a State Test, ESMF_AttPackStateUTest.F90, line 378
  PASS  Getting a logical list Attribute using an AttPack object on a State Test, ESMF_AttPackStateUTest.F90, line 351
  PASS  Getting a logical list Attribute using an AttPack object on a State Test, ESMF_AttPackStateUTest.F90, line 351
  PASS  Setting a character Attribute using an AttPack object on a State Test, ESMF_AttPackStateUTest.F90, line 360
  PASS  Getting a character list Attribute using an AttPack object on a State Test, ESMF_AttPackStateUTest.F90, line 388
  PASS  Setting a character Attribute using an AttPack object on a State Test, ESMF_AttPackStateUTest.F90, line 360
  PASS  Getting a character Attribute using an AttPack object on a State Test, ESMF_AttPackStateUTest.F90, line 369
  PASS  Getting a character Attribute using an AttPack object on a State Test, ESMF_AttPackStateUTest.F90, line 369
  PASS  Getting an ESMF_R8 Attribute using an AttPack object on a State Test, ESMF_AttPackStateUTest.F90, line 295
  PASS  Removing an Char list Attribute using an AttPack object on a State Test, ESMF_AttPackStateUTest.F90, line 396
  PASS  Setting an ESMF_R8 list Attribute using an AttPack object on a State Test, ESMF_AttPackStateUTest.F90, line 304
  PASS  Setting a character list Attribute using an AttPack object on a State Test, ESMF_AttPackStateUTest.F90, line 378
  PASS  Setting a character list Attribute using an AttPack object on a State Test, ESMF_AttPackStateUTest.F90, line 378
  PASS  Getting an ESMF_R8 list Attribute using an AttPack object on a State Test, ESMF_AttPackStateUTest.F90, line 314
  PASS  Test for getting the Attribute count of an Attpack on mobj, count =           11, ESMF_AttPackStateUTest.F90, line 408
  PASS  Setting a logical Attribute using an AttPack object on a State Test, ESMF_AttPackStateUTest.F90, line 323
  PASS  Getting a character list Attribute using an AttPack object on a State Test, ESMF_AttPackStateUTest.F90, line 388
  PASS  Getting a character list Attribute using an AttPack object on a State Test, ESMF_AttPackStateUTest.F90, line 388
  PASS  Getting a logical Attribute using an AttPack object on a State Test, ESMF_AttPackStateUTest.F90, line 332
  PASS  Test for getting the Attribute count using an Attpack object on mobj, count =           11, ESMF_AttPackStateUTest.F90, line 420
  PASS  Setting a logical list Attribute using an AttPack object on a State Test, ESMF_AttPackStateUTest.F90, line 341
  PASS  Getting a logical list Attribute using an AttPack object on a State Test, ESMF_AttPackStateUTest.F90, line 351
  PASS  Removing an Char list Attribute using an AttPack object on a State Test, ESMF_AttPackStateUTest.F90, line 396
  PASS  Setting a character Attribute using an AttPack object on a State Test, ESMF_AttPackStateUTest.F90, line 360
  PASS  Removing an Char list Attribute using an AttPack object on a State Test, ESMF_AttPackStateUTest.F90, line 396
  PASS  Test for getting the Attpack count of an Attpack on mobj, count =            0, ESMF_AttPackStateUTest.F90, line 434
  PASS  Getting a character Attribute using an AttPack object on a State Test, ESMF_AttPackStateUTest.F90, line 369
  PASS  Test for getting the Attpack count using an Attpack object on mobj, count =            0, ESMF_AttPackStateUTest.F90, line 448
  PASS  Setting a character list Attribute using an AttPack object on a State Test, ESMF_AttPackStateUTest.F90, line 378
  PASS  Test for getting the Attribute count of an Attpack on mobj, count =           11, ESMF_AttPackStateUTest.F90, line 408
  PASS  Test for getting the Attribute count of an Attpack on mobj, count =           11, ESMF_AttPackStateUTest.F90, line 408
  PASS  Getting a character list Attribute using an AttPack object on a State Test, ESMF_AttPackStateUTest.F90, line 388
  PASS  Test for getting the Attribute count using an Attpack object on mobj, count =           11, ESMF_AttPackStateUTest.F90, line 420
  PASS  Test for getting the Attribute count using an Attpack object on mobj, count =           11, ESMF_AttPackStateUTest.F90, line 420
  PASS  Removing an Char list Attribute using an AttPack object on a State Test, ESMF_AttPackStateUTest.F90, line 396
  PASS  Test for getting the Attpack count of an Attpack on mobj, count =            0, ESMF_AttPackStateUTest.F90, line 434
  PASS  Test for getting the Attpack count of an Attpack on mobj, count =            0, ESMF_AttPackStateUTest.F90, line 434
  PASS  Test for getting the Attribute count of an Attpack on mobj, count =           11, ESMF_AttPackStateUTest.F90, line 408
  PASS  Test for getting the Attpack count using an Attpack object on mobj, count =            0, ESMF_AttPackStateUTest.F90, line 448
  PASS  Test for getting the Attribute count using an Attpack object on mobj, count =           11, ESMF_AttPackStateUTest.F90, line 420
  PASS  Test for getting the Attpack count using an Attpack object on mobj, count =            0, ESMF_AttPackStateUTest.F90, line 448
  PASS  Test for getting the Attpack count of an Attpack on mobj, count =            0, ESMF_AttPackStateUTest.F90, line 434
  PASS  Test for getting the Attpack count using an Attpack object on mobj, count =            0, ESMF_AttPackStateUTest.F90, line 448
  PASS  Adding multiple Attributes to a nested Attribute package on a State Test, ESMF_AttPackStateUTest.F90, line 479
  PASS  Add a duplicate attpack. Ensure mappig is identical after adding., ESMF_AttPackStateUTest.F90, line 495
  PASS  Adding multiple Attributes to a nested Attribute package on a State Test, ESMF_AttPackStateUTest.F90, line 479
  PASS  Removing an Attribute in a nested Attribute package on a State Test, ESMF_AttPackStateUTest.F90, line 506
  PASS  Adding multiple Attributes to a nested Attribute package on a State Test, ESMF_AttPackStateUTest.F90, line 479
  PASS  Adding multiple Attributes to a nested Attribute package on a State Test, ESMF_AttPackStateUTest.F90, line 479
  PASS  Removing an Attribute in a nested Attribute package on mobj Test, again, ESMF_AttPackStateUTest.F90, line 515
  PASS  Add a duplicate attpack. Ensure mappig is identical after adding., ESMF_AttPackStateUTest.F90, line 495
  PASS  Add a duplicate attpack. Ensure mappig is identical after adding., ESMF_AttPackStateUTest.F90, line 495
  PASS  Getting a default Attribute character list in a nested Attribute package on mobj test2, ESMF_AttPackStateUTest.F90, line 526
  PASS  Get a nested AttPack on a State Test, ESMF_AttPackStateUTest.F90, line 539
  PASS  Add a duplicate attpack. Ensure mappig is identical after adding., ESMF_AttPackStateUTest.F90, line 495
  PASS  Removing an Attribute in a nested Attribute package on a State Test, ESMF_AttPackStateUTest.F90, line 506
  PASS  Removing an Attribute in a nested Attribute package on a State Test, ESMF_AttPackStateUTest.F90, line 506
  PASS  Getting a char list Attribute in a nested Attribute package on a State Test, ESMF_AttPackStateUTest.F90, line 551
  PASS  Removing an Attribute in a nested Attribute package on a State Test, ESMF_AttPackStateUTest.F90, line 506
  PASS  Removing an Attribute in a nested Attribute package on mobj Test, again, ESMF_AttPackStateUTest.F90, line 515
  PASS  Setting an ESMF_R8 list Attribute using a nested AttPack object on a State Test, ESMF_AttPackStateUTest.F90, line 560
  PASS  Getting a default Attribute character list in a nested Attribute package on mobj test2, ESMF_AttPackStateUTest.F90, line 526
  PASS  Removing an Attribute in a nested Attribute package on mobj Test, again, ESMF_AttPackStateUTest.F90, line 515
  PASS  Getting an ESMF_R8 list Attribute using a nested AttPack object on a State Test, ESMF_AttPackStateUTest.F90, line 570
  PASS  Get a nested AttPack on a State Test, ESMF_AttPackStateUTest.F90, line 539
  PASS  Removing an Attribute in a nested Attribute package on mobj Test, again, ESMF_AttPackStateUTest.F90, line 515
  PASS  Setting a logical Attribute using a nested AttPack object on a State Test, ESMF_AttPackStateUTest.F90, line 579
  PASS  Getting a default Attribute character list in a nested Attribute package on mobj test2, ESMF_AttPackStateUTest.F90, line 526
  PASS  Getting a default Attribute character list in a nested Attribute package on mobj test2, ESMF_AttPackStateUTest.F90, line 526
  PASS  Getting a logical Attribute using a nested AttPack object on a State Test, ESMF_AttPackStateUTest.F90, line 589
  PASS  Get a nested AttPack on a State Test, ESMF_AttPackStateUTest.F90, line 539
  PASS  Get a nested AttPack on a State Test, ESMF_AttPackStateUTest.F90, line 539
  PASS  Getting a char list Attribute in a nested Attribute package on a State Test, ESMF_AttPackStateUTest.F90, line 551
  PASS  Setting a character Attribute using a nested AttPack object on a State Test, ESMF_AttPackStateUTest.F90, line 598
  PASS  Getting a character Attribute using a nested AttPack object on a State Test, ESMF_AttPackStateUTest.F90, line 608
  PASS  Setting an ESMF_R8 list Attribute using a nested AttPack object on a State Test, ESMF_AttPackStateUTest.F90, line 560
  PASS  Getting a char list Attribute in a nested Attribute package on a State Test, ESMF_AttPackStateUTest.F90, line 551
  PASS  Getting an ESMF_R8 list Attribute using a nested AttPack object on a State Test, ESMF_AttPackStateUTest.F90, line 570
  PASS  Getting a char list Attribute in a nested Attribute package on a State Test, ESMF_AttPackStateUTest.F90, line 551
  PASS  Removing an Char list Attribute using a nested AttPack object on a State Test, ESMF_AttPackStateUTest.F90, line 617
  PASS  Setting a logical Attribute using a nested AttPack object on a State Test, ESMF_AttPackStateUTest.F90, line 579
  PASS  Test for the presence of a nested AttPack2 on mobj, ESMF_AttPackStateUTest.F90, line 628
  PASS  Getting a logical Attribute using a nested AttPack object on a State Test, ESMF_AttPackStateUTest.F90, line 589
  PASS  Setting an ESMF_R8 list Attribute using a nested AttPack object on a State Test, ESMF_AttPackStateUTest.F90, line 560
  PASS  Setting an ESMF_R8 list Attribute using a nested AttPack object on a State Test, ESMF_AttPackStateUTest.F90, line 560
  PASS  Setting a character Attribute using a nested AttPack object on a State Test, ESMF_AttPackStateUTest.F90, line 598
  PASS  Getting an ESMF_R8 list Attribute using a nested AttPack object on a State Test, ESMF_AttPackStateUTest.F90, line 570
  PASS  Getting a character Attribute in a nested AttPack with ESMF_ATTNEST_OFF on a State Test, ESMF_AttPackStateUTest.F90, line 638
  PASS  Getting a character Attribute using a nested AttPack object on a State Test, ESMF_AttPackStateUTest.F90, line 608
  PASS  Getting an ESMF_R8 list Attribute using a nested AttPack object on a State Test, ESMF_AttPackStateUTest.F90, line 570
  PASS  Setting a logical Attribute using a nested AttPack object on a State Test, ESMF_AttPackStateUTest.F90, line 579
  PASS  Test for the presence of a nested AttPack on mobj, ESMF_AttPackStateUTest.F90, line 649
  PASS  Setting a logical Attribute using a nested AttPack object on a State Test, ESMF_AttPackStateUTest.F90, line 579
  PASS  Getting a logical Attribute using a nested AttPack object on a State Test, ESMF_AttPackStateUTest.F90, line 589
  PASS  Removing an Char list Attribute using a nested AttPack object on a State Test, ESMF_AttPackStateUTest.F90, line 617
  PASS  Test for the presence of a nested AttPack2 on mobj, ESMF_AttPackStateUTest.F90, line 628
  PASS  Setting a character Attribute using a nested AttPack object on a State Test, ESMF_AttPackStateUTest.F90, line 598
  PASS  Getting a logical Attribute using a nested AttPack object on a State Test, ESMF_AttPackStateUTest.F90, line 589
  PASS  Setting a character Attribute using a nested AttPack object on a State Test, ESMF_AttPackStateUTest.F90, line 598
  PASS  Getting a character Attribute using a nested AttPack object on a State Test, ESMF_AttPackStateUTest.F90, line 608
  PASS  Test for the presence of a nested AttPack using index on mobj, ESMF_AttPackStateUTest.F90, line 660
  PASS  Getting a character Attribute in a nested AttPack with ESMF_ATTNEST_OFF on a State Test, ESMF_AttPackStateUTest.F90, line 638
  PASS  Test for the presence of a nested AttPack on mobj, ESMF_AttPackStateUTest.F90, line 649
  PASS  Test for getting the count of Attributes in a  nested Attpack, count =           11, ESMF_AttPackStateUTest.F90, line 678
  PASS  Getting a character Attribute using a nested AttPack object on a State Test, ESMF_AttPackStateUTest.F90, line 608
  PASS  Removing an Char list Attribute using a nested AttPack object on a State Test, ESMF_AttPackStateUTest.F90, line 617
  PASS  Test for getting the count of Attpacks in a  nested Attpack, count =            1, ESMF_AttPackStateUTest.F90, line 691
  PASS  Test for the presence of a nested AttPack2 on mobj, ESMF_AttPackStateUTest.F90, line 628
  PASS  Removing an Char list Attribute using a nested AttPack object on a State Test, ESMF_AttPackStateUTest.F90, line 617
  PASS  Test for getting the count of Attributes in a  nested Attpack, count =           10, ESMF_AttPackStateUTest.F90, line 704
  PASS  Test for the presence of a nested AttPack2 on mobj, ESMF_AttPackStateUTest.F90, line 628
  PASS  Test for the presence of a nested AttPack using index on mobj, ESMF_AttPackStateUTest.F90, line 660
  PASS  Getting a character Attribute in a nested AttPack with ESMF_ATTNEST_OFF on a State Test, ESMF_AttPackStateUTest.F90, line 638
  PASS  Test for getting the count of Attpacks in a  nested Attpack, count =            0, ESMF_AttPackStateUTest.F90, line 717
  PASS  Test for getting the count of Attributes in a  nested Attpack, count =           11, ESMF_AttPackStateUTest.F90, line 678
  PASS  Test for the presence of a nested AttPack on mobj, ESMF_AttPackStateUTest.F90, line 649
  PASS  Test for getting the count of Attpacks in a  nested Attpack, count =            1, ESMF_AttPackStateUTest.F90, line 691
  PASS  Test for getting the count of Attributes in a  nested Attpack with ATTNEST_OFF, count =           11, ESMF_AttPackStateUTest.F90, line 735
  PASS  Getting a character Attribute in a nested AttPack with ESMF_ATTNEST_OFF on a State Test, ESMF_AttPackStateUTest.F90, line 638
  PASS  Test for getting the count of Attributes in a nested Attpack with ATTNEST_ON, count =           21, ESMF_AttPackStateUTest.F90, line 749
  PASS  Test for getting the count of Attributes in a  nested Attpack, count =           10, ESMF_AttPackStateUTest.F90, line 704
  PASS  Test for the presence of a nested AttPack on mobj, ESMF_AttPackStateUTest.F90, line 649
  PASS  Test for getting the count of Attpacks in a  nested Attpack, count =            0, ESMF_AttPackStateUTest.F90, line 717
  PASS  Test for the presence of a nested AttPack using index on mobj, ESMF_AttPackStateUTest.F90, line 660
  PASS  Test for getting the count of Attributes in a  nested Attpack with ATTNEST_OFF, count =           11, ESMF_AttPackStateUTest.F90, line 735
  PASS  Test for getting the count of Attributes in a nested Attpack with ATTNEST_ON, count =           21, ESMF_AttPackStateUTest.F90, line 749
  PASS  Test for getting the count of Attributes in a  nested Attpack, count =           11, ESMF_AttPackStateUTest.F90, line 678
  PASS  Test for the presence of a nested AttPack using index on mobj, ESMF_AttPackStateUTest.F90, line 660
  PASS  Test for getting the count of Attpacks in a  nested Attpack, count =            1, ESMF_AttPackStateUTest.F90, line 691
  PASS  Test for getting the count of Attributes in a  nested Attpack, count =           11, ESMF_AttPackStateUTest.F90, line 678
  PASS  Test for getting the count of Attpacks in a  nested Attpack, count =            1, ESMF_AttPackStateUTest.F90, line 691
  PASS  Test for getting the count of Attributes in a  nested Attpack, count =           10, ESMF_AttPackStateUTest.F90, line 704
  PASS  Test for getting the count of Attributes in a  nested Attpack, count =           10, ESMF_AttPackStateUTest.F90, line 704
  PASS  Test for getting the count of Attpacks in a  nested Attpack, count =            0, ESMF_AttPackStateUTest.F90, line 717
  PASS  Test for getting the count of Attpacks in a  nested Attpack, count =            0, ESMF_AttPackStateUTest.F90, line 717
  PASS  Test for getting the count of Attributes in a  nested Attpack with ATTNEST_OFF, count =           11, ESMF_AttPackStateUTest.F90, line 735
  PASS  Test for getting the count of Attributes in a  nested Attpack with ATTNEST_OFF, count =           11, ESMF_AttPackStateUTest.F90, line 735
  PASS  Test for getting the count of Attributes in a nested Attpack with ATTNEST_ON, count =           21, ESMF_AttPackStateUTest.F90, line 749
  PASS  Test for getting the count of Attributes in a nested Attpack with ATTNEST_ON, count =           21, ESMF_AttPackStateUTest.F90, line 749
  PASS  Get all Attributes in an AttPack object by index with ATTNEST_ON Test, count =           21 , convention = customconvention_top, purpose = custompurpose_top, ESMF_AttPackStateUTest.F90, line 766
  PASS  Test for getting an Attribute in a nested Attpack by  index too large with ATTNESTFLAG_OFF, ESMF_AttPackStateUTest.F90, line 779
  PASS  Get all Attributes in an AttPack object by index with ATTNEST_ON Test, count =           21 , convention = customconvention_top, purpose = custompurpose_top, ESMF_AttPackStateUTest.F90, line 766
  PASS  Test for getting an Attribute in a nested Attpack by  index too large with ATTNESTFLAG_ON, ESMF_AttPackStateUTest.F90, line 792
  PASS  Test for getting an Attribute in a nested Attpack by  index too large with ATTNESTFLAG_OFF, ESMF_AttPackStateUTest.F90, line 779
  PASS  Creating a custom Attribute package on a State Test, ESMF_AttPackStateUTest.F90, line 810
  PASS  Test for getting an Attribute in a nested Attpack by  index too large with ATTNESTFLAG_ON, ESMF_AttPackStateUTest.F90, line 792
  PASS  Getting a nonexistent Attribute from a State Test, ESMF_AttPackStateUTest.F90, line 824
  PASS  Creating a custom Attribute package on a State Test, ESMF_AttPackStateUTest.F90, line 810
  PASS  Getting an unset char Attribute in an Attribute package with defaultValue on a State Test, ESMF_AttPackStateUTest.F90, line 836
  PASS  Setting an Attribute in an Attribute package to empty string on a State Test, ESMF_AttPackStateUTest.F90, line 845
  PASS  Setting an Attribute in an Attribute package on a State Test, ESMF_AttPackStateUTest.F90, line 856
  PASS  Getting a nonexistent Attribute from a State Test, ESMF_AttPackStateUTest.F90, line 824
  PASS  Setting a char list Attribute in an Attribute package on a State Test, ESMF_AttPackStateUTest.F90, line 867
  PASS  Getting a char list Attribute in an Attribute package on a State Test, ESMF_AttPackStateUTest.F90, line 877
  PASS  Getting an unset char Attribute in an Attribute package with defaultValue on a State Test, ESMF_AttPackStateUTest.F90, line 836
  PASS  Setting an Attribute in an Attribute package to empty string on a State Test, ESMF_AttPackStateUTest.F90, line 845
  PASS  Removeing an Attribute in an Attribute package on a State Test, ESMF_AttPackStateUTest.F90, line 885
  PASS  Setting an Attribute in an Attribute package on a State Test, ESMF_AttPackStateUTest.F90, line 856
  PASS  Getting a default Attribute character list in an Attribute package on a State Test, ESMF_AttPackStateUTest.F90, line 899
  PASS  Setting a char list Attribute in an Attribute package on a State Test, ESMF_AttPackStateUTest.F90, line 867
  PASS  Getting a char list Attribute in an Attribute package on a State Test, ESMF_AttPackStateUTest.F90, line 877
  PASS  Removeing an Attribute in an Attribute package on a State Test, ESMF_AttPackStateUTest.F90, line 885
  PASS  Test for the presence of an AttPack object on mobj, ESMF_AttPackStateUTest.F90, line 909
  PASS  Getting a default Attribute character list in an Attribute package on a State Test, ESMF_AttPackStateUTest.F90, line 899
  PASS  Removing the entire Attribute package from a State Test, ESMF_AttPackStateUTest.F90, line 917
  PASS  Get all Attributes in an AttPack object by index with ATTNEST_ON Test, count =           21 , convention = customconvention_top, purpose = custompurpose_top, ESMF_AttPackStateUTest.F90, line 766
  PASS  Test for the presence of an AttPack object on mobj, ESMF_AttPackStateUTest.F90, line 909
  PASS  Get all Attributes in an AttPack object by index with ATTNEST_ON Test, count =           21 , convention = customconvention_top, purpose = custompurpose_top, ESMF_AttPackStateUTest.F90, line 766
  PASS  Removing the entire Attribute package from a State Test, ESMF_AttPackStateUTest.F90, line 925
  PASS  Removing the entire Attribute package from a State Test, ESMF_AttPackStateUTest.F90, line 917
  PASS  Test for getting an Attribute in a nested Attpack by  index too large with ATTNESTFLAG_OFF, ESMF_AttPackStateUTest.F90, line 779
  PASS  Test for getting an Attribute in a nested Attpack by  index too large with ATTNESTFLAG_OFF, ESMF_AttPackStateUTest.F90, line 779
  PASS  Creating a standard Attribute package on a State Test, ESMF_AttPackStateUTest.F90, line 943
  PASS  Removing the entire Attribute package from a State Test, ESMF_AttPackStateUTest.F90, line 925
  PASS  Test for getting the count of Attributes in a nested Attpack, count =            0, ESMF_AttPackStateUTest.F90, line 957
  PASS  Get all Attributes in an AttPack object by index Test, count =            0 , convention = ESMF, purpose = General, ESMF_AttPackStateUTest.F90, line 974
  PASS  Test for getting an Attribute in a nested Attpack by  index too large with ATTNESTFLAG_ON, ESMF_AttPackStateUTest.F90, line 792
  PASS  Test for getting an Attribute in a nested Attpack by  index too large with ATTNESTFLAG_ON, ESMF_AttPackStateUTest.F90, line 792
  PASS  Creating a standard Attribute package on a State Test, ESMF_AttPackStateUTest.F90, line 943
  Ending Test, file ESMF_AttPackStateUTest.F90, line 982
  PASS  Test for getting the count of Attributes in a nested Attpack, count =            0, ESMF_AttPackStateUTest.F90, line 957
  PASS  Get all Attributes in an AttPack object by index Test, count =            0 , convention = ESMF, purpose = General, ESMF_AttPackStateUTest.F90, line 974
  Ending Test, file ESMF_AttPackStateUTest.F90, line 982
  PASS  Creating a custom Attribute package on a State Test, ESMF_AttPackStateUTest.F90, line 810
  PASS  Creating a custom Attribute package on a State Test, ESMF_AttPackStateUTest.F90, line 810
  PASS  Getting a nonexistent Attribute from a State Test, ESMF_AttPackStateUTest.F90, line 824
  PASS  Getting a nonexistent Attribute from a State Test, ESMF_AttPackStateUTest.F90, line 824
  PASS  Getting an unset char Attribute in an Attribute package with defaultValue on a State Test, ESMF_AttPackStateUTest.F90, line 836
  PASS  Getting an unset char Attribute in an Attribute package with defaultValue on a State Test, ESMF_AttPackStateUTest.F90, line 836
  PASS  Setting an Attribute in an Attribute package to empty string on a State Test, ESMF_AttPackStateUTest.F90, line 845
  PASS  Setting an Attribute in an Attribute package to empty string on a State Test, ESMF_AttPackStateUTest.F90, line 845
  PASS  Setting an Attribute in an Attribute package on a State Test, ESMF_AttPackStateUTest.F90, line 856
  PASS  Setting an Attribute in an Attribute package on a State Test, ESMF_AttPackStateUTest.F90, line 856
  PASS  Setting a char list Attribute in an Attribute package on a State Test, ESMF_AttPackStateUTest.F90, line 867
  PASS  Setting a char list Attribute in an Attribute package on a State Test, ESMF_AttPackStateUTest.F90, line 867
  PASS  Getting a char list Attribute in an Attribute package on a State Test, ESMF_AttPackStateUTest.F90, line 877
  PASS  Getting a char list Attribute in an Attribute package on a State Test, ESMF_AttPackStateUTest.F90, line 877
  PASS  Removeing an Attribute in an Attribute package on a State Test, ESMF_AttPackStateUTest.F90, line 885
  PASS  Removeing an Attribute in an Attribute package on a State Test, ESMF_AttPackStateUTest.F90, line 885
  PASS  Getting a default Attribute character list in an Attribute package on a State Test, ESMF_AttPackStateUTest.F90, line 899
  PASS  Getting a default Attribute character list in an Attribute package on a State Test, ESMF_AttPackStateUTest.F90, line 899
  PASS  Test for the presence of an AttPack object on mobj, ESMF_AttPackStateUTest.F90, line 909
  PASS  Test for the presence of an AttPack object on mobj, ESMF_AttPackStateUTest.F90, line 909
  PASS  Removing the entire Attribute package from a State Test, ESMF_AttPackStateUTest.F90, line 917
  PASS  Removing the entire Attribute package from a State Test, ESMF_AttPackStateUTest.F90, line 917
  PASS  Removing the entire Attribute package from a State Test, ESMF_AttPackStateUTest.F90, line 925
  PASS  Removing the entire Attribute package from a State Test, ESMF_AttPackStateUTest.F90, line 925
  PASS  Creating a standard Attribute package on a State Test, ESMF_AttPackStateUTest.F90, line 943
  PASS  Creating a standard Attribute package on a State Test, ESMF_AttPackStateUTest.F90, line 943
  PASS  Test for getting the count of Attributes in a nested Attpack, count =            0, ESMF_AttPackStateUTest.F90, line 957
  PASS  Get all Attributes in an AttPack object by index Test, count =            0 , convention = ESMF, purpose = General, ESMF_AttPackStateUTest.F90, line 974
  PASS  Test for getting the count of Attributes in a nested Attpack, count =            0, ESMF_AttPackStateUTest.F90, line 957
  PASS  Get all Attributes in an AttPack object by index Test, count =            0 , convention = ESMF, purpose = General, ESMF_AttPackStateUTest.F90, line 974
  Ending Test, file ESMF_AttPackStateUTest.F90, line 982
  Ending Test, file ESMF_AttPackStateUTest.F90, line 982
  PET           1  Test Elapsed Time    20.464999999999982       msec.
  PET           3  Test Elapsed Time    20.658000000000008       msec.
  PET           0  Test Elapsed Time    17.575000000000006       msec.
  PET           2  Test Elapsed Time    18.350000000000005       msec.
