2022-07-14 01:49:41
  Beginning Test, file ESMF_VMOpenMPUTest.F90, line 57
  NUMBER_OF_PROCESSORS           4
  Beginning Test, file ESMF_VMOpenMPUTest.F90, line 57
  NUMBER_OF_PROCESSORS           4
  Beginning Test, file ESMF_VMOpenMPUTest.F90, line 57
  NUMBER_OF_PROCESSORS           4
  Beginning Test, file ESMF_VMOpenMPUTest.F90, line 57
  NUMBER_OF_PROCESSORS           4
 tid =            0
  PASS  Check that OpenMP functions correctly if it is available, ESMF_VMOpenMPUTest.F90, line 84
 ESMF was compiled with OpenMP
  PASS  Determine whether ESMF library was compiled with OpenMP, ESMF_VMOpenMPUTest.F90, line 97
  Ending Test, file ESMF_VMOpenMPUTest.F90, line 101
 tid =            0
  PASS  Check that OpenMP functions correctly if it is available, ESMF_VMOpenMPUTest.F90, line 84
 ESMF was compiled with OpenMP
  PASS  Determine whether ESMF library was compiled with OpenMP, ESMF_VMOpenMPUTest.F90, line 97
  Ending Test, file ESMF_VMOpenMPUTest.F90, line 101
 tid =            0
  PASS  Check that OpenMP functions correctly if it is available, ESMF_VMOpenMPUTest.F90, line 84
 ESMF was compiled with OpenMP
  PASS  Determine whether ESMF library was compiled with OpenMP, ESMF_VMOpenMPUTest.F90, line 97
  Ending Test, file ESMF_VMOpenMPUTest.F90, line 101
 tid =            0
  PASS  Check that OpenMP functions correctly if it is available, ESMF_VMOpenMPUTest.F90, line 84
 ESMF was compiled with OpenMP
  PASS  Determine whether ESMF library was compiled with OpenMP, ESMF_VMOpenMPUTest.F90, line 97
  Ending Test, file ESMF_VMOpenMPUTest.F90, line 101
  PET           1  Test Elapsed Time    4.0929999999999858       msec.
  PET           0  Test Elapsed Time    4.0960000000000161       msec.
  PET           3  Test Elapsed Time    4.3370000000000077       msec.
  PET           2  Test Elapsed Time    4.0249999999999728       msec.
