2022-07-15 11:29:40
Name: LocStream002	  Convention: customconvention2	  Purpose: custompurpose2	

Custom1	Custom2	Custom3	
