2022-07-14 01:48:21
Name: MyArrayBundle	  Convention: customconvention2	  Purpose: custompurpose2	


