2022-07-14 01:48:21
  Beginning Test, file ESMF_StateCreateUTest.F90, line 106
  NUMBER_OF_PROCESSORS           4
  Beginning Test, file ESMF_StateCreateUTest.F90, line 106
  NUMBER_OF_PROCESSORS           4
  Beginning Test, file ESMF_StateCreateUTest.F90, line 106
  NUMBER_OF_PROCESSORS           4
  Beginning Test, file ESMF_StateCreateUTest.F90, line 106
  NUMBER_OF_PROCESSORS           4
  PASS  Creating an empty State Test, ESMF_StateCreateUTest.F90, line 117
  PASS  Creating an empty State Test, ESMF_StateCreateUTest.F90, line 117
  PASS  Creating an empty State Test, ESMF_StateCreateUTest.F90, line 117
  PASS  Creating an empty State Test, ESMF_StateCreateUTest.F90, line 117
  PASS  State equality before assignment Test, ESMF_StateCreateUTest.F90, line 124
  PASS  State assignment and equality Test, ESMF_StateCreateUTest.F90, line 133
  PASS  State equality before assignment Test, ESMF_StateCreateUTest.F90, line 124
  PASS  State assignment and equality Test, ESMF_StateCreateUTest.F90, line 133
  PASS  State equality before assignment Test, ESMF_StateCreateUTest.F90, line 124
  PASS  State equality before assignment Test, ESMF_StateCreateUTest.F90, line 124
  PASS  State assignment and equality Test, ESMF_StateCreateUTest.F90, line 133
  PASS  State assignment and equality Test, ESMF_StateCreateUTest.F90, line 133
  PASS  StateDestroy Test, ESMF_StateCreateUTest.F90, line 140
  PASS  StateDestroy Test, ESMF_StateCreateUTest.F90, line 140
  PASS  StateDestroy Test, ESMF_StateCreateUTest.F90, line 140
  PASS  StateDestroy Test, ESMF_StateCreateUTest.F90, line 140
  PASS  State equality after destroy Test, ESMF_StateCreateUTest.F90, line 148
  PASS  State equality after destroy Test, ESMF_StateCreateUTest.F90, line 148
  PASS  State equality after destroy Test, ESMF_StateCreateUTest.F90, line 148
  PASS  State equality after destroy Test, ESMF_StateCreateUTest.F90, line 148
  PASS  State non-equality after destroy Test, ESMF_StateCreateUTest.F90, line 156
  PASS  Double StateDestroy through alias Test, ESMF_StateCreateUTest.F90, line 163
  PASS  State non-equality after destroy Test, ESMF_StateCreateUTest.F90, line 156
  PASS  Double StateDestroy through alias Test, ESMF_StateCreateUTest.F90, line 163
  PASS  State non-equality after destroy Test, ESMF_StateCreateUTest.F90, line 156
  PASS  Double StateDestroy through alias Test, ESMF_StateCreateUTest.F90, line 163
  PASS  State non-equality after destroy Test, ESMF_StateCreateUTest.F90, line 156
  PASS  Double StateDestroy through alias Test, ESMF_StateCreateUTest.F90, line 163
  PASS  Creating an empty State Test, ESMF_StateCreateUTest.F90, line 173
  PASS  Creating an empty State Test, ESMF_StateCreateUTest.F90, line 173
  PASS  Creating an empty State Test, ESMF_StateCreateUTest.F90, line 173
  PASS  Creating an empty State Test, ESMF_StateCreateUTest.F90, line 173
 ESMF_StatePrint: (pet 1):
 ESMF_StatePrint: (pet 0):
 ESMF_StatePrint: (pet 2):
 ESMF_StatePrint: (pet 3):
  State name: Atmosphere Import
  State name: Atmosphere Import
     status: Import State, object count: 0
  State name: Atmosphere Import
  State name: Atmosphere Import
     status: Import State, object count: 0
     reconcile needed: F
     reconcile needed: F
     status: Import State, object count: 0
     reconcile needed: F
     status: Import State, object count: 0
     reconcile needed: F
 Base name    = Atmosphere Import
 Base name    = Atmosphere Import
 Status: Base = Ready,  object = Ready
 Proxy        = no
 Base name    = Atmosphere Import
 Base name    = Atmosphere Import
 Status: Base = Ready,  object = Ready
 Proxy        = no
 Root Info (Attributes):
 Status: Base = Ready,  object = Ready
 Proxy        = no
 Root Info (Attributes):
 Root Info (Attributes):
 Status: Base = Ready,  object = Ready
 Proxy        = no
 Root Info (Attributes):
{}  PASS  Printing an empty State Test, ESMF_StateCreateUTest.F90, line 182
{}  PASS  Printing an empty State Test, ESMF_StateCreateUTest.F90, line 182
{}{}  PASS  Printing an empty State Test, ESMF_StateCreateUTest.F90, line 182
 testName: Atmosphere Import
  PASS  Getting name from an empty State Test, ESMF_StateCreateUTest.F90, line 191
  PASS  Attach user method to an empty State Test, ESMF_StateCreateUTest.F90, line 200
  PASS  Attach existing user method to an empty State Test, ESMF_StateCreateUTest.F90, line 209
  PASS  Attach user method to an empty State Test, ESMF_StateCreateUTest.F90, line 219
  PASS  Removing user method from empty State Test, ESMF_StateCreateUTest.F90, line 228
  PASS  Removing non-existing user method from empty State Test, ESMF_StateCreateUTest.F90, line 238
 Hi from myUserMethod
 ESMF_StatePrint: (pet 1):
  State name: Atmosphere Import
     status: Import State, object count: 0
     reconcile needed: F
 Base name    = Atmosphere Import
 Status: Base = Ready,  object = Ready
 Proxy        = no
 Root Info (Attributes):
{}  PASS  Executing user method in an empty State Test, ESMF_StateCreateUTest.F90, line 248
  PASS  Destroying an empty State Test, ESMF_StateCreateUTest.F90, line 258
  PASS  Container Create Test, ESMF_StateCreateUTest.F90, line 271
  PASS  Container Add si Test, ESMF_StateCreateUTest.F90, line 285
Container::print() multipmap:item=0 key=testField1 value=0x1192780
Container::print()      list:item=0 key=testField1 value=0x1192780
  PASS  Container Print Test, ESMF_StateCreateUTest.F90, line 292
  PASS  Container Get item Test, ESMF_StateCreateUTest.F90, line 300
 string in siwOut: test this string                                                                                                                                                                                                                                                
 string in si: test this string                                                                                                                                                                                                                                                
  PASS  Verify Container Get item Test, ESMF_StateCreateUTest.F90, line 309
  PASS  Container Get item Test, ESMF_StateCreateUTest.F90, line 319
 string in siw%si: test this string                                                                                                                                                                                                                                                
  PASS  Container Destroy Test, ESMF_StateCreateUTest.F90, line 330
  PASS  Creating an empty export State Test, ESMF_StateCreateUTest.F90, line 347
  PASS  Creating an empty bundle for State Test, ESMF_StateCreateUTest.F90, line 356
  PASS  Adding a FieldBundle to a State, ESMF_StateCreateUTest.F90, line 364
 ESMF_StatePrint: (pet 1):
  State name: Ocean Export
     status: Export State, object count: 1
     reconcile needed: T
 Base name    = Ocean Export
 Status: Base = Ready,  object = Ready
 Proxy        = no
 Root Info (Attributes):
{}     object: 1,name: Surface pressure
            type: FieldBundle
  PASS  Printing a State with 1 FieldBundle, ESMF_StateCreateUTest.F90, line 372
  PASS  Creating an empty bundle for State Test, ESMF_StateCreateUTest.F90, line 381
  PASS  Adding a second FieldBundle to a State, ESMF_StateCreateUTest.F90, line 389
 ESMF_StatePrint: (pet 1):
  State name: Ocean Export
     status: Export State, object count: 2
     reconcile needed: T
 Base name    = Ocean Export
 Status: Base = Ready,  object = Ready
 Proxy        = no
 Root Info (Attributes):
{}     object: 1,name: Surface pressure
            type: FieldBundle
     object: 2,name: Temperature
            type: FieldBundle
  PASS  Printing a State with 2 FieldBundles, ESMF_StateCreateUTest.F90, line 397
  PASS  Getting a FieldBundle from a State by name, ESMF_StateCreateUTest.F90, line 405
  PASS  Destroying a State, ESMF_StateCreateUTest.F90, line 413
  PASS  Destroying a FieldBundle, ESMF_StateCreateUTest.F90, line 421
  PASS  Destroying a FieldBundle, ESMF_StateCreateUTest.F90, line 429
  PASS  Creating a State, ESMF_StateCr testName: Atmosphere Import
  PASS  Getting name from an empty State Test, ESMF_StateCreateUTest.F90, line 191
  PASS  Attach user method to an empty State Test, ESMF_StateCreateUTest.F90, line 200
  PASS  Attach existing user method to an empty State Test, ESMF_StateCreateUTest.F90, line 209
  PASS  Attach user method to an empty State Test, ESMF_StateCreateUTest.F90, line 219
  PASS  Removing user method from empty State Test, ESMF_StateCreateUTest.F90, line 228
 testName: Atmosphere Import
  PASS  Getting name from an empty State Test, ESMF_StateCreateUTest.F90, line 191
  PASS  Attach user method to an empty State Test, ESMF_StateCreateUTest.F90, line 200
  PASS  Attach existing user method to an empty State Test, ESMF_StateCreateUTest.F90, line 209
  PASS  Attach user method to an empty State Test, ESMF_StateCreateUTest.F90, line 219
  PASS  Removing user method from empty State Test, ESMF_StateCreateUTest.F90, line 228
  PASS  Printing an empty State Test, ESMF_StateCreateUTest.F90, line 182
 testName: Atmosphere Import
  PASS  Getting name from an empty State Test, ESMF_StateCreateUTest.F90, line 191
  PASS  Attach user method to an empty State Test, ESMF_StateCreateUTest.F90, line 200
  PASS  Attach existing user method to an empty State Test, ESMF_StateCreateUTest.F90, line 209
  PASS  Attach user method to an empty State Test, ESMF_StateCreateUTest.F90, line 219
  PASS  Removing user method from empty State Test, ESMF_StateCreateUTest.F90, line 228
eateUTest.F90, line 439
  PASS  Removing non-existing user method from empty State Test, ESMF_StateCreateUTest.F90, line 238
  PASS  Removing non-existing user method from empty State Test, ESMF_StateCreateUTest.F90, line 238
  PASS  Removing non-existing user method from empty State Test, ESMF_StateCreateUTest.F90, line 238
 Hi from myUserMethod
 ESMF_StatePrint: (pet 2):
  State name: Atmosphere Import
 Hi from myUserMethod
 ESMF_StatePrint: (pet 0):
  State name: Atmosphere Import
     status: Import State, object count: 0
     reconcile needed: F
 Hi from myUserMethod
 ESMF_StatePrint: (pet 3):
 Base name    = Atmosphere Import
 Status: Base = Ready,  object = Ready
 Proxy        = no
 Root Info (Attributes):
{}     status: Import State, object count: 0
     reconcile needed: F
 Base name    = Atmosphere Import
 Status: Base = Ready,  object = Ready
 Proxy        = no
 Root Info (Attributes):
  State name: Atmosphere Import
     status: Import State, object count: 0
     reconcile needed: F
  PASS  Executing user method in an empty State Test, ESMF_StateCreateUTest.F90, line 248
  PASS  Adding a name only, ESMF_StateCreateUTest.F90, line 449
 Base name    = Atmosphere Import
 Status: Base = Ready,  object = Ready
 Proxy        = no
 Root Info (Attributes):
{}  PASS  Destroying an empty State Test, ESMF_StateCreateUTest.F90, line 258
  PASS  Marking an item needed, ESMF_StateCreateUTest.F90, line 459
  PASS  Container Create Test, ESMF_StateCreateUTest.F90, line 271
  PASS  Executing user method in an empty State Test, ESMF_StateCreateUTest.F90, line 248
  PASS  Destroying an empty State Test, ESMF_StateCreateUTest.F90, line 258
{}  PASS  Executing user method in an empty State Test, ESMF_StateCreateUTest.F90, line 248
  PASS  Container Create Test, ESMF_StateCreateUTest.F90, line 271
  PASS  Destroying an empty State Test, ESMF_StateCreateUTest.F90, line 258
  PASS  Container Create Test, ESMF_StateCreateUTest.F90, line 271
  PASS  Container Add si Test, ESMF_StateCreateUTest.F90, line 285
  PASS  Container Add si Test, ESMF_StateCreateUTest.F90, line 285
Container::print() multipmap:item=0 key=testField1 value=0x25ad010
Container::print()      list:item=0 key=testField1 value=0x25ad010
  PASS  Container Print Test, ESMF_StateCreateUTest.F90, line 292
  PASS  Querying if an item is needed, ESMF_StateCreateUTest.F90, line 468
  PASS  Container Add si Test, ESMF_StateCreateUTest.F90, line 285
Container::print() multipmap:item=0 key=testField1 value=0x9c2640
Container::print()      list:item=0 key=testField1 value=0x9c2640
  PASS  Container Print Test, ESMF_StateCreateUTest.F90, line 292
  PASS  Container Get item Test, ESMF_StateCreateUTest.F90, line 300
  PASS  Creating a FieldBundle, ESMF_StateCreateUTest.F90, line 476
 string in siwOut: test this string                                                                                                                                                                                                                                                
 string in si: test this string                                                                                                                                                                                                                                                
  PASS  Verify Container Get item Test, ESMF_StateCreateUTest.F90, line 309
Container::print() multipmap:item=0 key=testField1 value=0x17983d0
Container::print()      list:item=0 key=testField1 value=0x17983d0
  PASS  Container Print Test, ESMF_StateCreateUTest.F90, line 292
  PASS  Container Get item Test, ESMF_StateCreateUTest.F90, line 300
 string in siwOut: test this string                                                                                                                                                                                                                                                
 string in si: test this string                                                                                                                                                                                                                                                
  PASS  Replacing a name placeholder with a bundle, ESMF_StateCreateUTest.F90, line 484
  PASS  Verify Container Get item Test, ESMF_StateCreateUTest.F90, line 309
  PASS  Destroying a State, ESMF_StateCreateUTest.F90, line 493
  PASS  Container Get item Test, ESMF_StateCreateUTest.F90, line 319
  PASS  Container Get item Test, ESMF_StateCreateUTest.F90, line 319
 string in siw%si: test this string                                                                                                                                                                                                                                                
  PASS  Container Get item Test, ESMF_StateCreateUTest.F90, line 300
 string in siwOut: test this string                                                                                                                                                                                                                                                
 string in si: test this string                                                                                                                                                                                                                                                
  PASS  Destroying a FieldBundle, ESMF_StateCreateUTest.F90, line 501
  PASS  Verify Container Get item Test, ESMF_StateCreateUTest.F90, line 309
  PASS  Container Get item Test, ESMF_StateCreateUTest.F90, line 319
 string in siw%si: test this string                                                                                                                                                                                                                                                
  PASS  Container Destroy Test, ESMF_StateCreateUTest.F90, line 330
  PASS  Container Destroy Test, ESMF_StateCreateUTest.F90, line 330
  PASS  Creating an empty export State Test, ESMF_StateCreateUTest.F90, line 347
  PASS  Creating a State for nested State test, ESMF_StateCreateUTest.F90, line 517
  PASS  Creating an empty bundle for State Test, ESMF_StateCreateUTest.F90, line 356
 string in siw%si: test this string                                                                                                                                                                                                                                                
  PASS  Container Destroy Test, ESMF_StateCreateUTest.F90, line 330
  PASS  Creating an empty export State Test, ESMF_StateCreateUTest.F90, line 347
  PASS  Creating an empty bundle for State Test, ESMF_StateCreateUTest.F90, line 356
  PASS  Creating a State, ESMF_StateCreateUTest.F90, line 526
  PASS  Creating an empty bundle for nested State Test, ESMF_StateCreateUTest.F90, line 535
  PASS  Creating an empty export State Test, ESMF_StateCreateUTest.F90, line 347
  PASS  Adding a FieldBundle to a nested State, ESMF_StateCreateUTest.F90, line 543
  PASS  Creating an empty bundle for State Test, ESMF_StateCreateUTest.F90, line 356
  PASS  Add a nested State into another State, ESMF_StateCreateUTest.F90, line 551
  PASS  Adding a FieldBundle to a State, ESMF_StateCreateUTest.F90, line 364
  PASS  Adding a FieldBundle to a State, ESMF_StateCreateUTest.F90, line 364
  PASS  Creating a State, ESMF_StateCreateUTest.F90, line 560
 ESMF_StatePrint: (pet 3):
  State name: Ocean Export
     status: Export State, object count: 1
     reconcile needed: T
 Base name    = Ocean Export
 Status: Base = Ready,  object = Ready
 Proxy        = no
 ESMF_StatePrint: (pet 0):
  State name: Ocean Export
     status: Export State, object count: 1
     reconcile needed: T
 Base name    = Ocean Export
 Status: Base = Ready,  object = Ready
 Proxy        = no
 Root Info (Attributes):
 Root Info (Attributes):
  PASS  Add a second nested State into another State, ESMF_StateCreateUTest.F90, line 568
  PASS  Adding a FieldBundle to a State, ESMF_StateCreateUTest.F90, line 364
{}     object: 1,name: Surface pressure
            type: FieldBundle
  PASS  Printing a State with 1 FieldBundle, ESMF_StateCreateUTest.F90, line 372
{}     object: 1,name: Surface pressure
            type: FieldBundle
  PASS  Printing a State with 1 FieldBundle, ESMF_StateCreateUTest.F90, line 372
  PASS  Validating a nested State - single level, ESMF_StateCreateUTest.F90, line 576
  PASS  Validating a nested State - nested, ESMF_StateCreateUTest.F90, line 584
 ESMF_StatePrint: (pet 2):
  State name: Ocean Export
     status: Export State, object count: 1
     reconcile needed: T
 Base name    = Ocean Export
 Status: Base = Ready,  object = Ready
 Proxy        = no
 Root Info (Attributes):
{} ESMF_StatePrint: (pet 1):
  State name: Coupler Statelist
     status: Unspecified intent direction, object count: 2
     reconcile needed: T
 Base name    = Coupler Statelist
 Status: Base = Ready,  object = Ready
 Proxy        = no
 Root Info (Attributes):
  PASS  Creating an empty bundle for State Test, ESMF_StateCreateUTest.F90, line 381
  PASS  Adding a second FieldBundle to a State, ESMF_StateCreateUTest.F90, line 389
  PASS  Creating an empty bundle for State Test, ESMF_StateCreateUTest.F90, line 381
  PASS  Adding a second FieldBundle to a State, ESMF_StateCreateUTest.F90, line 389
 ESMF_StatePrint: (pet 3):
     object: 1,name: Surface pressure
            type: FieldBundle
  PASS  Printing a State with 1 FieldBundle, ESMF_StateCreateUTest.F90, line 372
  State name: Ocean Export
     status: Export State, object count: 2
     reconcile needed: T
 Base name    = Ocean Export
 Status: Base = Ready,  object = Ready
{}     object: 1,name: Atmosphere Import
            type: State, proxy flag: no
     object: 2,name: Ocean Export
 ESMF_StatePrint: (pet 0):
  State name: Ocean Export
     status: Export State, object count: 2
     reconcile needed: T
 Base name    = Ocean Export
  PASS  Creating an empty bundle for State Test, ESMF_StateCreateUTest.F90, line 381
 Status: Base = Ready,  object = Ready
 Proxy        = no
 Root Info (Attributes):
{}     object: 1,name: Surface pressure
            type: FieldBundle
     object: 2,name: Temperature
            type: FieldBundle
 Proxy        = no
 Root Info (Attributes):
{}     object: 1,name: Surface pressure
            type: FieldBundle
     object: 2,name: Temperature
            type: FieldBundle
            type: State, proxy flag: no
  PASS  Printing a nested State - single level, ESMF_StateCreateUTest.F90, line 592
  PASS  Adding a second FieldBundle to a State, ESMF_StateCreateUTest.F90, line 389
 ESMF_StatePrint: (pet 2):
  State name: Ocean Export
 testName: Atmosphere Import
  PASS  Getting a FieldBundle from a nested State, ESMF_StateCreateUTest.F90, line 603
  PASS  Printing a State with 2 FieldBundles, ESMF_StateCreateUTest.F90, line 397
  PASS  Getting a FieldBundle from a State by name, ESMF_StateCreateUTest.F90, line 405
  PASS  Printing a State with 2 FieldBundles, ESMF_StateCreateUTest.F90, line 397
  PASS  Getting a FieldBundle from a State by name, ESMF_StateCreateUTest.F90, line 405
     status: Export State, object count: 2
     reconcile needed: T
 Base name    = Ocean Export
 Status: Base = Ready,  object = Ready
 Proxy        = no
 Root Info (Attributes):
{}     object: 1,name: Surface pressure
            type: FieldBundle
     object: 2,name: Temperature
            type: FieldBundle
  PASS  Destroying a State, ESMF_StateCreateUTest.F90, line 413
 item count:            2
  PASS  Getting item count from a nested State - single level, ESMF_StateCreateUTest.F90, line 613
  PASS  Destroying a State, ESMF_StateCreateUTest.F90, line 413
  PASS  Printing a State with 2 FieldBundles, ESMF_StateCreateUTest.F90, line 397
  PASS  Getting a FieldBundle from a State by name, ESMF_StateCreateUTest.F90, line 405
  PASS  Destroying a FieldBundle, ESMF_StateCreateUTest.F90, line 421
  PASS  Destroying a FieldBundle, ESMF_StateCreateUTest.F90, line 429
  PASS  Destroying a FieldBundle, ESMF_StateCreateUTest.F90, line 421
  PASS  Destroying a FieldBundle, ESMF_StateCreateUTest.F90, line 429
  PASS  Getting item name list from a nested State - single level, ESMF_StateCreateUTest.F90, line 623
  PASS  Getting item type list from a nested State - single level, ESMF_StateCreateUTest.F90, line 633
 size(names) =           2
  PASS  Destroying a State, ESMF_StateCreateUTest.F90, line 413
 ESMF_STATEITEM_STATE:       Atmosphere Import
 ESMF_STATEITEM_STATE:       Ocean Export
 ESMF_StatePrint: (pet 1):
  State name: Coupler Statelist
  PASS  Creating a State, ESMF_StateCreateUTest.F90, line 439
  PASS  Destroying a FieldBundle, ESMF_StateCreateUTest.F90, line 421
  PASS  Creating a State, ESMF_StateCreateUTest.F90, line 439
     status: Unspecified intent direction, object count: 2
     reconcile needed: T
 Base name    = Coupler Statelist
 Status: Base = Ready,  object = Ready
 Proxy        = no
 Root Info (Attributes):
{}     object: 1,name: Atmosphere Import
            type: State, proxy flag: no
  PASS  Destroying a FieldBundle, ESMF_StateCreateUTest.F90, line 429
  PASS  Creating a State, ESMF_StateCreateUTest.F90, line 439
 -> State name: Atmosphere Import
 ->    status: Import State, object count: 1
 ->    reconcile needed: F
 -> Base name    = Atmosphere Import
 Status: Base = Ready,  object = Ready
 Proxy        = no
 Root Info (Attributes):
{} ->  ->  object: 1,name: Temperature
 ->           type: FieldBundle, proxy flag: no
     object: 2,name: Ocean Export
            type: State, proxy flag: no
 -> State name: Ocean Export
 ->    status: Export State, object count: 0
 ->    reconcile needed: F
 -> Base name    = Ocean Export
 Status: Base = Ready,  object = Ready
 Proxy        = no
 Root Info (Attributes):
{}  PASS  Printing a nested State - nested, ESMF_StateCreateUTest.F90, line 644
 nested item count:            3
  PASS  Getting item count from a nested State - nested, ESMF_StateCreateUTest.F90, line 655
  PASS  Getting item name list from a nested State - nested, ESMF_StateCreateUTest.F90, line 666
  PASS  Getting item type list from a nested State - nested, ESMF_StateCreateUTest.F90, line 676
 size(names) =           3
 ESMF_STATEITEM_STATE:       Atmosphere Import
 ESMF_STATEITEM_FIELDBUNDLE: Atmosphere Import/Temperature
 ESMF_STATEITEM_STATE:       Ocean Export
  PASS  Adding a name only, ESMF_StateCreateUTest.F90, line 449
  PASS  Getting nested non-existant FieldBundle from a nested State using nestedFlag, ESMF_StateCreateUTest.F90, line 698
  PASS  Getting nested FieldBundle from a nested State using path style, ESMF_StateCreateUTest.F90, line 707
  PASS  Marking an item needed, ESMF_StateCreateUTest.F90, line 459
  PASS  Getting nested FieldBundle from a nested State using path style - bad end item, ESMF_StateCreateUTest.F90, line 716
  PASS  Adding a name only, ESMF_StateCreateUTest.F90, line 449
  PASS  Adding a name only, ESMF_StateCreateUTest.F90, line 449
  PASS  Getting nested non-existant FieldBundle from a nested State using path style - bad nested name, ESMF_StateCreateUTest.F90, line 725
  PASS  Querying if an item is needed, ESMF_StateCreateUTest.F90, line 468
  PASS  Destroying a State, ESMF_StateCreateUTest.F90, line 744
  PASS  Creating a FieldBundle, ESMF_StateCreateUTest.F90, line 476
  PASS  Marking an item needed, ESMF_StateCreateUTest.F90, line 459
  PASS  Marking an item needed, ESMF_StateCreateUTest.F90, line 459
  PASS  Destroying a State, ESMF_StateCreateUTest.F90, line 752
  PASS  Destroying a State, ESMF_StateCreateUTest.F90, line 760
  PASS  Replacing a name placeholder with a bundle, ESMF_StateCreateUTest.F90, line 484
  PASS  Create a State, ESMF_StateCreateUTest.F90, line 774
  PASS  Destroying a State, ESMF_StateCreateUTest.F90, line 493
  PASS  Destroying a State, ESMF_StateCreateUTest.F90, line 786
  PASS  Destroying a FieldBundle, ESMF_StateCreateUTest.F90, line 501
  Ending Test, file ESMF_StateCreateUTest.F90, line 799
  PASS  Creating a State for nested State test, ESMF_StateCreateUTest.F90, line 517
  PASS  Querying if an item is needed, ESMF_StateCreateUTest.F90, line 468
  PASS  Querying if an item is needed, ESMF_StateCreateUTest.F90, line 468
  PASS  Creating a State, ESMF_StateCreateUTest.F90, line 526
  PASS  Creating a FieldBundle, ESMF_StateCreateUTest.F90, line 476
  PASS  Creating a FieldBundle, ESMF_StateCreateUTest.F90, line 476
  PASS  Creating an empty bundle for nested State Test, ESMF_StateCreateUTest.F90, line 535
  PASS  Replacing a name placeholder with a bundle, ESMF_StateCreateUTest.F90, line 484
  PASS  Replacing a name placeholder with a bundle, ESMF_StateCreateUTest.F90, line 484
  PASS  Adding a FieldBundle to a nested State, ESMF_StateCreateUTest.F90, line 543
  PASS  Add a nested State into another State, ESMF_StateCreateUTest.F90, line 551
  PASS  Destroying a State, ESMF_StateCreateUTest.F90, line 493
  PASS  Destroying a FieldBundle, ESMF_StateCreateUTest.F90, line 501
  PASS  Destroying a State, ESMF_StateCreateUTest.F90, line 493
  PASS  Destroying a FieldBundle, ESMF_StateCreateUTest.F90, line 501
  PASS  Creating a State, ESMF_StateCreateUTest.F90, line 560
  PASS  Creating a State for nested State test, ESMF_StateCreateUTest.F90, line 517
  PASS  Add a second nested State into another State, ESMF_StateCreateUTest.F90, line 568
  PASS  Validating a nested State - single level, ESMF_StateCreateUTest.F90, line 576
  PASS  Creating a State for nested State test, ESMF_StateCreateUTest.F90, line 517
  PASS  Validating a nested State - nested, ESMF_StateCreateUTest.F90, line 584
  PASS  Creating a State, ESMF_StateCreateUTest.F90, line 526
  PASS  Creating a State, ESMF_StateCreateUTest.F90, line 526
  PASS  Creating an empty bundle for nested State Test, ESMF_StateCreateUTest.F90, line 535
  PASS  Creating an empty bundle for nested State Test, ESMF_StateCreateUTest.F90, line 535
  PASS  Adding a FieldBundle to a nested State, ESMF_StateCreateUTest.F90, line 543
 ESMF_StatePrint: (pet 3):
  State name: Coupler Statelist
     status: Unspecified intent direction, object count: 2
     reconcile needed: T
 Base name    = Coupler Statelist
 Status: Base = Ready,  object = Ready
 Proxy        = no
  PASS  Adding a FieldBundle to a nested State, ESMF_StateCreateUTest.F90, line 543
 Root Info (Attributes):
  PASS  Add a nested State into another State, ESMF_StateCreateUTest.F90, line 551
  PASS  Add a nested State into another State, ESMF_StateCreateUTest.F90, line 551
{}     object: 1,name: Atmosphere Import
            type: State, proxy flag: no
     object: 2,name: Ocean Export
            type: State, proxy flag: no
  PASS  Printing a nested State - single level, ESMF_StateCreateUTest.F90, line 592
  PASS  Creating a State, ESMF_StateCreateUTest.F90, line 560
  PASS  Add a second nested State into another State, ESMF_StateCreateUTest.F90, line 568
  PASS  Creating a State, ESMF_StateCreateUTest.F90, line 560
  PASS  Add a second nested State into another State, ESMF_StateCreateUTest.F90, line 568
 testName: Atmosphere Import
  PASS  Getting a FieldBundle from a nested State, ESMF_StateCreateUTest.F90, line 603
  PASS  Validating a nested State - single level, ESMF_StateCreateUTest.F90, line 576
  PASS  Validating a nested State - single level, ESMF_StateCreateUTest.F90, line 576
 item count:            2
  PASS  Getting item count from a nested State - single level, ESMF_StateCreateUTest.F90, line 613
  PASS  Validating a nested State - nested, ESMF_StateCreateUTest.F90, line 584
  PASS  Validating a nested State - nested, ESMF_StateCreateUTest.F90, line 584
  PASS  Getting item name list from a nested State - single level, ESMF_StateCreateUTest.F90, line 623
 ESMF_StatePrint: (pet 2):
  State name: Coupler Statelist
     status: Unspecified intent direction, object count: 2
     reconcile needed: T
 Base name    = Coupler Statelist
 ESMF_StatePrint: (pet 0):
  State name: Coupler Statelist
     status: Unspecified intent direction, object count: 2
     reconcile needed: T
 Base name    = Coupler Statelist
  PASS  Getting item type list from a nested State - single level, ESMF_StateCreateUTest.F90, line 633
 Status: Base = Ready,  object = Ready
 Proxy        = no
 Root Info (Attributes):
 Status: Base = Ready,  object = Ready
 Proxy        = no
 Root Info (Attributes):
 size(names) =           2
 ESMF_STATEITEM_STATE:       Atmosphere Import
 ESMF_STATEITEM_STATE:       Ocean Export
{}     object: 1,name: Atmosphere Import
            type: State, proxy flag: no
     object: 2,name: Ocean Export
            type: State, proxy flag: no
  PASS  Printing a nested State - single level, ESMF_StateCreateUTest.F90, line 592
{}     object: 1,name: Atmosphere Import
            type: State, proxy flag: no
     object: 2,name: Ocean Export
            type: State, proxy flag: no
  PASS  Printing a nested State - single level, ESMF_StateCreateUTest.F90, line 592
 ESMF_StatePrint: (pet 3):
  State name: Coupler Statelist
     status: Unspecified intent direction, object count: 2
     reconcile needed: T
 Base name    = Coupler Statelist
 Status: Base = Ready,  object = Ready
 Proxy        = no
 Root Info (Attributes):
{}     object: 1,name: Atmosphere Import
            type: State, proxy flag: no
 testName: Atmosphere Import
  PASS  Getting a FieldBundle from a nested State, ESMF_StateCreateUTest.F90, line 603
 testName: Atmosphere Import
  PASS  Getting a FieldBundle from a nested State, ESMF_StateCreateUTest.F90, line 603
 -> State name: Atmosphere Import
 ->    status: Import State, object count: 1
 ->    reconcile needed: F
 -> Base name    = Atmosphere Import
 Status: Base = Ready,  object = Ready
 Proxy        = no
 Root Info (Attributes):
{} ->  ->  object: 1,name: Temperature
 ->           type: FieldBundle, proxy flag: no
 item count:            2
  PASS  Getting item count from a nested State - single level, ESMF_StateCreateUTest.F90, line 613
 item count:            2
  PASS  Getting item count from a nested State - single level, ESMF_StateCreateUTest.F90, line 613
     object: 2,name: Ocean Export
            type: State, proxy flag: no
 -> State name: Ocean Export
 ->    status: Export State, object count: 0
 ->    reconcile needed: F
 -> Base name    = Ocean Export
 Status: Base = Ready,  object = Ready
 Proxy        = no
 Root Info (Attributes):
{}  PASS  Getting item name list from a nested State - single level, ESMF_StateCreateUTest.F90, line 623
  PASS  Getting item type list from a nested State - single level, ESMF_StateCreateUTest.F90, line 633
  PASS  Getting item name list from a nested State - single level, ESMF_StateCreateUTest.F90, line 623
  PASS  Getting item type list from a nested State - single level, ESMF_StateCreateUTest.F90, line 633
  PASS  Printing a nested State - nested, ESMF_StateCreateUTest.F90, line 644
 nested item count:            3
  PASS  Getting item count from a nested State - nested, ESMF_StateCreateUTest.F90, line 655
 size(names) =           2
 ESMF_STATEITEM_STATE:       Atmosphere Import
 ESMF_STATEITEM_STATE:       Ocean Export
 ESMF_StatePrint: (pet 2):
  State name: Coupler Statelist
     status: Unspecified intent direction, object count: 2
     reconcile needed: T
 size(names) =           2
 ESMF_STATEITEM_STATE:       Atmosphere Import
 ESMF_STATEITEM_STATE:       Ocean Export
 ESMF_StatePrint: (pet 0):
  State name: Coupler Statelist
     status: Unspecified intent direction, object count: 2
     reconcile needed: T
 Base name    = Coupler Statelist
  PASS  Getting item name list from a nested State - nested, ESMF_StateCreateUTest.F90, line 666
 Status: Base = Ready,  object = Ready
 Proxy        = no
 Root Info (Attributes):
{} Base name    = Coupler Statelist
 Status: Base = Ready,  object = Ready
 Proxy        = no
 Root Info (Attributes):
{}  PASS  Getting item type list from a nested State - nested, ESMF_StateCreateUTest.F90, line 676
     object: 1,name: Atmosphere Import
            type: State, proxy flag: no
 -> State name: Atmosphere Import
 ->    status: Import State, object count: 1
 ->    reconcile needed: F
 -> Base name    = Atmosphere Import
 Status: Base = Ready,  object = Ready
 Proxy        = no
 Root Info (Attributes):
{}     object: 1,name: Atmosphere Import
            type: State, proxy flag: no
 -> State name: Atmosphere Import
 ->    status: Import State, object count: 1
 ->    reconcile needed: F
 -> Base name    = Atmosphere Import
 Status: Base = Ready,  object = Ready
 Proxy        = no
 Root Info (Attributes):
{} ->  ->  object: 1,name: Temperature
 ->           type: FieldBundle, proxy flag: no
 size(names) =           3
 ESMF_STATEITEM_STATE:       Atmosphere Import
 ESMF_STATEITEM_FIELDBUNDLE: Atmosphere Import/Temperature
 ESMF_STATEITEM_STATE:       Ocean Export
 ->  ->  object: 1,name: Temperature
 ->           type: FieldBundle, proxy flag: no
     object: 2,name: Ocean Export
            type: State, proxy flag: no
 -> State name: Ocean Export
 ->    status: Export State, object count: 0
 ->    reconcile needed: F
 -> Base name    = Ocean Export
 Status: Base = Ready,  object = Ready
 Proxy        = no
 Root Info (Attributes):
  PASS  Getting nested non-existant FieldBundle from a nested State using nestedFlag, ESMF_StateCreateUTest.F90, line 698
  PASS  Getting nested FieldBundle from a nested State using path style, ESMF_StateCreateUTest.F90, line 707
     object: 2,name: Ocean Export
            type: State, proxy flag: no
 -> State name: Ocean Export
 ->    status: Export State, object count: 0
 ->    reconcile needed: F
 -> Base name    = Ocean Export
 Status: Base = Ready,  object = Ready
 Proxy        = no
 Root Info (Attributes):
{}  PASS  Printing a nested State - nested, ESMF_StateCreateUTest.F90, line 644
{}  PASS  Printing a nested State - nested, ESMF_StateCreateUTest.F90, line 644
  PASS  Getting nested FieldBundle from a nested State using path style - bad end item, ESMF_StateCreateUTest.F90, line 716
 nested item count:            3
  PASS  Getting item count from a nested State - nested, ESMF_StateCreateUTest.F90, line 655
 nested item count:            3
  PASS  Getting item count from a nested State - nested, ESMF_StateCreateUTest.F90, line 655
  PASS  Getting item name list from a nested State - nested, ESMF_StateCreateUTest.F90, line 666
  PASS  Getting nested non-existant FieldBundle from a nested State using path style - bad nested name, ESMF_StateCreateUTest.F90, line 725
  PASS  Getting item name list from a nested State - nested, ESMF_StateCreateUTest.F90, line 666
  PASS  Destroying a State, ESMF_StateCreateUTest.F90, line 744
  PASS  Getting item type list from a nested State - nested, ESMF_StateCreateUTest.F90, line 676
 size(names) =           3
 ESMF_STATEITEM_STATE:       Atmosphere Import
  PASS  Getting item type list from a nested State - nested, ESMF_StateCreateUTest.F90, line 676
 ESMF_STATEITEM_FIELDBUNDLE: Atmosphere Import/Temperature
 ESMF_STATEITEM_STATE:       Ocean Export
  PASS  Destroying a State, ESMF_StateCreateUTest.F90, line 752
 size(names) =           3
 ESMF_STATEITEM_STATE:       Atmosphere Import
 ESMF_STATEITEM_FIELDBUNDLE: Atmosphere Import/Temperature
 ESMF_STATEITEM_STATE:       Ocean Export
  PASS  Destroying a State, ESMF_StateCreateUTest.F90, line 760
  PASS  Create a State, ESMF_StateCreateUTest.F90, line 774
  PASS  Getting nested non-existant FieldBundle from a nested State using nestedFlag, ESMF_StateCreateUTest.F90, line 698
  PASS  Getting nested non-existant FieldBundle from a nested State using nestedFlag, ESMF_StateCreateUTest.F90, line 698
  PASS  Getting nested FieldBundle from a nested State using path style, ESMF_StateCreateUTest.F90, line 707
  PASS  Getting nested FieldBundle from a nested State using path style, ESMF_StateCreateUTest.F90, line 707
  PASS  Getting nested FieldBundle from a nested State using path style - bad end item, ESMF_StateCreateUTest.F90, line 716
  PASS  Destroying a State, ESMF_StateCreateUTest.F90, line 786
  Ending Test, file ESMF_StateCreateUTest.F90, line 799
  PASS  Getting nested FieldBundle from a nested State using path style - bad end item, ESMF_StateCreateUTest.F90, line 716
  PASS  Getting nested non-existant FieldBundle from a nested State using path style - bad nested name, ESMF_StateCreateUTest.F90, line 725
  PASS  Getting nested non-existant FieldBundle from a nested State using path style - bad nested name, ESMF_StateCreateUTest.F90, line 725
  PASS  Destroying a State, ESMF_StateCreateUTest.F90, line 744
  PASS  Destroying a State, ESMF_StateCreateUTest.F90, line 744
  PASS  Destroying a State, ESMF_StateCreateUTest.F90, line 752
  PASS  Destroying a State, ESMF_StateCreateUTest.F90, line 752
  PASS  Destroying a State, ESMF_StateCreateUTest.F90, line 760
  PASS  Destroying a State, ESMF_StateCreateUTest.F90, line 760
  PASS  Create a State, ESMF_StateCreateUTest.F90, line 774
  PASS  Create a State, ESMF_StateCreateUTest.F90, line 774
  PASS  Destroying a State, ESMF_StateCreateUTest.F90, line 786
  PASS  Destroying a State, ESMF_StateCreateUTest.F90, line 786
  Ending Test, file ESMF_StateCreateUTest.F90, line 799
  Ending Test, file ESMF_StateCreateUTest.F90, line 799
  PET           3  Test Elapsed Time    6.2639999999999922       msec.
  PET           0  Test Elapsed Time    6.6599999999999993       msec.
  PET           1  Test Elapsed Time    6.6959999999999802       msec.
  PET           2  Test Elapsed Time    6.8000000000000007       msec.
