2022-07-15 09:57:24
  Beginning Test, file ESMF_DELayoutWorkQueueUTest.F90, line 170
  Beginning Test, file ESMF_DELayoutWorkQueueUTest.F90, line 170
  NUMBER_OF_PROCESSORS           4
  Beginning Test, file ESMF_DELayoutWorkQueueUTest.F90, line 170
  NUMBER_OF_PROCESSORS           4
  Beginning Test, file ESMF_DELayoutWorkQueueUTest.F90, line 170
  NUMBER_OF_PROCESSORS           4
  NUMBER_OF_PROCESSORS           4
  PASS  GridCompCreate() - round 1, ESMF_DELayoutWorkQueueUTest.F90, line 187
  PASS  GridCompCreate() - round 1, ESMF_DELayoutWorkQueueUTest.F90, line 187
  PASS  GridCompCreate() - round 1, ESMF_DELayoutWorkQueueUTest.F90, line 187
  PASS  GridCompCreate() - round 1, ESMF_DELayoutWorkQueueUTest.F90, line 187
  PASS  GridCompSetServices() - round 1, ESMF_DELayoutWorkQueueUTest.F90, line 193
  PASS  GridCompSetServices() - round 1, ESMF_DELayoutWorkQueueUTest.F90, line 193
  PASS  GridCompSetServices() - round 1, ESMF_DELayoutWorkQueueUTest.F90, line 193
  PASS  GridCompSetServices() - round 1, ESMF_DELayoutWorkQueueUTest.F90, line 193
  PASS  Run work queue - round 1, ESMF_DELayoutWorkQueueUTest.F90, line 201
  PASS  Run work queue - round 1, ESMF_DELayoutWorkQueueUTest.F90, line 201
 <round 1> PET            0  time:    1.3712299999999985E-004
 <round 1> PET            3  time:    1.3861300000000010E-004
  PASS  GridCompDestroy() - round 1, ESMF_DELayoutWorkQueueUTest.F90, line 209
  PASS  GridCompDestroy() - round 1, ESMF_DELayoutWorkQueueUTest.F90, line 209
  PASS  Run work queue - round 1, ESMF_DELayoutWorkQueueUTest.F90, line 201
 <round 1> PET            1  time:    4.0297291870000000     
  PASS  GridCompDestroy() - round 1, ESMF_DELayoutWorkQueueUTest.F90, line 209
  PASS  Run work queue - round 1, ESMF_DELayoutWorkQueueUTest.F90, line 201
 <round 1> PET            2  time:    6.0258737750000000     
  PASS  GridCompDestroy() - round 1, ESMF_DELayoutWorkQueueUTest.F90, line 209
  PASS  GridCompCreate() - round 2, ESMF_DELayoutWorkQueueUTest.F90, line 217
  PASS  GridCompCreate() - round 2, ESMF_DELayoutWorkQueueUTest.F90, line 217
  PASS  GridCompCreate() - round 2, ESMF_DELayoutWorkQueueUTest.F90, line 217
  PASS  GridCompCreate() - round 2, ESMF_DELayoutWorkQueueUTest.F90, line 217
 *** hi from mygcomp_setvm_withthreads ***
 *** hi from mygcomp_setvm_withthreads ***
 *** hi from mygcomp_setvm_withthreads ***
 *** hi from mygcomp_setvm_withthreads ***
  PASS  GridCompSetVM() - round 2, ESMF_DELayoutWorkQueueUTest.F90, line 227
  PASS  GridCompSetVM() - round 2, ESMF_DELayoutWorkQueueUTest.F90, line 227
  PASS  GridCompSetVM() - round 2, ESMF_DELayoutWorkQueueUTest.F90, line 227
  PASS  GridCompSetVM() - round 2, ESMF_DELayoutWorkQueueUTest.F90, line 227
  PASS  GridCompSetServices() - round 2, ESMF_DELayoutWorkQueueUTest.F90, line 233
  PASS  GridCompSetServices() - round 2, ESMF_DELayoutWorkQueueUTest.F90, line 233
  PASS  GridCompSetServices() - round 2, ESMF_DELayoutWorkQueueUTest.F90, line 233
  PASS  GridCompSetServices() - round 2, ESMF_DELayoutWorkQueueUTest.F90, line 233
  PASS  Run work queue - round 2, ESMF_DELayoutWorkQueueUTest.F90, line 241
 <round 2> PET            3  time:    2.5069428960000000     
  PASS  GridCompDestroy() - round 2, ESMF_DELayoutWorkQueueUTest.F90, line 249
  Ending Test, file ESMF_DELayoutWorkQueueUTest.F90, line 257
  PASS  Run work queue - round 2, ESMF_DELayoutWorkQueueUTest.F90, line 241
 <round 2> PET            1  time:    2.5175106759999997     
  PASS  GridCompDestroy() - round 2, ESMF_DELayoutWorkQueueUTest.F90, line 249
  Ending Test, file ESMF_DELayoutWorkQueueUTest.F90, line 257
  PASS  Run work queue - round 2, ESMF_DELayoutWorkQueueUTest.F90, line 241
  PASS  Run work queue - round 2, ESMF_DELayoutWorkQueueUTest.F90, line 241
 <round 2> PET            0  time:    2.5483184560000005     
 <round 2> PET            2  time:    2.5483162099999994     
  PASS  GridCompDestroy() - round 2, ESMF_DELayoutWorkQueueUTest.F90, line 249
  Ending Test, file ESMF_DELayoutWorkQueueUTest.F90, line 257
  PASS  GridCompDestroy() - round 2, ESMF_DELayoutWorkQueueUTest.F90, line 249
  Ending Test, file ESMF_DELayoutWorkQueueUTest.F90, line 257
  PET           3  Test Elapsed Time    6031.2749999999996       msec.
  PET           1  Test Elapsed Time    6031.1710000000003       msec.
  PET           0  Test Elapsed Time    16090.758000000002       msec.
  PET           2  Test Elapsed Time    6031.1049999999996       msec.
