2022-07-15 09:57:24
  Beginning Test, file ESMF_InitMacrosUTest.F90, line 78
  NUMBER_OF_PROCESSORS           4
  Beginning Test, file ESMF_InitMacrosUTest.F90, line 78
  NUMBER_OF_PROCESSORS           4
  Beginning Test, file ESMF_InitMacrosUTest.F90, line 78
  NUMBER_OF_PROCESSORS           4
  Beginning Test, file ESMF_InitMacrosUTest.F90, line 78
  NUMBER_OF_PROCESSORS           4
  PASS  Testing ESMF_INIT_CHECK_SET_SHALLOW, ESMF_InitMacrosUTest.F90, line 89
  PASS  Testing ESMF_INIT_CHECK_SET_SHALLOW, ESMF_InitMacrosUTest.F90, line 89
  PASS  Testing undefined object in ESMF_INIT_CHECK_DEEP, ESMF_InitMacrosUTest.F90, line 99
  PASS  Testing created object in ESMF_INIT_CHECK_DEEP, ESMF_InitMacrosUTest.F90, line 108
  PASS  Testing deleted object in ESMF_INIT_CHECK_DEEP, ESMF_InitMacrosUTest.F90, line 117
  Ending Test, file ESMF_InitMacrosUTest.F90, line 127
  PASS  Testing ESMF_INIT_CHECK_SET_SHALLOW, ESMF_InitMacrosUTest.F90, line 89
  PASS  Testing undefined object in ESMF_INIT_CHECK_DEEP, ESMF_InitMacrosUTest.F90, line 99
  PASS  Testing created object in ESMF_INIT_CHECK_DEEP, ESMF_InitMacrosUTest.F90, line 108
  PASS  Testing deleted object in ESMF_INIT_CHECK_DEEP, ESMF_InitMacrosUTest.F90, line 117
  Ending Test, file ESMF_InitMacrosUTest.F90, line 127
  PASS  Testing ESMF_INIT_CHECK_SET_SHALLOW, ESMF_InitMacrosUTest.F90, line 89
  PASS  Testing undefined object in ESMF_INIT_CHECK_DEEP, ESMF_InitMacrosUTest.F90, line 99
  PASS  Testing created object in ESMF_INIT_CHECK_DEEP, ESMF_InitMacrosUTest.F90, line 108
  PASS  Testing deleted object in ESMF_INIT_CHECK_DEEP, ESMF_InitMacrosUTest.F90, line 117
  Ending Test, file ESMF_InitMacrosUTest.F90, line 127
  PASS  Testing undefined object in ESMF_INIT_CHECK_DEEP, ESMF_InitMacrosUTest.F90, line 99
  PASS  Testing created object in ESMF_INIT_CHECK_DEEP, ESMF_InitMacrosUTest.F90, line 108
  PASS  Testing deleted object in ESMF_INIT_CHECK_DEEP, ESMF_InitMacrosUTest.F90, line 117
  Ending Test, file ESMF_InitMacrosUTest.F90, line 127
  PET           1  Test Elapsed Time    3.9440000000000031       msec.
  PET           3  Test Elapsed Time    4.2220000000000031       msec.
  PET           0  Test Elapsed Time    4.0359999999999836       msec.
  PET           2  Test Elapsed Time    4.0139999999999896       msec.
