2022-07-14 01:47:31
Name: gridcomp	  Convention: customconvention2	  Purpose: custompurpose2	


