2022-07-14 01:56:11
  Beginning Test, file ESMF_LocStreamUTest.F90, line 78
  Beginning Test, file ESMF_LocStreamUTest.F90, line 78
  NUMBER_OF_PROCESSORS           4
  Beginning Test, file ESMF_LocStreamUTest.F90, line 78
  NUMBER_OF_PROCESSORS           4
  Beginning Test, file ESMF_LocStreamUTest.F90, line 78
  NUMBER_OF_PROCESSORS           4
  NUMBER_OF_PROCESSORS           4
  PASS  Testing LocStream IsCreated for uncreated object, ESMF_LocStreamUTest.F90, line 99
  PASS  Testing LocStream IsCreated for uncreated object, ESMF_LocStreamUTest.F90, line 99
  PASS  Testing LocStream IsCreated for uncreated object, ESMF_LocStreamUTest.F90, line 99
  PASS  Testing LocStream IsCreated for uncreated object, ESMF_LocStreamUTest.F90, line 99
  PASS  Testing LocStream IsCreated for uncreated object, ESMF_LocStreamUTest.F90, line 107
  PASS  Testing LocStream IsCreated for uncreated object, ESMF_LocStreamUTest.F90, line 107
  PASS  Testing LocStream IsCreated for uncreated object, ESMF_LocStreamUTest.F90, line 107
  PASS  Testing LocStream IsCreated for uncreated object, ESMF_LocStreamUTest.F90, line 107
  PASS  Create test LocStream for IsCreated, ESMF_LocStreamUTest.F90, line 115
  PASS  Create test LocStream for IsCreated, ESMF_LocStreamUTest.F90, line 115
  PASS  Create test LocStream for IsCreated, ESMF_LocStreamUTest.F90, line 115
  PASS  Create test LocStream for IsCreated, ESMF_LocStreamUTest.F90, line 115
  PASS  Testing LocStream IsCreated for created object, ESMF_LocStreamUTest.F90, line 123
  PASS  Testing LocStream IsCreated for created object, ESMF_LocStreamUTest.F90, line 131
  PASS  Testing LocStream IsCreated for created object, ESMF_LocStreamUTest.F90, line 123
  PASS  Testing LocStream IsCreated for created object, ESMF_LocStreamUTest.F90, line 131
  PASS  Testing LocStream IsCreated for created object, ESMF_LocStreamUTest.F90, line 123
  PASS  Testing LocStream IsCreated for created object, ESMF_LocStreamUTest.F90, line 123
  PASS  Testing LocStream IsCreated for created object, ESMF_LocStreamUTest.F90, line 131
  PASS  Testing LocStream IsCreated for created object, ESMF_LocStreamUTest.F90, line 131
  PASS  Destroy test LocStream for IsCreated, ESMF_LocStreamUTest.F90, line 139
  PASS  Destroy test LocStream for IsCreated, ESMF_LocStreamUTest.F90, line 139
  PASS  Destroy test LocStream for IsCreated, ESMF_LocStreamUTest.F90, line 139
  PASS  Destroy test LocStream for IsCreated, ESMF_LocStreamUTest.F90, line 139
  PASS  Testing LocStream IsCreated for destroyed object, ESMF_LocStreamUTest.F90, line 147
  PASS  Testing LocStream IsCreated for destroyed object, ESMF_LocStreamUTest.F90, line 147
  PASS  Testing LocStream IsCreated for destroyed object, ESMF_LocStreamUTest.F90, line 147
  PASS  Testing LocStream IsCreated for destroyed object, ESMF_LocStreamUTest.F90, line 155
  PASS  Testing LocStream IsCreated for destroyed object, ESMF_LocStreamUTest.F90, line 147
  PASS  Testing LocStream IsCreated for destroyed object, ESMF_LocStreamUTest.F90, line 155
  PASS  Testing LocStream IsCreated for destroyed object, ESMF_LocStreamUTest.F90, line 155
  PASS  Testing LocStream IsCreated for destroyed object, ESMF_LocStreamUTest.F90, line 155
  PASS  Testing LocStream Validate, ESMF_LocStreamUTest.F90, line 187
  PASS  Testing LocStream Validate, ESMF_LocStreamUTest.F90, line 187
  PASS  Testing LocStream Validate, ESMF_LocStreamUTest.F90, line 187
  PASS  Testing LocStream Validate, ESMF_LocStreamUTest.F90, line 187
  PASS  Test ESMF_LocStreamCreate from Regular distribution, ESMF_LocStreamUTest.F90, line 335
  PASS  Test ESMF_LocStreamCreate from Regular distribution, ESMF_LocStreamUTest.F90, line 335
  PASS  Test ESMF_LocStreamCreate from Regular distribution, ESMF_LocStreamUTest.F90, line 335
  PASS  Test ESMF_LocStreamCreate from Regular distribution, ESMF_LocStreamUTest.F90, line 335
  PASS  LocStream equality before assignment Test, ESMF_LocStreamUTest.F90, line 343
  PASS  LocStream equality before assignment Test, ESMF_LocStreamUTest.F90, line 343
  PASS  LocStream equality before assignment Test, ESMF_LocStreamUTest.F90, line 343
  PASS  LocStream equality before assignment Test, ESMF_LocStreamUTest.F90, line 343
  PASS  LocStream assignment and equality Test, ESMF_LocStreamUTest.F90, line 352
  PASS  LocStream assignment and equality Test, ESMF_LocStreamUTest.F90, line 352
  PASS  LocStream assignment and equality Test, ESMF_LocStreamUTest.F90, line 352
  PASS  LocStream assignment and equality Test, ESMF_LocStreamUTest.F90, line 352
  PASS  LocStreamDestroy Test, ESMF_LocStreamUTest.F90, line 359
  PASS  LocStream equality after destroy Test, ESMF_LocStreamUTest.F90, line 367
  PASS  LocStream non-equality after destroy Test, ESMF_LocStreamUTest.F90, line 375
  PASS  Double LocStreamDestroy through alias Test, ESMF_LocStreamUTest.F90, line 382
  PASS  Test ESMF_LocStreamCreate from Irregular distribution, ESMF_LocStreamUTest.F90, line 534
  PASS  LocStreamDestroy Test, ESMF_LocStreamUTest.F90, line 359
  PASS  LocStream equality after destroy Test, ESMF_LocStreamUTest.F90, line 367
  PASS  LocStream non-equality after destroy Test, ESMF_LocStreamUTest.F90, line 375
  PASS  Double LocStreamDestroy through alias Test, ESMF_LocStreamUTest.F90, line 382
  PASS  Test ESMF_LocStreamCreate from Irregular distribution, ESMF_LocStreamUTest.F90, line 534
  PASS  LocStreamDestroy Test, ESMF_LocStreamUTest.F90, line 359
  PASS  LocStream equality after destroy Test, ESMF_LocStreamUTest.F90, line 367
  PASS  LocStream non-equality after destroy Test, ESMF_LocStreamUTest.F90, line 375
  PASS  Double LocStreamDestroy through alias Test, ESMF_LocStreamUTest.F90, line 382
  PASS  Test ESMF_LocStreamCreate from Irregular distribution, ESMF_LocStreamUTest.F90, line 534
  PASS  LocStreamDestroy Test, ESMF_LocStreamUTest.F90, line 359
  PASS  LocStream equality after destroy Test, ESMF_LocStreamUTest.F90, line 367
  PASS  LocStream non-equality after destroy Test, ESMF_LocStreamUTest.F90, line 375
  PASS  Double LocStreamDestroy through alias Test, ESMF_LocStreamUTest.F90, line 382
  PASS  Test ESMF_LocStreamCreate from Irregular distribution, ESMF_LocStreamUTest.F90, line 534
  PASS  Testing LocStream Create from localCount and indexflag=ESMF_INDEX_DELOCAL, ESMF_LocStreamUTest.F90, line 571
  PASS  Testing LocStream Create from localCount and indexflag=ESMF_INDEX_DELOCAL, ESMF_LocStreamUTest.F90, line 571
  PASS  Testing LocStream Create from localCount and indexflag=ESMF_INDEX_DELOCAL, ESMF_LocStreamUTest.F90, line 571
  PASS  Testing LocStream Create from localCount and indexflag=ESMF_INDEX_DELOCAL, ESMF_LocStreamUTest.F90, line 571
  PASS  Testing LocStream Create from localCount and indexflag=ESMF_INDEX_GLOBAL, ESMF_LocStreamUTest.F90, line 607
  PASS  Testing LocStream Create from localCount and indexflag=ESMF_INDEX_GLOBAL, ESMF_LocStreamUTest.F90, line 607
  PASS  Testing LocStream Create from localCount and indexflag=ESMF_INDEX_GLOBAL, ESMF_LocStreamUTest.F90, line 607
  PASS  Testing LocStream Create from localCount and indexflag=ESMF_INDEX_GLOBAL, ESMF_LocStreamUTest.F90, line 607
  PASS  Testing LocStream Create defaults and LocStream Get, ESMF_LocStreamUTest.F90, line 650
  PASS  Testing LocStream Create defaults and LocStream Get, ESMF_LocStreamUTest.F90, line 650
  PASS  Testing LocStream Create defaults and LocStream Get, ESMF_LocStreamUTest.F90, line 650
  PASS  Testing LocStream Create defaults and LocStream Get, ESMF_LocStreamUTest.F90, line 650
  PASS  Test keyCount and keyNames response to ESMF_LocStreamAddKey, ESMF_LocStreamUTest.F90, line 706
  PASS  Test keyCount and keyNames response to ESMF_LocStreamAddKey, ESMF_LocStreamUTest.F90, line 706
  PASS  Test keyCount and keyNames response to ESMF_LocStreamAddKey, ESMF_LocStreamUTest.F90, line 706
  PASS  Test keyCount and keyNames response to ESMF_LocStreamAddKey, ESMF_LocStreamUTest.F90, line 706
  PASS  Test ESMF_LocStreamGetKey getting an I4 pointer and bounds, ESMF_LocStreamUTest.F90, line 767
  PASS  Test ESMF_LocStreamGetKey getting an I4 pointer and bounds, ESMF_LocStreamUTest.F90, line 767
  PASS  Test ESMF_LocStreamGetKey getting an I4 pointer and bounds, ESMF_LocStreamUTest.F90, line 767
  PASS  Test ESMF_LocStreamGetKey getting an I4 pointer and bounds, ESMF_LocStreamUTest.F90, line 767
  PASS  Test ESMF_LocStreamGetKey getting an R4 pointer and bounds, ESMF_LocStreamUTest.F90, line 828
  PASS  Test ESMF_LocStreamGetKey getting an R4 pointer and bounds, ESMF_LocStreamUTest.F90, line 828
  PASS  Test ESMF_LocStreamGetKey getting an R4 pointer and bounds, ESMF_LocStreamUTest.F90, line 828
  PASS  Test ESMF_LocStreamGetKey getting an R4 pointer and bounds, ESMF_LocStreamUTest.F90, line 828
  PASS  Test ESMF_LocStreamGetKey getting an R8 pointer and bounds, ESMF_LocStreamUTest.F90, line 890
  PASS  Test ESMF_LocStreamGetKey getting an R8 pointer and bounds, ESMF_LocStreamUTest.F90, line 890
  PASS  Test ESMF_LocStreamGetKey getting an R8 pointer and bounds, ESMF_LocStreamUTest.F90, line 890
  PASS  Test ESMF_LocStreamGetKey getting an R8 pointer and bounds, ESMF_LocStreamUTest.F90, line 890
  PASS  Test getting keyUnits and keyLongName, ESMF_LocStreamUTest.F90, line 934
  PASS  Test getting keyUnits and keyLongName, ESMF_LocStreamUTest.F90, line 934
  PASS  Test getting keyUnits and keyLongName, ESMF_LocStreamUTest.F90, line 934
  PASS  Test getting keyUnits and keyLongName, ESMF_LocStreamUTest.F90, line 934
 ESMF_LocStreamUTest: serialization buffer size =        8720
 ESMF_LocStreamUTest: serialization buffer size =        8720
 ESMF_LocStreamUTest: serialization buffer size =        8720
 ESMF_LocStreamUTest: serialization buffer size =        8720
  PASS  Test LocStream Serialize/Deserialize, ESMF_LocStreamUTest.F90, line 1020
  PASS  Test LocStream Serialize/Deserialize, ESMF_LocStreamUTest.F90, line 1020
  PASS  Test LocStream Serialize/Deserialize, ESMF_LocStreamUTest.F90, line 1020
  PASS  Test LocStream Serialize/Deserialize, ESMF_LocStreamUTest.F90, line 1020
 LocStream Print Starts ====>
 Name =     'LocStream048'
 KeyCount =           2
 LocStream Print Starts ====>
 Name =     'LocStream048'
 KeyCount =           2
 Keys:
 LocStream Print Starts ====>
 Name =     'LocStream048'
 KeyCount =           2
 Keys:
    A1 - LN1    U1
 Keys:
    A1 - LN1    U1
    A1 - LN1    U1
     arr(           1 )=    1.3358681318111293E-316
     arr(           2 )=    0.0000000000000000     
     arr(           3 )=    0.0000000000000000     
     arr(           4 )=    0.0000000000000000     
     arr(           1 )=    1.3400831046489301E-316
     arr(           2 )=    0.0000000000000000     
     arr(           3 )=    0.0000000000000000     
     arr(           1 )=    6.7534267907808330E-317
     arr(           2 )=    0.0000000000000000     
     arr(           3 )=    0.0000000000000000     
     arr(           4 )=    0.0000000000000000     
     arr(           4 )=    0.0000000000000000     
     arr(           5 )=    0.0000000000000000     
    A2 - LN2    U2
     arr(           5 )=    0.0000000000000000     
    A2 - LN2    U2
     arr(           5 )=    0.0000000000000000     
    A2 - LN2    U2
 LocStream Print Starts ====>
 Name =     'LocStream048'
 KeyCount =           2
 Keys:
    A1 - LN1    U1
     arr(           1 )=    2.3442827312258082E-310
     arr(           2 )=    2.3442827312258082E-310
     arr(           3 )=    6.0134700169990685E-154
     arr(           4 )=    6.0134700169990685E-154
     arr(           5 )=    6.0134700169990685E-154
     arr(           1 )=    2.3619558314129334E-310
     arr(           2 )=    2.3619558314129334E-310
     arr(           3 )=    3.1620201333839779E-322
     arr(           4 )=    1.5810100666919889E-322
     arr(           5 )=    1.3167608346501233E-316
     arr(           1 )=    2.3467931653516008E-310
     arr(           2 )=    2.3467931653516008E-310
     arr(           3 )=    7.2258796805888227E+159
     arr(           4 )=    6.3734468313520804E-322
 LocStream Print Ends   ====>
 LocStream Print Ends   ====>
     arr(           5 )=    1.3382941917584681E-316
 LocStream Print Ends   ====>
  PASS  Test Print, ESMF_LocStreamUTest.F90, line 1053
  PASS  Test Print, ESMF_LocStreamUTest.F90, line 1053
     arr(           1 )=    1.3379147493424621E-316
     arr(           2 )=    0.0000000000000000     
     arr(           3 )=    0.0000000000000000     
     arr(           4 )=    0.0000000000000000     
     arr(           5 )=    0.0000000000000000     
    A2 - LN2    U2
  PASS  Test Print, ESMF_LocStreamUTest.F90, line 1053
     arr(           1 )=    0.0000000000000000     
     arr(           2 )=    2.3452498526304439E-310
     arr(           3 )=    1.3347345475933111E-316
     arr(           4 )=    2.3452498526288629E-310
  PASS  Test ESMF_LocStreamCreate from Regular distribution, ESMF_LocStreamUTest.F90, line 1205
  PASS  Test ESMF_LocStreamCreate from Regular distribution, ESMF_LocStreamUTest.F90, line 1205
  PASS  Test ESMF_LocStreamCreate from Regular distribution, ESMF_LocStreamUTest.F90, line 1205
     arr(           5 )=    2.3715151000379834E-322
 LocStream Print Ends   ====>
  PASS  Test Print, ESMF_LocStreamUTest.F90, line 1053
  PASS  Test ESMF_LocStreamCreate from Irregular distribution, ESMF_LocStreamUTest.F90, line 1358
  PASS  Test ESMF_LocStreamCreate from Irregular distribution, ESMF_LocStreamUTest.F90, line 1358
  PASS  Test ESMF_LocStreamCreate from Irregular distribution, ESMF_LocStreamUTest.F90, line 1358
  PASS  Test ESMF_LocStreamCreate from Regular distribution, ESMF_LocStreamUTest.F90, line 1205
  PASS  Test ESMF_LocStreamCreate from Irregular distribution, ESMF_LocStreamUTest.F90, line 1358
  PASS  Test ESMF_LocStream Create From Background Mesh, ESMF_LocStreamUTest.F90, line 1670
  PASS  Test ESMF_LocStream Create From Background Mesh, ESMF_LocStreamUTest.F90, line 1670
  PASS  Test ESMF_LocStream Create From Background Mesh, ESMF_LocStreamUTest.F90, line 1670
  PASS  Test ESMF_LocStream Create From Background Mesh, ESMF_LocStreamUTest.F90, line 1670
  PASS  Test ESMF_LocStream Create From Background Grid, ESMF_LocStreamUTest.F90, line 1686
  PASS  Test ESMF_LocStream Create From Background Grid, ESMF_LocStreamUTest.F90, line 1686
  PASS  Test ESMF_LocStream Create From Background Grid, ESMF_LocStreamUTest.F90, line 1686
  PASS  Test ESMF_LocStream Create From Background Grid, ESMF_LocStreamUTest.F90, line 1686
  PASS  Test ESMF_LocStream Create From Background Grid non-default Align, ESMF_LocStreamUTest.F90, line 1701
  PASS  Test ESMF_LocStream Create From Background Grid non-default Align, ESMF_LocStreamUTest.F90, line 1701
  PASS  Test ESMF_LocStream Create From Background Grid non-default Align, ESMF_LocStreamUTest.F90, line 1701
  PASS  Test ESMF_LocStream Create From Background Grid non-default Align, ESMF_LocStreamUTest.F90, line 1701
  PASS  Test ESMF_LocStream Create From Background Grid on Sphere, ESMF_LocStreamUTest.F90, line 1717
  PASS  Test ESMF_LocStream Create From Background Grid on Sphere, ESMF_LocStreamUTest.F90, line 1717
  PASS  Test ESMF_LocStream Create From Background Grid on Sphere, ESMF_LocStreamUTest.F90, line 1717
  Ending Test, file ESMF_LocStreamUTest.F90, line 1727
  PASS  Test ESMF_LocStream Create From Background Grid on Sphere, ESMF_LocStreamUTest.F90, line 1717
  Ending Test, file ESMF_LocStreamUTest.F90, line 1727
  Ending Test, file ESMF_LocStreamUTest.F90, line 1727
  Ending Test, file ESMF_LocStreamUTest.F90, line 1727
  PET           1  Test Elapsed Time    38.094000000000015       msec.
  PET           3  Test Elapsed Time    38.076000000000001       msec.
  PET           0  Test Elapsed Time    37.658999999999999       msec.
  PET           2  Test Elapsed Time    39.026999999999980       msec.
