2022-07-14 01:55:51
Name: unnamed000	  Convention: customconvention2	  Purpose: custompurpose2	

Custom1	Custom2	Custom3	
