2022-07-14 01:55:51
Beginning Test, file ESMC_StateUTest.C, line 53
Beginning Test, file ESMC_StateUTest.C, line 53NUMBER_OF_PROCESSORS 4
PASS StateCreate Unit test, ESMC_StateUTest.C, line 66
PASS ArraySpecSet, ESMC_StateUTest.C, line 75
PASS Set up minIndex, ESMC_StateUTest.C, line 85
PASS Set up maxIndex, ESMC_StateUTest.C, line 96
PASS Create 5 x 10 ESMC_DistGrid object, ESMC_StateUTest.C, line 104
PASS Create ESMC_Array object, ESMC_StateUTest.C, line 112
PASS Retrieve the name of an ESMC_Array object, ESMC_StateUTest.C, line 120
PASS Verify array object name retrieved, ESMC_StateUTest.C, line 128
PASS Initialize data an ESMC_Array object, ESMC_StateUTest.C, line 136
--- ESMCI::Array::print start ---
 Base name    = array1
Beginning Test, file ESMC_StateUTest.C, line 53
 Status: Base = Ready,  object = Ready
 Proxy        = no
 Root Info (Attributes):
Beginning Test, file ESMC_StateUTest.C, line 53NUMBER_OF_PROCESSORS 4
{}Array typekind/rank: Integer*4 / 2 
~ lower class' values ~
DistGrid dimCount = 2
deCount = 4
localDeCount = 1
~ local data in LocalArray for DE 2 ~
LocalArrayPrint: Array at address 0x3388c20:
            rank = 2, typekind = 3, base_addr = 0x3388470
            dim[0] = 1  dim[1] = 10  
  Integer, *4, Dim 2, Data values:
( 1, 1) =  54035472
( 1, 2) =  0
( 1, 3) =  1
( 1, 4) =  2
( 1, 5) =  0
( 1, 6) =  0
( 1, 7) =  0
( 1, 8) =  0
( 1, 9) =  0
( 1,10) =  0
dim 1: [0]: [1 [1 [1, 1] 1] 1]
dim 2: [1]: [1 [1 [1, 10] 10] 10]
--- ESMCI::Array::print end ---
PASS StateCreate Unit test, ESMC_StateUTest.C, line 66
Beginning Test, file ESMC_StateUTest.C, line 53
PASS Print ESMC_Array object, ESMC_StateUTest.C, line 144
PASS ArraySpecSet, ESMC_StateUTest.C, line 75
Beginning Test, file ESMC_StateUTest.C, line 53NUMBER_OF_PROCESSORS 4
PASS Set up minIndex, ESMC_StateUTest.C, line 85
PASS Set up maxIndex, ESMC_StateUTest.C, line 96
PASS Create 5 x 10 ESMC_DistGrid object, ESMC_StateUTest.C, line 104
PASS StateCreate Unit test, ESMC_StateUTest.C, line 66
PASS ArraySpecSet, ESMC_StateUTest.C, line 75
PASS Set up minIndex, ESMC_StateUTest.C, line 85
PASS Set up maxIndex, ESMC_StateUTest.C, line 96
PASS Create ESMC_Array object, ESMC_StateUTest.C, line 112
PASS Add an Array to a State object, ESMC_StateUTest.C, line 151
PASS Retrieve the name of an ESMC_Array object, ESMC_StateUTest.C, line 120
PASS Create 5 x 10 ESMC_DistGrid object, ESMC_StateUTest.C, line 104
PASS Verify array object name retrieved, ESMC_StateUTest.C, line 128
PASS Initialize data an ESMC_Array object, ESMC_StateUTest.C, line 136
--- ESMCI::Array::print start ---
 Base name    = array1
 Status: Base = Ready,  object = Ready
 Proxy        = no
 Root Info (Attributes):
PASS Get an array from a state, based on its name, ESMC_StateUTest.C, line 159
PASS Compare array stored into and array retrieved from a state, ESMC_StateUTest.C, line 167
PASS Destroy ESMC_DistGrid object, ESMC_StateUTest.C, line 175
{}Array typekind/rank: Integer*4 / 2 
~ lower class' values ~
DistGrid dimCount = 2
deCount = 4
localDeCount = 1
~ local data in LocalArray for DE 3 ~
LocalArrayPrint: Array at address 0x3388cd0:
            rank = 2, typekind = 3, base_addr = 0x335c6a0
            dim[0] = 1  dim[1] = 10  
  Integer, *4, Dim 2, Data values:
( 1, 1) =  53855808
( 1, 2) =  0
( 1, 3) =  1
PASS Create ESMC_Array object, ESMC_StateUTest.C, line 112
( 1, 4) =  2
( 1, 5) =  0
( 1, 6) =  0
( 1, 7) =  0
( 1, 8) =  0
( 1, 9) =  0
( 1,10) =  0
dim 1: [0]: [1 [1 [1, 1] 1] 1]
dim 2: [1]: [1 [1 [1, 10] 10] 10]
--- ESMCI::Array::print end ---
PASS Retrieve the name of an ESMC_Array object, ESMC_StateUTest.C, line 120
PASS Destroy ESMC_Array object, ESMC_StateUTest.C, line 183
PASS Verify array object name retrieved, ESMC_StateUTest.C, line 128
PASS Print ESMC_Array object, ESMC_StateUTest.C, line 144
PASS Initialize data an ESMC_Array object, ESMC_StateUTest.C, line 136
--- ESMCI::Array::print start ---
 Base name    = array1
PASS StateDestroy Unit test, ESMC_StateUTest.C, line 193
 Status: Base = Ready,  object = Ready
 Proxy        = no
 Root Info (Attributes):
Ending Test, file ESMC_StateUTest.C, line 200
{}Array typekind/rank: Integer*4 / 2 
~ lower class' values ~
DistGrid dimCount = 2
deCount = 4
localDeCount = 1
~ local data in LocalArray for DE 0 ~
LocalArrayPrint: Array at address 0x3388ad0:
            rank = 2, typekind = 3, base_addr = 0x3388860
            dim[0] = 2  dim[1] = 10  
  Integer, *4, Dim 2, Data values:
Beginning Test, file ESMC_StateUTest.C, line 53
Beginning Test, file ESMC_StateUTest.C, line 53NUMBER_OF_PROCESSORS 4
( 1, 1) =  -262203592
( 2, 1) =  10994
( 1, 2) =  -262203592
( 2, 2) =  10994
( 1, 3) =  0
( 2, 3) =  0
( 1, 4) =  0
( 2, 4) =  0
( 1, 5) =  0
( 2, 5) =  0
( 1, 6) =  0
( 2, 6) =  0
( 1, 7) =  0
( 2, 7) =  0
( 1, 8) =  0
( 2, 8) =  0
( 1, 9) =  0
( 2, 9) =  0
( 1,10) =  0
( 2,10) =  0
dim 1: [0]: [1 [1 [1, 2] 2] 2]
dim 2: [1]: [1 [1 [1, 10] 10] 10]
--- ESMCI::Array::print end ---
PASS Print ESMC_Array object, ESMC_StateUTest.C, line 144
PASS Add an Array to a State object, ESMC_StateUTest.C, line 151
PASS StateCreate Unit test, ESMC_StateUTest.C, line 66
PASS Get an array from a state, based on its name, ESMC_StateUTest.C, line 159
PASS ArraySpecSet, ESMC_StateUTest.C, line 75
PASS Compare array stored into and array retrieved from a state, ESMC_StateUTest.C, line 167
PASS Set up minIndex, ESMC_StateUTest.C, line 85
PASS Destroy ESMC_DistGrid object, ESMC_StateUTest.C, line 175
PASS Set up maxIndex, ESMC_StateUTest.C, line 96
PASS Destroy ESMC_Array object, ESMC_StateUTest.C, line 183
PASS StateDestroy Unit test, ESMC_StateUTest.C, line 193
PASS Create 5 x 10 ESMC_DistGrid object, ESMC_StateUTest.C, line 104
PASS Add an Array to a State object, ESMC_StateUTest.C, line 151
Ending Test, file ESMC_StateUTest.C, line 200
PASS Get an array from a state, based on its name, ESMC_StateUTest.C, line 159
PASS Compare array stored into and array retrieved from a state, ESMC_StateUTest.C, line 167
PASS Destroy ESMC_DistGrid object, ESMC_StateUTest.C, line 175
PASS Create ESMC_Array object, ESMC_StateUTest.C, line 112
PASS Destroy ESMC_Array object, ESMC_StateUTest.C, line 183
PASS Retrieve the name of an ESMC_Array object, ESMC_StateUTest.C, line 120
PASS Verify array object name retrieved, ESMC_StateUTest.C, line 128
PASS StateDestroy Unit test, ESMC_StateUTest.C, line 193
PASS Initialize data an ESMC_Array object, ESMC_StateUTest.C, line 136
--- ESMCI::Array::print start ---
 Base name    = array1
Ending Test, file ESMC_StateUTest.C, line 200
 Status: Base = Ready,  object = Ready
 Proxy        = no
 Root Info (Attributes):
{}Array typekind/rank: Integer*4 / 2 
~ lower class' values ~
DistGrid dimCount = 2
deCount = 4
localDeCount = 1
~ local data in LocalArray for DE 1 ~
LocalArrayPrint: Array at address 0x3388b80:
            rank = 2, typekind = 3, base_addr = 0x335c790
            dim[0] = 1  dim[1] = 10  
  Integer, *4, Dim 2, Data values:
( 1, 1) =  53856048
( 1, 2) =  0
( 1, 3) =  1
( 1, 4) =  2
( 1, 5) =  0
( 1, 6) =  0
( 1, 7) =  0
( 1, 8) =  0
( 1, 9) =  0
( 1,10) =  0
dim 1: [0]: [1 [1 [1, 1] 1] 1]
dim 2: [1]: [1 [1 [1, 10] 10] 10]
--- ESMCI::Array::print end ---
PASS Print ESMC_Array object, ESMC_StateUTest.C, line 144
PASS Add an Array to a State object, ESMC_StateUTest.C, line 151
PASS Get an array from a state, based on its name, ESMC_StateUTest.C, line 159
PASS Compare array stored into and array retrieved from a state, ESMC_StateUTest.C, line 167
PASS Destroy ESMC_DistGrid object, ESMC_StateUTest.C, line 175
PASS Destroy ESMC_Array object, ESMC_StateUTest.C, line 183
PASS StateDestroy Unit test, ESMC_StateUTest.C, line 193
Ending Test, file ESMC_StateUTest.C, line 200
Ending Test, file ESMC_StateUTest.C, line 200 PET 1 Test Elapsed Time 0.841 msec.
Ending Test, file ESMC_StateUTest.C, line 200 PET 2 Test Elapsed Time 1.76 msec.
Ending Test, file ESMC_StateUTest.C, line 200 PET 3 Test Elapsed Time 1.335 msec.
Ending Test, file ESMC_StateUTest.C, line 200 PET 0 Test Elapsed Time 1.236 msec.
