2022-07-14 01:51:14
  Beginning Test, file ESMF_VMAccUTest.F90, line 52
  Beginning Test, file ESMF_VMAccUTest.F90, line 52
  NUMBER_OF_PROCESSORS           4
  Beginning Test, file ESMF_VMAccUTest.F90, line 52
  NUMBER_OF_PROCESSORS           4
  Beginning Test, file ESMF_VMAccUTest.F90, line 52
  NUMBER_OF_PROCESSORS           4
  NUMBER_OF_PROCESSORS           4
  PASS  Test getting the number of accelerator devices, ESMF_VMAccUTest.F90, line 72
  PASS  Test getting the number of accelerator devices, ESMF_VMAccUTest.F90, line 72
  PASS  Test getting the number of accelerator devices, ESMF_VMAccUTest.F90, line 72
  Ending Test, file ESMF_VMAccUTest.F90, line 76
  Ending Test, file ESMF_VMAccUTest.F90, line 76
  PASS  Test getting the number of accelerator devices, ESMF_VMAccUTest.F90, line 72
  Ending Test, file ESMF_VMAccUTest.F90, line 76
  Ending Test, file ESMF_VMAccUTest.F90, line 76
  PET           3  Test Elapsed Time   0.21300000000000008       msec.
  PET           0  Test Elapsed Time   0.21300000000000052       msec.
  PET           1  Test Elapsed Time   0.21999999999999970       msec.
  PET           2  Test Elapsed Time   0.21399999999999977       msec.
