2022-07-14 01:54:53
Beginning Test, file ESMC_ArraySpecUTest.C, line 49
Beginning Test, file ESMC_ArraySpecUTest.C, line 49NUMBER_OF_PROCESSORS 4
Beginning Test, file ESMC_ArraySpecUTest.C, line 49
Beginning Test, file ESMC_ArraySpecUTest.C, line 49NUMBER_OF_PROCESSORS 4
PASS ArraySpecSet Unit test, ESMC_ArraySpecUTest.C, line 59
PASS ArraySpecSet Unit test, ESMC_ArraySpecUTest.C, line 59
PASS ArraySpecGet Unit test, ESMC_ArraySpecUTest.C, line 68
PASS ArraySpecGet: rank Unit test, ESMC_ArraySpecUTest.C, line 76
PASS ArraySpecGet: typekind Unit test, ESMC_ArraySpecUTest.C, line 84
Ending Test, file ESMC_ArraySpecUTest.C, line 88
PASS ArraySpecGet Unit test, ESMC_ArraySpecUTest.C, line 68
PASS ArraySpecGet: rank Unit test, ESMC_ArraySpecUTest.C, line 76
PASS ArraySpecGet: typekind Unit test, ESMC_ArraySpecUTest.C, line 84
Ending Test, file ESMC_ArraySpecUTest.C, line 88
Beginning Test, file ESMC_ArraySpecUTest.C, line 49
Beginning Test, file ESMC_ArraySpecUTest.C, line 49NUMBER_OF_PROCESSORS 4
PASS ArraySpecSet Unit test, ESMC_ArraySpecUTest.C, line 59
PASS ArraySpecGet Unit test, ESMC_ArraySpecUTest.C, line 68
PASS ArraySpecGet: rank Unit test, ESMC_ArraySpecUTest.C, line 76
PASS ArraySpecGet: typekind Unit test, ESMC_ArraySpecUTest.C, line 84
Ending Test, file ESMC_ArraySpecUTest.C, line 88
Beginning Test, file ESMC_ArraySpecUTest.C, line 49
Beginning Test, file ESMC_ArraySpecUTest.C, line 49NUMBER_OF_PROCESSORS 4
PASS ArraySpecSet Unit test, ESMC_ArraySpecUTest.C, line 59
PASS ArraySpecGet Unit test, ESMC_ArraySpecUTest.C, line 68
PASS ArraySpecGet: rank Unit test, ESMC_ArraySpecUTest.C, line 76
PASS ArraySpecGet: typekind Unit test, ESMC_ArraySpecUTest.C, line 84
Ending Test, file ESMC_ArraySpecUTest.C, line 88
Ending Test, file ESMC_ArraySpecUTest.C, line 88 PET 1 Test Elapsed Time 47.165 msec.
Ending Test, file ESMC_ArraySpecUTest.C, line 88 PET 3 Test Elapsed Time 46.865 msec.
Ending Test, file ESMC_ArraySpecUTest.C, line 88 PET 2 Test Elapsed Time 47.771 msec.
Ending Test, file ESMC_ArraySpecUTest.C, line 88 PET 0 Test Elapsed Time 47.894 msec.
