2022-07-14 01:54:53
 --------------------------------------- 
 Start of  System Test ESMF_XGridSerialSTest
 --------------------------------------- 
 --------------------------------------- 
 Start of  System Test ESMF_XGridSerialSTest
 --------------------------------------- 
 --------------------------------------- 
 Start of  System Test ESMF_XGridSerialSTest
 --------------------------------------- 
 --------------------------------------- 
 Start of  System Test ESMF_XGridSerialSTest
 --------------------------------------- 
 Created component landrc =           0
 Created component landrc =           0
 Created component landrc =           0
 Created component landrc =           0
 Created component oceanrc =           0
 Created component oceanrc =           0
 Created component oceanrc =           0
 Created component oceanrc =           0
 Created component landrc =           0
 Created component landrc =           0
 Created component landrc =           0
 Created component landrc =           0
 Created component user one-way coupler, rc =           0
 Comp Creates finished
 Created component user one-way coupler, rc =           0
 Comp Creates finished
 Created component user one-way coupler, rc =           0
 Comp Creates finished
 Created component user one-way coupler, rc =           0
 Comp Creates finished
 atmos SetVM finished, rc=            0           0
 atmos SetVM finished, rc=            0           0
 atmos SetVM finished, rc=            0           0
 atmos SetVM finished, rc=            0           0
 Atmosphere Register starting
 Atmosphere Register starting
 Registered Initialize, Run, and Finalize routines
 Atmosphere Register returning
 Registered Initialize, Run, and Finalize routines
 Atmosphere Register returning
 Atmosphere Register starting
 Atmosphere Register starting
 Registered Initialize, Run, and Finalize routines
 Atmosphere Register returning
 atmos SetServices finished, rc=            0
 atmos SetServices finished, rc=            0
 Registered Initialize, Run, and Finalize routines
 Atmosphere Register returning
 land SetVM finished, rc=            0
 land SetVM finished, rc=            0
 atmos SetServices finished, rc=            0
 land SetVM finished, rc=            0
 atmos SetServices finished, rc=            0
 land SetVM finished, rc=            0
 Land Register starting
 Registered Initialize, Run, and Finalize routines
 Land Register returning
 Land Register starting
 Registered Initialize, Run, and Finalize routines
 Land Register returning
 land SetServices finished, rc=            0
 ocean SetVM finished, rc=            0
 land SetServices finished, rc=            0
 Land Register starting
 Registered Initialize, Run, and Finalize routines
 Land Register returning
 Land Register starting
 Registered Initialize, Run, and Finalize routines
 Land Register returning
 ocean SetVM finished, rc=            0
 land SetServices finished, rc=            0
 ocean SetVM finished, rc=            0
 land SetServices finished, rc=            0
 ocean SetVM finished, rc=            0
 Ocean Register starting
 Registered Initialize, Run, and Finalize routines
 Ocean Register starting
 Registered Initialize, Run, and Finalize routines
 Ocean Register returning
 ocean SetServices finished, rc=            0
 Ocean Register starting
 Registered Initialize, Run, and Finalize routines
 Ocean Register returning
 Ocean Register returning
 ocean SetServices finished, rc=            0
 Cpl SetVM finished, rc=            0
 Cpl SetVM finished, rc=            0
 Ocean Register starting
 Registered Initialize, Run, and Finalize routines
 Ocean Register returning
 ocean SetServices finished, rc=            0
 Cpl SetVM finished, rc=            0
 ocean SetServices finished, rc=            0
 Cpl SetVM finished, rc=            0
 User Coupler Register starting
 Registered Initialize, Run, and Finalize routines
 User Coupler Register returning
 User Coupler Register starting
 Registered Initialize, Run, and Finalize routines
 User Coupler Register returning
 Cpl SetServices finished, rc=            0
 User Coupler Register starting
 Cpl SetServices finished, rc=            0
 User Coupler Register starting
 Registered Initialize, Run, and Finalize routines
 User Coupler Register returning
 Cpl SetServices finished, rc=            0
 Land Init starting, localPet =           1
 ESMF_StatePrint: (pet 1):
  State name: land_export
     status: Export State, object count: 1
     reconcile needed: T
 Base name    = land_export
 Status: Base = Ready,  object = Ready
 Proxy        = no
 Root Info (Attributes):
{}     object: 1,name: F_lnd
            type: Field
 land Init returning
 Land Initialize finished, rc =           0
 Ocean Init starting, localPet =           1
 Registered Initialize, Run, and Finalize routines
 User Coupler Register returning
 Cpl SetServices finished, rc=            0
 Land Init starting, localPet =           3
 ESMF_StatePrint: (pet 3):
  State name: land_export
     status: Export State, object count: 1
     reconcile needed: T
 Base name    = land_export
 Status: Base = Ready,  object = Ready
 Proxy        = no
 Root Info (Attributes):
{}     object: 1,name: F_lnd
            type: Field
 land Init returning
 Land Initialize finished, rc =           0
 Ocean Init starting, localPet =           3
 Land Init starting, localPet =           2
 ESMF_StatePrint: (pet 2):
  State name: land_export
     status: Export State, object count: 1
     reconcile needed: T
 Base name    = land_export
 Status: Base = Ready,  object = Ready
 Proxy        = no
 Root Info (Attributes):
{}     object: 1,name: F_lnd
            type: Field
 land Init returning
 Land Initialize finished, rc =           0
 Ocean Init starting, localPet =           2
 Land Init starting, localPet =           0
 ESMF_StatePrint: (pet 0):
  State name: land_export
     status: Export State, object count: 1
     reconcile needed: T
 Base name    = land_export
 Status: Base = Ready,  object = Ready
 Proxy        = no
 Root Info (Attributes):
{}     object: 1,name: F_lnd
            type: Field
 land Init returning
 Land Initialize finished, rc =           0
 Ocean Init starting, localPet =           0
 ocean Init returning
 Ocean Initialize finished, rc =           0
 ocean Init returning
 Atmosphere Init starting, localPet =           2
 Ocean Initialize finished, rc =           0
 ocean Init returning
 Atmosphere Init starting, localPet =           0
 Ocean Initialize finished, rc =           0
 ocean Init returning
 Atmosphere Init starting, localPet =           3
 Ocean Initialize finished, rc =           0
 Atmosphere Init starting, localPet =           1
 Atmos Init returning
 Atmosphere Initialize finished, rc =           0
 Atmos Init returning
 User Coupler Init starting, localPet =           2
 Atmosphere Initialize finished, rc =           0
 User Coupler Init starting, localPet =           0
 Atmos Init returning
 Atmosphere Initialize finished, rc =           0
 Atmos Init returning
 User Coupler Init starting, localPet =           3
 Atmosphere Initialize finished, rc =           0
 User Coupler Init starting, localPet =           1
 User Coupler Init returning
 User Coupler Init returning
 Coupler Initialize finished, rc =           0
 User Coupler Init returning
 Land Run starting
 Coupler Initialize finished, rc =           0
 Coupler Initialize finished, rc =           0
 Land Run starting
 Land Run starting
 User Coupler Init returning
 Coupler Initialize finished, rc =           0
 Land Run starting
 Land Run returning
 Land Run returned, rc =           0
 Ocean Run starting
 Land Run returning
 Land Run returning
 Land Run returned, rc =           0
 Land Run returned, rc =           0
 Ocean Run starting
 Ocean Run starting
 Land Run returning
 Land Run returned, rc =           0
 Ocean Run starting
 Ocean Run returning
 Ocean Run returned, rc =           0
 User Coupler Run starting
 Ocean Run returning
 Ocean Run returned, rc =           0
 Ocean Run returning
 Ocean Run returned, rc =           0
 User Coupler Run starting
 User Coupler Run starting
 Ocean Run returning
 Ocean Run returned, rc =           0
 User Coupler Run starting
 User Coupler Run returning
 Coupler Run returned, rc =           0
 User Coupler Run returning
 Atmosphere Run starting
 Atmosphere Run returning
 Coupler Run returned, rc =           0
 User Coupler Run returning
 Atmosphere Run returned, rc =           0
 User Coupler Final starting
 User Coupler Run returning
 Coupler Run returned, rc =           0
 Coupler Run returned, rc =           0
 Atmosphere Run starting
 Atmosphere Run returning
 Atmosphere Run starting
 Atmosphere Run returning
 Atmosphere Run returned, rc =           0
 Atmosphere Run returned, rc =           0
 Atmosphere Run starting
 Atmosphere Run returning
 User Coupler Final starting
 User Coupler Final starting
 Atmosphere Run returned, rc =           0
 User Coupler Final returning
 Coupler Finalize finished, rc =           0
 User Coupler Final starting
 Land Final starting
 User Coupler Final returning
 Coupler Finalize finished, rc =           0
 User Coupler Final returning
 Land Final returning
 Land Finalize finished, rc =           0
 Land Final starting
 Ocean Final starting
 User Coupler Final returning
 Coupler Finalize finished, rc =           0
 Land Final returning
 Land Finalize finished, rc =           0
 Ocean Final returning
 Ocean Finalize finished, rc =           0
 Coupler Finalize finished, rc =           0
 Land Final starting
 Ocean Final starting
 Ocean Final returning
 Atmosphere Final starting
 Atmosphere Final returning
 Land Final starting
 Ocean Finalize finished, rc =           0
 Atmosphere Finalize finished, rc =           0
 Atmosphere Final starting
 Atmosphere Final returning
 Atmosphere Finalize finished, rc =           0
 Land Final returning
 Land Finalize finished, rc =           0
 Land Final returning
 Land Finalize finished, rc =           0
 Ocean Final starting
 Ocean Final starting
 Ocean Final returning
 Ocean Finalize finished, rc =           0
 Ocean Final returning
 All Destroy routines done
  System Test ESMF_XGridSerialSTest                                                                                                                                                                                                                               complete.
 Ocean Finalize finished, rc =           0
 Atmosphere Final starting
 
  System Test ESMF_XGridSerialSTest
  SUCCESS:  System Test ESMF_XGridSerialSTest finished correctly.
 
 
  System Test ESMF_XGridSerialSTest
  SUCCESS:  System Test ESMF_XGridSerialSTest finished correctly.
 
 ------------------------------------------------------------
 ------------------------------------------------------------
 Test finished, localPet =            2
 ------------------------------------------------------------
 ------------------------------------------------------------
 All Destroy routines done
  System Test ESMF_XGridSerialSTest                                                                                                                                                                                                                               complete.
 ------------------------------------------------------------
 ------------------------------------------------------------
 Test finished, localPet =            0
 ------------------------------------------------------------
 ------------------------------------------------------------
 Atmosphere Final starting
 Atmosphere Final returning
 Atmosphere Finalize finished, rc =           0
 Atmosphere Final returning
  PASS  System Test ESMF_XGridSerialSTest, ESMF_XGridSerialSTest.F90, line 448
  PASS  System Test ESMF_XGridSerialSTest, ESMF_XGridSerialSTest.F90, line 448
 Atmosphere Finalize finished, rc =           0
 All Destroy routines done
  System Test ESMF_XGridSerialSTest                                                                                                                                                                                                                               complete.
 
  System Test ESMF_XGridSerialSTest
  SUCCESS:  System Test ESMF_XGridSerialSTest finished correctly.
 
 ------------------------------------------------------------
 ------------------------------------------------------------
 Test finished, localPet =            1
 ------------------------------------------------------------
 ------------------------------------------------------------
  PASS  System Test ESMF_XGridSerialSTest, ESMF_XGridSerialSTest.F90, line 448
 All Destroy routines done
  System Test ESMF_XGridSerialSTest                                                                                                                                                                                                                               complete.
 
  System Test ESMF_XGridSerialSTest
  SUCCESS:  System Test ESMF_XGridSerialSTest finished correctly.
 
 ------------------------------------------------------------
 ------------------------------------------------------------
 Test finished, localPet =            3
 ------------------------------------------------------------
 ------------------------------------------------------------
  PASS  System Test ESMF_XGridSerialSTest, ESMF_XGridSerialSTest.F90, line 448
