2022-07-14 01:54:53
  Beginning Test, file ESMF_FrameworkUTest.F90, line 59
  Beginning Test, file ESMF_FrameworkUTest.F90, line 59
  Beginning Test, file ESMF_FrameworkUTest.F90, line 59
  Beginning Test, file ESMF_FrameworkUTest.F90, line 59
  NUMBER_OF_PROCESSORS           4
  NUMBER_OF_PROCESSORS           4
  NUMBER_OF_PROCESSORS           4
  NUMBER_OF_PROCESSORS           4
  PASS  Testing IsInitialized() before ESMF_Initialize() was called, ESMF_FrameworkUTest.F90, line 66
  PASS  Testing IsInitialized() before ESMF_Initialize() was called, ESMF_FrameworkUTest.F90, line 72
  PASS  Testing IsFinalized() before ESMF_Initialize() was called, ESMF_FrameworkUTest.F90, line 78
  PASS  Testing IsFinalized() before ESMF_Initialize() was called, ESMF_FrameworkUTest.F90, line 84
  PASS  Testing IsInitialized() after ESMF_Initialize() was called, ESMF_FrameworkUTest.F90, line 91
  PASS  Testing IsInitialized() after ESMF_Initialize() was called, ESMF_FrameworkUTest.F90, line 97
  PASS  Testing IsFinalized() after ESMF_Initialize() was called, ESMF_FrameworkUTest.F90, line 104
  PASS  Testing IsFinalized() after ESMF_Initialize() was called, ESMF_FrameworkUTest.F90, line 110
  Ending Test, file ESMF_FrameworkUTest.F90, line 116
  PASS  Testing IsInitialized() before ESMF_Initialize() was called, ESMF_FrameworkUTest.F90, line 66
  PASS  Testing IsInitialized() before ESMF_Initialize() was called, ESMF_FrameworkUTest.F90, line 72
  PASS  Testing IsFinalized() before ESMF_Initialize() was called, ESMF_FrameworkUTest.F90, line 78
  PASS  Testing IsFinalized() before ESMF_Initialize() was called, ESMF_FrameworkUTest.F90, line 84
  PASS  Testing IsInitialized() after ESMF_Initialize() was called, ESMF_FrameworkUTest.F90, line 91
  PASS  Testing IsInitialized() after ESMF_Initialize() was called, ESMF_FrameworkUTest.F90, line 97
  PASS  Testing IsFinalized() after ESMF_Initialize() was called, ESMF_FrameworkUTest.F90, line 104
  PASS  Testing IsFinalized() after ESMF_Initialize() was called, ESMF_FrameworkUTest.F90, line 110
  Ending Test, file ESMF_FrameworkUTest.F90, line 116
  PASS  Testing IsInitialized() before ESMF_Initialize() was called, ESMF_FrameworkUTest.F90, line 66
  PASS  Testing IsInitialized() before ESMF_Initialize() was called, ESMF_FrameworkUTest.F90, line 72
  PASS  Testing IsFinalized() before ESMF_Initialize() was called, ESMF_FrameworkUTest.F90, line 78
  PASS  Testing IsFinalized() before ESMF_Initialize() was called, ESMF_FrameworkUTest.F90, line 84
  PASS  Testing IsInitialized() after ESMF_Initialize() was called, ESMF_FrameworkUTest.F90, line 91
  PASS  Testing IsInitialized() after ESMF_Initialize() was called, ESMF_FrameworkUTest.F90, line 97
  PASS  Testing IsInitialized() before ESMF_Initialize() was called, ESMF_FrameworkUTest.F90, line 66
  PASS  Testing IsInitialized() before ESMF_Initialize() was called, ESMF_FrameworkUTest.F90, line 72
  PASS  Testing IsFinalized() before ESMF_Initialize() was called, ESMF_FrameworkUTest.F90, line 78
  PASS  Testing IsFinalized() before ESMF_Initialize() was called, ESMF_FrameworkUTest.F90, line 84
  PASS  Testing IsInitialized() after ESMF_Initialize() was called, ESMF_FrameworkUTest.F90, line 91
  PASS  Testing IsInitialized() after ESMF_Initialize() was called, ESMF_FrameworkUTest.F90, line 97
  PASS  Testing IsFinalized() after ESMF_Initialize() was called, ESMF_FrameworkUTest.F90, line 104
  PASS  Testing IsFinalized() after ESMF_Initialize() was called, ESMF_FrameworkUTest.F90, line 110
  PASS  Testing IsFinalized() after ESMF_Initialize() was called, ESMF_FrameworkUTest.F90, line 104
  Ending Test, file ESMF_FrameworkUTest.F90, line 116
  PASS  Testing IsFinalized() after ESMF_Initialize() was called, ESMF_FrameworkUTest.F90, line 110
  Ending Test, file ESMF_FrameworkUTest.F90, line 116
  PET           1  Test Elapsed Time    4.1170000000000098       msec.
  PET           3  Test Elapsed Time    4.2009999999999827       msec.
  PET           0  Test Elapsed Time    4.0610000000000088       msec.
  PET           2  Test Elapsed Time    4.2910000000000172       msec.
