2022-07-14 01:57:07
Beginning Test, file ESMC_FieldUTest.C, line 76
Beginning Test, file ESMC_FieldUTest.C, line 76NUMBER_OF_PROCESSORS 1
PASS MeshCreate, ESMC_FieldUTest.C, line 88
PASS MeshVTKHeader, ESMC_FieldUTest.C, line 97
PASS MeshVTKBody, ESMC_FieldUTest.C, line 116
PASS MeshAddNodes, ESMC_FieldUTest.C, line 136
PASS MeshAddElements, ESMC_FieldUTest.C, line 146
PASS ArraySpecSet, ESMC_FieldUTest.C, line 154
PASS Set up gridToFieldMap, ESMC_FieldUTest.C, line 164
PASS Set up ungriddedLBound, ESMC_FieldUTest.C, line 175
PASS Set up ungriddedUBound, ESMC_FieldUTest.C, line 186
PASS Create ESMC_Field object, ESMC_FieldUTest.C, line 195
PASS Create ESMC_Field object, ESMC_FieldUTest.C, line 205
PASS Get an ESMC_Mesh object from ESMC_Field object, ESMC_FieldUTest.C, line 213
PASS Get an ESMC_Array object from ESMC_Field object, ESMC_FieldUTest.C, line 221
PASS Get a void * C pointer to data from ESMC_Field object, ESMC_FieldUTest.C, line 229
 Field Print Starts ====>
 Field base status = Ready
   Name = 'field1'
 Base name    = field1
 Status: Base = Ready,  object = Ready
 Proxy        = no
 Root Info (Attributes):
{} Field status =            4
 gridrank =            1
--- ESMCI::Array::print start ---
 Base name    = field1
 Status: Base = Ready,  object = Ready
 Proxy        = no
 Root Info (Attributes):
{}Array typekind/rank: Integer*4 / 1 
~ lower class' values ~
DistGrid dimCount = 1
deCount = 1
localDeCount = 1
~ local data in LocalArray for DE 0 ~
LocalArrayPrint: Array at address 0x3060360:
            rank = 1, typekind = 3, base_addr = 0x3060690
            dim[0] = 372  
  Integer, *4, Dim 1, Data values:
( 1) =  711310104
( 2) =  11104
( 3) =  711310104
( 4) =  11104
( 5) =  50726528
( 6) =  0
( 7) =  50726528
( 8) =  0
( 9) =  1234
(10) =  1236
  skipping to end ...
(363) =  2311
(364) =  2314
(365) =  2315
(366) =  2318
(367) =  2319
(368) =  2322
(369) =  2323
(370) =  2325
(371) =  2337
(372) =  2340
dim 1: [0]: [1 [1 [1, 372] 372] 372]
--- ESMCI::Array::print end ---
 arrayrank =            1
 gridToFieldMap ungriddedLBound ungriddedUBound totalLWidth totalUWidth
           1          -1          -1                0           0
          -1          -1          -1               -1          -1
          -1          -1          -1               -1          -1
          -1          -1          -1               -1          -1
          -1          -1          -1               -1          -1
          -1          -1          -1               -1          -1
          -1          -1          -1               -1          -1
 Field Print Ends   ====>
PASS Print an ESMC_Field object, ESMC_FieldUTest.C, line 237
PASS Destroy ESMC_Field object, ESMC_FieldUTest.C, line 245
PASS Get an ESMC_Mesh object from ESMC_Field object, ESMC_FieldUTest.C, line 253
PASS Get an ESMC_Array object from ESMC_Field object, ESMC_FieldUTest.C, line 261
PASS Get a void * C pointer to data from ESMC_Field object, ESMC_FieldUTest.C, line 269
 Field Print Starts ====>
 Field base status = Ready
   Name = 'field2'
 Base name    = field2
 Status: Base = Ready,  object = Ready
 Proxy        = no
 Root Info (Attributes):
{} Field status =            4
 gridrank =            1
--- ESMCI::Array::print start ---
 Base name    = field2
 Status: Base = Ready,  object = Ready
 Proxy        = no
 Root Info (Attributes):
{}Array typekind/rank: Real*8 / 1 
~ lower class' values ~
DistGrid dimCount = 1
deCount = 1
localDeCount = 1
~ local data in LocalArray for DE 0 ~
LocalArrayPrint: Array at address 0x30a1d60:
            rank = 1, typekind = 6, base_addr = 0x30a4490
            dim[0] = 608  
  Real, *8, Dim 1, Data values:
( 1) =  0
( 2) =  0
( 3) =  0
( 4) =  0
( 5) =  0
( 6) =  0
( 7) =  0
( 8) =  0
( 9) =  0
(10) =  0
  skipping to end ...
(599) =  0
(600) =  0
(601) =  0
(602) =  0
(603) =  0
(604) =  0
(605) =  0
(606) =  0
(607) =  0
(608) =  0
dim 1: [0]: [1 [1 [1, 608] 608] 608]
--- ESMCI::Array::print end ---
 arrayrank =            1
 gridToFieldMap ungriddedLBound ungriddedUBound totalLWidth totalUWidth
           1          -1          -1                0           0
          -1          -1          -1               -1          -1
          -1          -1          -1               -1          -1
          -1          -1          -1               -1          -1
          -1          -1          -1               -1          -1
          -1          -1          -1               -1          -1
          -1          -1          -1               -1          -1
 Field Print Ends   ====>
PASS Print an ESMC_Field object, ESMC_FieldUTest.C, line 277
PASS Destroy ESMC_Field object, ESMC_FieldUTest.C, line 285
PASS Destroy ESMC_Mesh object, ESMC_FieldUTest.C, line 293
PASS Create ESMC_Field object from grid and arrayspec, ESMC_FieldUTest.C, line 307
PASS Create ESMC_Field object from grid and arrayspec with null optional arguments, ESMC_FieldUTest.C, line 315
PASS LocStreamCreateLocal, ESMC_FieldUTest.C, line 326
PASS LocStreamAddKeyAlloc, ESMC_FieldUTest.C, line 335
PASS LocStreamGetKeyPtr, ESMC_FieldUTest.C, line 343
PASS LocStreamAddKeyAlloc, ESMC_FieldUTest.C, line 366
PASS LocStreamGetKeyPtr, ESMC_FieldUTest.C, line 374
PASS LocStreamAddKeyAlloc, ESMC_FieldUTest.C, line 398
PASS LocStreamGetKeyPtr, ESMC_FieldUTest.C, line 406
PASS Create ESMC_Field object on LocStream using TypeKind, ESMC_FieldUTest.C, line 430
PASS Get a void * C pointer to data from ESMC_Field object, ESMC_FieldUTest.C, line 438
Ending Test, file ESMC_FieldUTest.C, line 499
Ending Test, file ESMC_FieldUTest.C, line 499 PET 0 Test Elapsed Time 18.995 msec.
