2022-07-14 01:57:07
  Beginning Test, file ESMF_TimeUTest.F90, line 96
  Beginning Test, file ESMF_TimeUTest.F90, line 96
  Beginning Test, file ESMF_TimeUTest.F90, line 96
  NUMBER_OF_PROCESSORS           4
  Beginning Test, file ESMF_TimeUTest.F90, line 96
  NUMBER_OF_PROCESSORS           4
  NUMBER_OF_PROCESSORS           4
  NUMBER_OF_PROCESSORS           4
  PASS  Set Time Initialization Test, ESMF_TimeUTest.F90, line 126
  PASS  Set Time Initialization Test, ESMF_TimeUTest.F90, line 126
  PASS  Set Time Initialization Test, ESMF_TimeUTest.F90, line 126
  PASS  Set Time Initialization Test, ESMF_TimeUTest.F90, line 126
  PASS  Get Time Test 1, ESMF_TimeUTest.F90, line 138
  PASS  Get Time Test 1, ESMF_TimeUTest.F90, line 138
  PASS  Get Time Test 1, ESMF_TimeUTest.F90, line 138
  PASS  Get Time Test 1, ESMF_TimeUTest.F90, line 138
  PASS  Compare initialized and uninitialized Times Test 1, ESMF_TimeUTest.F90, line 169
  PASS  Compare initialized and uninitialized Times Test 1, ESMF_TimeUTest.F90, line 169
  PASS  Compare initialized and uninitialized Times Test 1, ESMF_TimeUTest.F90, line 169
  PASS  Compare initialized and uninitialized Times Test 1, ESMF_TimeUTest.F90, line 169
  PASS  Compare initialized and uninitialized Times Test 2, ESMF_TimeUTest.F90, line 179
  PASS  Compare initialized and uninitialized Times Test 2, ESMF_TimeUTest.F90, line 179
  PASS  Compare initialized and uninitialized Times Test 2, ESMF_TimeUTest.F90, line 179
  PASS  Compare initialized and uninitialized Times Test 2, ESMF_TimeUTest.F90, line 179
  PASS  Compare initialized and uninitialized Times Test 3, ESMF_TimeUTest.F90, line 189
  PASS  Compare initialized and uninitialized Times Test 3, ESMF_TimeUTest.F90, line 189
  PASS  Compare initialized and uninitialized Times Test 3, ESMF_TimeUTest.F90, line 189
  PASS  Compare initialized and uninitialized Times Test 3, ESMF_TimeUTest.F90, line 189
  PASS  Compare initialized and uninitialized Times Test 4, ESMF_TimeUTest.F90, line 199
  PASS  Compare initialized and uninitialized Times Test 4, ESMF_TimeUTest.F90, line 199
  PASS  Compare initialized and uninitialized Times Test 4, ESMF_TimeUTest.F90, line 199
  PASS  Compare initialized and uninitialized Times Test 4, ESMF_TimeUTest.F90, line 199
  PASS  Compare initialized and uninitialized Times Test 5, ESMF_TimeUTest.F90, line 209
  PASS  Compare initialized and uninitialized Times Test 5, ESMF_TimeUTest.F90, line 209
  PASS  Compare initialized and uninitialized Times Test 5, ESMF_TimeUTest.F90, line 209
  PASS  Compare initialized and uninitialized Times Test 5, ESMF_TimeUTest.F90, line 209
  PASS  Compare initialized and uninitialized Times Test 6, ESMF_TimeUTest.F90, line 219
  PASS  Compare initialized and uninitialized Times Test 6, ESMF_TimeUTest.F90, line 219
  PASS  Compare initialized and uninitialized Times Test 6, ESMF_TimeUTest.F90, line 219
  PASS  Compare initialized and uninitialized Times Test 6, ESMF_TimeUTest.F90, line 219
  PASS  Get String Time Test 2, ESMF_TimeUTest.F90, line 233
  PASS  Get String Time Test 2, ESMF_TimeUTest.F90, line 233
  PASS  Get String Time Test 2, ESMF_TimeUTest.F90, line 233
  PASS  Get String Time Test 2, ESMF_TimeUTest.F90, line 233
  PASS  Get String Time Test 3, ESMF_TimeUTest.F90, line 249
  PASS  Get String Time Test 3, ESMF_TimeUTest.F90, line 249
  PASS  Get String Time Test 3, ESMF_TimeUTest.F90, line 249
  PASS  Set End Time Initialization Test, ESMF_TimeUTest.F90, line 261
  PASS  Set End Time Initialization Test, ESMF_TimeUTest.F90, line 261
  PASS  Get String Time Test 3, ESMF_TimeUTest.F90, line 249
  PASS  Set End Time Initialization Test, ESMF_TimeUTest.F90, line 261
  PASS  Set End Time Initialization Test, ESMF_TimeUTest.F90, line 261
  PASS  Time Is Same CalendarTest, ESMF_TimeUTest.F90, line 271
  PASS  Time Is Same CalendarTest, ESMF_TimeUTest.F90, line 271
  PASS  Time Is Same CalendarTest, ESMF_TimeUTest.F90, line 271
  PASS  Time Is Same CalendarTest, ESMF_TimeUTest.F90, line 271
  PASS  Time Get day of the year test, ESMF_TimeUTest.F90, line 281
  PASS  Time Get day of the year test, ESMF_TimeUTest.F90, line 281
  PASS  Time Get day of the year test, ESMF_TimeUTest.F90, line 281
  PASS  Time Get day of the year test, ESMF_TimeUTest.F90, line 281
  PASS  Time Get floating point day of the year test, ESMF_TimeUTest.F90, line 291
  PASS  Time Get day of the week test, ESMF_TimeUTest.F90, line 302
  PASS  Time Get middle of the month test, ESMF_TimeUTest.F90, line 314
  PASS  Set Julian Time Initialization Test, ESMF_TimeUTest.F90, line 325
  PASS  Time Is Same Julian CalendarTest, ESMF_TimeUTest.F90, line 335
  PASS  Julian Time Get day of the year test, ESMF_TimeUTest.F90, line 345
  PASS  Time Get day of the week test, ESMF_TimeUTest.F90, line 355
  PASS  Julian Time Get middle of the month test, ESMF_TimeUTest.F90, line 367
  PASS  Set Time Initialization Test, ESMF_TimeUTest.F90, line 378
  PASS  Time Get floating point day of the year test, ESMF_TimeUTest.F90, line 291
  PASS  Assign one time to another test, ESMF_TimeUTest.F90, line 391
  PASS  Time Get day of the week test, ESMF_TimeUTest.F90, line 302
  PASS  Time == operator Test, ESMF_TimeUTest.F90, line 402
  PASS  Time == operator Test, ESMF_TimeUTest.F90, line 412
  PASS  Time Get middle of the month test, ESMF_TimeUTest.F90, line 314
  PASS  Time /= operator Test, ESMF_TimeUTest.F90, line 422
  PASS  Set Julian Time Initialization Test, ESMF_TimeUTest.F90, line 325
  PASS  Time /= operator Test, ESMF_TimeUTest.F90, line 432
  PASS  Time > operator Test, ESMF_TimeUTest.F90, line 442
  PASS  Time Is Same Julian CalendarTest, ESMF_TimeUTest.F90, line 335
  PASS  Time > operator Test, ESMF_TimeUTest.F90, line 452
  PASS  Julian Time Get day of the year test, ESMF_TimeUTest.F90, line 345
  PASS  Time > operator Test, ESMF_TimeUTest.F90, line 462
  PASS  Time <= operator Test, ESMF_TimeUTest.F90, line 472
  PASS  Time Get day of the week test, ESMF_TimeUTest.F90, line 355
  PASS  Time <= operator Test, ESMF_TimeUTest.F90, line 482
  PASS  Julian Time Get middle of the month test, ESMF_TimeUTest.F90, line 367
  PASS  Time <= operator Test, ESMF_TimeUTest.F90, line 492
  PASS  Time > operator Test, ESMF_TimeUTest.F90, line 502
  PASS  Set Time Initialization Test, ESMF_TimeUTest.F90, line 378
  PASS  Time < operator Test, ESMF_TimeUTest.F90, line 512
  PASS  Assign one time to another test, ESMF_TimeUTest.F90, line 391
  PASS  Time == operator Test, ESMF_TimeUTest.F90, line 402
  PASS  Time < operator Test, ESMF_TimeUTest.F90, line 522
  PASS  Time == operator Test, ESMF_TimeUTest.F90, line 412
  PASS  Time >= operator Test, ESMF_TimeUTest.F90, line 532
  PASS  Time >= operator Test, ESMF_TimeUTest.F90, line 542
  PASS  Time /= operator Test, ESMF_TimeUTest.F90, line 422
  PASS  Time >= operator Test, ESMF_TimeUTest.F90, line 552
  PASS  Time /= operator Test, ESMF_TimeUTest.F90, line 432
  PASS  Set End Time Initialization Test, ESMF_TimeUTest.F90, line 563
  PASS  Time > operator Test, ESMF_TimeUTest.F90, line 442
  PASS  Time > operator Test, ESMF_TimeUTest.F90, line 452
  PASS  Set Time Initialization Test w/Defaults 1, ESMF_TimeUTest.F90, line 578
  PASS  Time > operator Test, ESMF_TimeUTest.F90, line 462
  PASS  Set Time Initialization Test w/Defaults 2, ESMF_TimeUTest.F90, line 591
  PASS  Time <= operator Test, ESMF_TimeUTest.F90, line 472
  PASS  Set Time Initialization Test w/Defaults 3, ESMF_TimeUTest.F90, line 604
  PASS  Time <= operator Test, ESMF_TimeUTest.F90, line 482
  PASS  Time <= operator Test, ESMF_TimeUTest.F90, line 492
  PASS  Set Time Initialization Test w/Defaults 4, ESMF_TimeUTest.F90, line 617
  PASS  Time > operator Test, ESMF_TimeUTest.F90, line 502
  PASS  Set Time Initialization Test w/Defaults 5, ESMF_TimeUTest.F90, line 630
  PASS  Time < operator Test, ESMF_TimeUTest.F90, line 512
  PASS  Time < operator Test, ESMF_TimeUTest.F90, line 522
  PASS  Set Time Initialization Test w/Defaults 6, ESMF_TimeUTest.F90, line 646
  PASS  Time >= operator Test, ESMF_TimeUTest.F90, line 532
  PASS  Set Time Initialization Test w/ESMF_CALKIND_NOCALENDAR, ESMF_TimeUTest.F90, line 661
  PASS  Time >= operator Test, ESMF_TimeUTest.F90, line 542
  PASS  Time Is Same CalendarTest, ESMF_TimeUTest.F90, line 670
  PASS  Time >= operator Test, ESMF_TimeUTest.F90, line 552
  PASS  Set End Time Initialization Test, ESMF_TimeUTest.F90, line 563
  PASS  Set Time Initialization Test w/Defaults 1, ESMF_TimeUTest.F90, line 578
  PASS  Set Time Initialization Test w/Defaults 2, ESMF_TimeUTest.F90, line 591
  PASS  Set Time Initialization Test w/Defaults 3, ESMF_TimeUTest.F90, line 604
  PASS  Set End Time with mm=0 Initialization Test, ESMF_TimeUTest.F90, line 680
  PASS  Set Time Initialization Test w/Defaults 4, ESMF_TimeUTest.F90, line 617
  PASS  Set Time Initialization Test w/Defaults 5, ESMF_TimeUTest.F90, line 630
  PASS  Set End Time with dd=0 Initialization Test, ESMF_TimeUTest.F90, line 690
  PASS  Set Time Initialization Test w/Defaults 6, ESMF_TimeUTest.F90, line 646
  PASS  Set Time Initialization Test w/ESMF_CALKIND_NOCALENDAR, ESMF_TimeUTest.F90, line 661
  PASS  Test driving No-Leap calendar with seconds only, ESMF_TimeUTest.F90, line 702
  PASS  Time Is Same CalendarTest, ESMF_TimeUTest.F90, line 670
  PASS  Test driving 360-Day calendar with seconds only, ESMF_TimeUTest.F90, line 714
  PASS  Set Millisecond Time Initialization Test, ESMF_TimeUTest.F90, line 727
  PASS  Set Microsecond Time Initialization Test, ESMF_TimeUTest.F90, line 738
  PASS  Set Rational Fraction Time Initialization Test 1, ESMF_TimeUTest.F90, line 749
  PASS  Set Rational Fraction Time Initialization Test 2, ESMF_TimeUTest.F90, line 760
  PASS  Set End Time with mm=0 Initialization Test, ESMF_TimeUTest.F90, line 680
  PASS  Set Millisecond Time Interval Initialization Test, ESMF_TimeUTest.F90, line 770
  PASS  Set Rational Fraction Time Interval Initialization Test, ESMF_TimeUTest.F90, line 780
  PASS  Set End Time with dd=0 Initialization Test, ESMF_TimeUTest.F90, line 690
  PASS  Test driving No-Leap calendar with seconds only, ESMF_TimeUTest.F90, line 702
  PASS  Difference between two fractional Times Test 2, ESMF_TimeUTest.F90, line 793
  PASS  Test driving 360-Day calendar with seconds only, ESMF_TimeUTest.F90, line 714
  PASS  Difference between two fractional Times Test 2, ESMF_TimeUTest.F90, line 808
  PASS  Set Millisecond Time Initialization Test, ESMF_TimeUTest.F90, line 727
  PASS  Adding fractional Time and Timeinterval Test, ESMF_TimeUTest.F90, line 823
  PASS  Set Microsecond Time Initialization Test, ESMF_TimeUTest.F90, line 738
  PASS  Set Rational Fraction Time Initialization Test 1, ESMF_TimeUTest.F90, line 749
  PASS  Subtracting fractional Time and Timeinterval Test, ESMF_TimeUTest.F90, line 839
  PASS  Fractional time1 > time2 Test, ESMF_TimeUTest.F90, line 849
  PASS  Set Rational Fraction Time Initialization Test 2, ESMF_TimeUTest.F90, line 760
  PASS  Fractional time4 > time5 Test, ESMF_TimeUTest.F90, line 859
  PASS  Set Millisecond Time Interval Initialization Test, ESMF_TimeUTest.F90, line 770
  PASS  Set Rational Fraction Time Interval Initialization Test, ESMF_TimeUTest.F90, line 780
  PASS  Fractional time2 < time3 Test, ESMF_TimeUTest.F90, line 869
  PASS  Fractional time2 < time5 Test, ESMF_TimeUTest.F90, line 879
  PASS  Difference between two fractional Times Test 2, ESMF_TimeUTest.F90, line 793
  PASS  Fractional time3 == time3 Test, ESMF_TimeUTest.F90, line 889
  PASS  Fractional time1 /= time2 Test, ESMF_TimeUTest.F90, line 899
  PASS  Difference between two fractional Times Test 2, ESMF_TimeUTest.F90, line 808
  PASS  Fractional time1 >= time2 Test, ESMF_TimeUTest.F90, line 909
  PASS  Fractional time1 <= time3 Test, ESMF_TimeUTest.F90, line 919
  PASS  Adding fractional Time and Timeinterval Test, ESMF_TimeUTest.F90, line 823
  PASS  Subtracting fractional Time and Timeinterval Test, ESMF_TimeUTest.F90, line 839
  PASS  Fractional time1 > time2 Test, ESMF_TimeUTest.F90, line 849
  PASS  Set/Get Real (s_r8) Time on Julian Day calendar Test, ESMF_TimeUTest.F90, line 938
  PASS  Fractional time4 > time5 Test, ESMF_TimeUTest.F90, line 859
  PASS  Set/Get Real (m_r8) Time on Julian Day calendar Test, ESMF_TimeUTest.F90, line 956
  PASS  Fractional time2 < time3 Test, ESMF_TimeUTest.F90, line 869
  PASS  Fractional time2 < time5 Test, ESMF_TimeUTest.F90, line 879
  PASS  Fractional time3 == time3 Test, ESMF_TimeUTest.F90, line 889
  PASS  Set/Get Real (R8) Time on Julian Day calendar Test, ESMF_TimeUTest.F90, line 985
  PASS  Fractional time1 /= time2 Test, ESMF_TimeUTest.F90, line 899
  PASS  Fractional time1 >= time2 Test, ESMF_TimeUTest.F90, line 909
  PASS  Fractional time1 <= time3 Test, ESMF_TimeUTest.F90, line 919
  PASS  Set/Get Real (R8) Time on Modified Julian Day calendar Test, ESMF_TimeUTest.F90, line 1016
  PASS  Adding Time and real fractional days Timeinterval Test, ESMF_TimeUTest.F90, line 1035
  PASS  Set/Get Real (s_r8) Time on Julian Day calendar Test, ESMF_TimeUTest.F90, line 938
  PASS  Test subtracting two times, resulting in a real fractional days Timeinterval, ESMF_TimeUTest.F90, line 1049
  PASS  Set/Get Real (m_r8) Time on Julian Day calendar Test, ESMF_TimeUTest.F90, line 956
  PASS  Subtracting real fractional Time and real fractional days Timeinterval Test, ESMF_TimeUTest.F90, line 1070
  PASS  Set/Get Real (R8) Time on Julian Day calendar Test, ESMF_TimeUTest.F90, line 985
  PASS  Test subtracting two times, producing equal Timeinterval used in previous test, ESMF_TimeUTest.F90, line 1087
  PASS  Time Is Leap Year Test 1, ESMF_TimeUTest.F90, line 1100
  PASS  Set/Get Real (R8) Time on Modified Julian Day calendar Test, ESMF_TimeUTest.F90, line 1016
  PASS  Time Is Leap Year Test 2, ESMF_TimeUTest.F90, line 1112
  PASS  Adding Time and real fractional days Timeinterval Test, ESMF_TimeUTest.F90, line 1035
  PASS  Time Is Leap Year Test 3, ESMF_TimeUTest.F90, line 1123
  PASS  Test subtracting two times, resulting in a real fractional days Timeinterval, ESMF_TimeUTest.F90, line 1049
  PASS  Time Is Leap Year Test 4, ESMF_TimeUTest.F90, line 1135
  PASS  Subtracting real fractional Time and real fractional days Timeinterval Test, ESMF_TimeUTest.F90, line 1070
  Ending Test, file ESMF_TimeUTest.F90, line 1154
  PASS  Test subtracting two times, producing equal Timeinterval used in previous test, ESMF_TimeUTest.F90, line 1087
  PASS  Time Is Leap Year Test 1, ESMF_TimeUTest.F90, line 1100
  PASS  Time Is Leap Year Test 2, ESMF_TimeUTest.F90, line 1112
  PASS  Time Is Leap Year Test 3, ESMF_TimeUTest.F90, line 1123
  PASS  Time Is Leap Year Test 4, ESMF_TimeUTest.F90, line 1135
  Ending Test, file ESMF_TimeUTest.F90, line 1154
  PASS  Time Get floating point day of the year test, ESMF_TimeUTest.F90, line 291
  PASS  Time Get day of the week test, ESMF_TimeUTest.F90, line 302
  PASS  Time Get middle of the month test, ESMF_TimeUTest.F90, line 314
  PASS  Set Julian Time Initialization Test, ESMF_TimeUTest.F90, line 325
  PASS  Time Is Same Julian CalendarTest, ESMF_TimeUTest.F90, line 335
  PASS  Julian Time Get day of the year test, ESMF_TimeUTest.F90, line 345
  PASS  Time Get day of the week test, ESMF_TimeUTest.F90, line 355
  PASS  Time Get floating point day of the year test, ESMF_TimeUTest.F90, line 291
  PASS  Julian Time Get middle of the month test, ESMF_TimeUTest.F90, line 367
  PASS  Set Time Initialization Test, ESMF_TimeUTest.F90, line 378
  PASS  Time Get day of the week test, ESMF_TimeUTest.F90, line 302
  PASS  Assign one time to another test, ESMF_TimeUTest.F90, line 391
  PASS  Time == operator Test, ESMF_TimeUTest.F90, line 402
  PASS  Time Get middle of the month test, ESMF_TimeUTest.F90, line 314
  PASS  Time == operator Test, ESMF_TimeUTest.F90, line 412
  PASS  Set Julian Time Initialization Test, ESMF_TimeUTest.F90, line 325
  PASS  Time /= operator Test, ESMF_TimeUTest.F90, line 422
  PASS  Time Is Same Julian CalendarTest, ESMF_TimeUTest.F90, line 335
  PASS  Time /= operator Test, ESMF_TimeUTest.F90, line 432
  PASS  Time > operator Test, ESMF_TimeUTest.F90, line 442
  PASS  Julian Time Get day of the year test, ESMF_TimeUTest.F90, line 345
  PASS  Time > operator Test, ESMF_TimeUTest.F90, line 452
  PASS  Time > operator Test, ESMF_TimeUTest.F90, line 462
  PASS  Time Get day of the week test, ESMF_TimeUTest.F90, line 355
  PASS  Time <= operator Test, ESMF_TimeUTest.F90, line 472
  PASS  Julian Time Get middle of the month test, ESMF_TimeUTest.F90, line 367
  PASS  Time <= operator Test, ESMF_TimeUTest.F90, line 482
  PASS  Set Time Initialization Test, ESMF_TimeUTest.F90, line 378
  PASS  Time <= operator Test, ESMF_TimeUTest.F90, line 492
  PASS  Time > operator Test, ESMF_TimeUTest.F90, line 502
  PASS  Assign one time to another test, ESMF_TimeUTest.F90, line 391
  PASS  Time < operator Test, ESMF_TimeUTest.F90, line 512
  PASS  Time == operator Test, ESMF_TimeUTest.F90, line 402
  PASS  Time < operator Test, ESMF_TimeUTest.F90, line 522
  PASS  Time == operator Test, ESMF_TimeUTest.F90, line 412
  PASS  Time >= operator Test, ESMF_TimeUTest.F90, line 532
  PASS  Time /= operator Test, ESMF_TimeUTest.F90, line 422
  PASS  Time >= operator Test, ESMF_TimeUTest.F90, line 542
  PASS  Time /= operator Test, ESMF_TimeUTest.F90, line 432
  PASS  Time >= operator Test, ESMF_TimeUTest.F90, line 552
  PASS  Time > operator Test, ESMF_TimeUTest.F90, line 442
  PASS  Set End Time Initialization Test, ESMF_TimeUTest.F90, line 563
  PASS  Time > operator Test, ESMF_TimeUTest.F90, line 452
  PASS  Time > operator Test, ESMF_TimeUTest.F90, line 462
  PASS  Set Time Initialization Test w/Defaults 1, ESMF_TimeUTest.F90, line 578
  PASS  Set Time Initialization Test w/Defaults 2, ESMF_TimeUTest.F90, line 591
  PASS  Time <= operator Test, ESMF_TimeUTest.F90, line 472
  PASS  Time <= operator Test, ESMF_TimeUTest.F90, line 482
  PASS  Set Time Initialization Test w/Defaults 3, ESMF_TimeUTest.F90, line 604
  PASS  Time <= operator Test, ESMF_TimeUTest.F90, line 492
  PASS  Set Time Initialization Test w/Defaults 4, ESMF_TimeUTest.F90, line 617
  PASS  Time > operator Test, ESMF_TimeUTest.F90, line 502
  PASS  Time < operator Test, ESMF_TimeUTest.F90, line 512
  PASS  Set Time Initialization Test w/Defaults 5, ESMF_TimeUTest.F90, line 630
  PASS  Time < operator Test, ESMF_TimeUTest.F90, line 522
  PASS  Set Time Initialization Test w/Defaults 6, ESMF_TimeUTest.F90, line 646
  PASS  Time >= operator Test, ESMF_TimeUTest.F90, line 532
  PASS  Set Time Initialization Test w/ESMF_CALKIND_NOCALENDAR, ESMF_TimeUTest.F90, line 661
  PASS  Time >= operator Test, ESMF_TimeUTest.F90, line 542
  PASS  Time >= operator Test, ESMF_TimeUTest.F90, line 552
  PASS  Time Is Same CalendarTest, ESMF_TimeUTest.F90, line 670
  PASS  Set End Time Initialization Test, ESMF_TimeUTest.F90, line 563
  PASS  Set Time Initialization Test w/Defaults 1, ESMF_TimeUTest.F90, line 578
  PASS  Set Time Initialization Test w/Defaults 2, ESMF_TimeUTest.F90, line 591
  PASS  Set Time Initialization Test w/Defaults 3, ESMF_TimeUTest.F90, line 604
  PASS  Set End Time with mm=0 Initialization Test, ESMF_TimeUTest.F90, line 680
  PASS  Set Time Initialization Test w/Defaults 4, ESMF_TimeUTest.F90, line 617
  PASS  Set Time Initialization Test w/Defaults 5, ESMF_TimeUTest.F90, line 630
  PASS  Set Time Initialization Test w/Defaults 6, ESMF_TimeUTest.F90, line 646
  PASS  Set End Time with dd=0 Initialization Test, ESMF_TimeUTest.F90, line 690
  PASS  Set Time Initialization Test w/ESMF_CALKIND_NOCALENDAR, ESMF_TimeUTest.F90, line 661
  PASS  Test driving No-Leap calendar with seconds only, ESMF_TimeUTest.F90, line 702
  PASS  Time Is Same CalendarTest, ESMF_TimeUTest.F90, line 670
  PASS  Test driving 360-Day calendar with seconds only, ESMF_TimeUTest.F90, line 714
  PASS  Set Millisecond Time Initialization Test, ESMF_TimeUTest.F90, line 727
  PASS  Set Microsecond Time Initialization Test, ESMF_TimeUTest.F90, line 738
  PASS  Set Rational Fraction Time Initialization Test 1, ESMF_TimeUTest.F90, line 749
  PASS  Set Rational Fraction Time Initialization Test 2, ESMF_TimeUTest.F90, line 760
  PASS  Set End Time with mm=0 Initialization Test, ESMF_TimeUTest.F90, line 680
  PASS  Set Millisecond Time Interval Initialization Test, ESMF_TimeUTest.F90, line 770
  PASS  Set Rational Fraction Time Interval Initialization Test, ESMF_TimeUTest.F90, line 780
  PASS  Set End Time with dd=0 Initialization Test, ESMF_TimeUTest.F90, line 690
  PASS  Difference between two fractional Times Test 2, ESMF_TimeUTest.F90, line 793
  PASS  Test driving No-Leap calendar with seconds only, ESMF_TimeUTest.F90, line 702
  PASS  Difference between two fractional Times Test 2, ESMF_TimeUTest.F90, line 808
  PASS  Test driving 360-Day calendar with seconds only, ESMF_TimeUTest.F90, line 714
  PASS  Adding fractional Time and Timeinterval Test, ESMF_TimeUTest.F90, line 823
  PASS  Set Millisecond Time Initialization Test, ESMF_TimeUTest.F90, line 727
  PASS  Subtracting fractional Time and Timeinterval Test, ESMF_TimeUTest.F90, line 839
  PASS  Set Microsecond Time Initialization Test, ESMF_TimeUTest.F90, line 738
  PASS  Fractional time1 > time2 Test, ESMF_TimeUTest.F90, line 849
  PASS  Set Rational Fraction Time Initialization Test 1, ESMF_TimeUTest.F90, line 749
  PASS  Fractional time4 > time5 Test, ESMF_TimeUTest.F90, line 859
  PASS  Set Rational Fraction Time Initialization Test 2, ESMF_TimeUTest.F90, line 760
  PASS  Fractional time2 < time3 Test, ESMF_TimeUTest.F90, line 869
  PASS  Set Millisecond Time Interval Initialization Test, ESMF_TimeUTest.F90, line 770
  PASS  Fractional time2 < time5 Test, ESMF_TimeUTest.F90, line 879
  PASS  Set Rational Fraction Time Interval Initialization Test, ESMF_TimeUTest.F90, line 780
  PASS  Fractional time3 == time3 Test, ESMF_TimeUTest.F90, line 889
  PASS  Fractional time1 /= time2 Test, ESMF_TimeUTest.F90, line 899
  PASS  Difference between two fractional Times Test 2, ESMF_TimeUTest.F90, line 793
  PASS  Fractional time1 >= time2 Test, ESMF_TimeUTest.F90, line 909
  PASS  Fractional time1 <= time3 Test, ESMF_TimeUTest.F90, line 919
  PASS  Difference between two fractional Times Test 2, ESMF_TimeUTest.F90, line 808
  PASS  Adding fractional Time and Timeinterval Test, ESMF_TimeUTest.F90, line 823
  PASS  Set/Get Real (s_r8) Time on Julian Day calendar Test, ESMF_TimeUTest.F90, line 938
  PASS  Subtracting fractional Time and Timeinterval Test, ESMF_TimeUTest.F90, line 839
  PASS  Set/Get Real (m_r8) Time on Julian Day calendar Test, ESMF_TimeUTest.F90, line 956
  PASS  Fractional time1 > time2 Test, ESMF_TimeUTest.F90, line 849
  PASS  Fractional time4 > time5 Test, ESMF_TimeUTest.F90, line 859
  PASS  Fractional time2 < time3 Test, ESMF_TimeUTest.F90, line 869
  PASS  Set/Get Real (R8) Time on Julian Day calendar Test, ESMF_TimeUTest.F90, line 985
  PASS  Fractional time2 < time5 Test, ESMF_TimeUTest.F90, line 879
  PASS  Fractional time3 == time3 Test, ESMF_TimeUTest.F90, line 889
  PASS  Set/Get Real (R8) Time on Modified Julian Day calendar Test, ESMF_TimeUTest.F90, line 1016
  PASS  Fractional time1 /= time2 Test, ESMF_TimeUTest.F90, line 899
  PASS  Fractional time1 >= time2 Test, ESMF_TimeUTest.F90, line 909
  PASS  Adding Time and real fractional days Timeinterval Test, ESMF_TimeUTest.F90, line 1035
  PASS  Fractional time1 <= time3 Test, ESMF_TimeUTest.F90, line 919
  PASS  Test subtracting two times, resulting in a real fractional days Timeinterval, ESMF_TimeUTest.F90, line 1049
  PASS  Subtracting real fractional Time and real fractional days Timeinterval Test, ESMF_TimeUTest.F90, line 1070
  PASS  Set/Get Real (s_r8) Time on Julian Day calendar Test, ESMF_TimeUTest.F90, line 938
  PASS  Set/Get Real (m_r8) Time on Julian Day calendar Test, ESMF_TimeUTest.F90, line 956
  PASS  Test subtracting two times, producing equal Timeinterval used in previous test, ESMF_TimeUTest.F90, line 1087
  PASS  Time Is Leap Year Test 1, ESMF_TimeUTest.F90, line 1100
  PASS  Set/Get Real (R8) Time on Julian Day calendar Test, ESMF_TimeUTest.F90, line 985
  PASS  Time Is Leap Year Test 2, ESMF_TimeUTest.F90, line 1112
  PASS  Time Is Leap Year Test 3, ESMF_TimeUTest.F90, line 1123
  PASS  Set/Get Real (R8) Time on Modified Julian Day calendar Test, ESMF_TimeUTest.F90, line 1016
  PASS  Time Is Leap Year Test 4, ESMF_TimeUTest.F90, line 1135
  PASS  Adding Time and real fractional days Timeinterval Test, ESMF_TimeUTest.F90, line 1035
  Ending Test, file ESMF_TimeUTest.F90, line 1154
  PASS  Test subtracting two times, resulting in a real fractional days Timeinterval, ESMF_TimeUTest.F90, line 1049
  PASS  Subtracting real fractional Time and real fractional days Timeinterval Test, ESMF_TimeUTest.F90, line 1070
  PASS  Test subtracting two times, producing equal Timeinterval used in previous test, ESMF_TimeUTest.F90, line 1087
  PASS  Time Is Leap Year Test 1, ESMF_TimeUTest.F90, line 1100
  PASS  Time Is Leap Year Test 2, ESMF_TimeUTest.F90, line 1112
  PASS  Time Is Leap Year Test 3, ESMF_TimeUTest.F90, line 1123
  PASS  Time Is Leap Year Test 4, ESMF_TimeUTest.F90, line 1135
  Ending Test, file ESMF_TimeUTest.F90, line 1154
  PET           3  Test Elapsed Time    4.8559999999999990       msec.
  PET           1  Test Elapsed Time    2.3009999999999993       msec.
  PET           2  Test Elapsed Time    5.0479999999999983       msec.
  PET           0  Test Elapsed Time    2.1390000000000002       msec.
