2022-07-14 02:23:12
Name: MyArrayBundle	  Convention: customconvention2	  Purpose: custompurpose2	


