2022-07-14 02:23:12
  Beginning Test, file ESMF_BaseUTest.F90, line 84
  Beginning Test, file ESMF_BaseUTest.F90, line 84
  Beginning Test, file ESMF_BaseUTest.F90, line 84
  NUMBER_OF_PROCESSORS            4
  Beginning Test, file ESMF_BaseUTest.F90, line 84
  NUMBER_OF_PROCESSORS            4
  NUMBER_OF_PROCESSORS            4
  NUMBER_OF_PROCESSORS            4
  PASS  ESMF_BaseCreate, ESMF_BaseUTest.F90, line 94
  PASS  ESMF_BaseCreate, ESMF_BaseUTest.F90, line 94
  PASS  ESMF_BaseCreate, ESMF_BaseUTest.F90, line 94
  PASS  ESMF_BaseCreate, ESMF_BaseUTest.F90, line 94
  PASS  ESMF_Destroy, ESMF_BaseUTest.F90, line 103
  PASS  ESMF_Destroy, ESMF_BaseUTest.F90, line 103
  PASS  ESMF_Destroy, ESMF_BaseUTest.F90, line 103
  PASS  ESMF_Destroy, ESMF_BaseUTest.F90, line 103
  PASS  Destroy a destroyed Base, ESMF_BaseUTest.F90, line 115
  PASS  Destroy a destroyed Base, ESMF_BaseUTest.F90, line 115
  PASS  Destroy a destroyed Base, ESMF_BaseUTest.F90, line 115
  PASS  Destroy a destroyed Base, ESMF_BaseUTest.F90, line 115
  PASS  Destroy a non-created Base, ESMF_BaseUTest.F90, line 124
  PASS  Destroy a non-created Base, ESMF_BaseUTest.F90, line 124
  PASS  Destroy a non-created Base, ESMF_BaseUTest.F90, line 124
  PASS  Destroy a non-created Base, ESMF_BaseUTest.F90, line 124
  PASS  ESMF_BasePrint of deleted Base, ESMF_BaseUTest.F90, line 134
  PASS  ESMF_BasePrint of deleted Base, ESMF_BaseUTest.F90, line 134
  PASS  ESMF_BasePrint of deleted Base, ESMF_BaseUTest.F90, line 134
  PASS  ESMF_BasePrint of deleted Base, ESMF_BaseUTest.F90, line 134
  PASS  ESMF_BasePrint of non-created Base, ESMF_BaseUTest.F90, line 144
  PASS  ESMF_BasePrint of non-created Base, ESMF_BaseUTest.F90, line 144
  PASS  ESMF_BasePrint of non-created Base, ESMF_BaseUTest.F90, line 144
  PASS  ESMF_BasePrint of non-created Base, ESMF_BaseUTest.F90, line 144
  PASS  ESMF_SetName of non-created Base, ESMF_BaseUTest.F90, line 154
  PASS  ESMF_SetName of non-created Base, ESMF_BaseUTest.F90, line 154
  PASS  ESMF_SetName of non-created Base, ESMF_BaseUTest.F90, line 154
  PASS  ESMF_SetName of non-created Base, ESMF_BaseUTest.F90, line 154
  PASS  ESMF_SetName of deleted Base, ESMF_BaseUTest.F90, line 165
  PASS  ESMF_SetName of deleted Base, ESMF_BaseUTest.F90, line 165
  PASS  ESMF_SetName of deleted Base, ESMF_BaseUTest.F90, line 165
  PASS  ESMF_SetName of deleted Base, ESMF_BaseUTest.F90, line 165
  PASS  ESMF_BaseCreate with slash in name, ESMF_BaseUTest.F90, line 180
  PASS  ESMF_BaseCreate with slash in name, ESMF_BaseUTest.F90, line 180
  PASS  ESMF_BaseCreate with slash in name, ESMF_BaseUTest.F90, line 180
  PASS  ESMF_BaseCreate with slash in name, ESMF_BaseUTest.F90, line 180
  PASS  ESMF_BaseCreate, ESMF_BaseUTest.F90, line 188
  PASS  ESMF_BaseCreate, ESMF_BaseUTest.F90, line 188
  PASS  ESMF_BaseCreate, ESMF_BaseUTest.F90, line 188
  PASS  ESMF_BaseCreate, ESMF_BaseUTest.F90, line 188
  PASS  ESMF_SetName with slash in its name, ESMF_BaseUTest.F90, line 198
  PASS  ESMF_SetName with slash in its name, ESMF_BaseUTest.F90, line 198
  PASS  ESMF_SetName with slash in its name, ESMF_BaseUTest.F90, line 198
  PASS  ESMF_SetName with slash in its name, ESMF_BaseUTest.F90, line 198
  PASS  ESMF_SetName, ESMF_BaseUTest.F90, line 207
  PASS  ESMF_SetName, ESMF_BaseUTest.F90, line 207
  PASS  ESMF_SetName, ESMF_BaseUTest.F90, line 207
  PASS  ESMF_SetName, ESMF_BaseUTest.F90, line 207
  PASS  ESMF_GetName, ESMF_BaseUTest.F90, line 216
  PASS  ESMF_GetName, ESMF_BaseUTest.F90, line 216
  PASS  ESMF_GetName, ESMF_BaseUTest.F90, line 216
  PASS  ESMF_GetName, ESMF_BaseUTest.F90, line 216
  PASS  ESMF_BaseValidate, ESMF_BaseUTest.F90, line 225
  PASS  ESMF_BaseValidate, ESMF_BaseUTest.F90, line 225
  PASS  ESMF_BaseValidate, ESMF_BaseUTest.F90, line 225
  PASS  ESMF_BaseValidate, ESMF_BaseUTest.F90, line 225
  PASS  ESMF_BaseGetID, ESMF_BaseUTest.F90, line 233
 id =            3
  PASS  ESMF_BaseGetVMId of original Base, ESMF_BaseUTest.F90, line 241
  PASS  ESMF_BaseSetVMId a new VMId into the Base, ESMF_BaseUTest.F90, line 250
 Base name    = fred
 Status: Base = Ready,  object = Ready
 Proxy        = no
 Root Info (Attributes):
{}  PASS  ESMF_BaseGetVMId new VMid, ESMF_BaseUTest.F90, line 258
  PASS  ESMF_BaseSetVMId reset the original VMId into the Base, ESMF_BaseUTest.F90, line 265
 Base name    = fred
 Status: Base = Ready,  object = Ready
 Proxy        = no
 Root Info (Attributes):
{} Base name    = fred
 Status: Base = Ready,  object = Ready
 Proxy        = no
 Root Info (Attributes):
{}  PASS  ESMF_BasePrint brief, ESMF_BaseUTest.F90, line 275
 Base name    = fred
 Status: Base = Ready,  object = Ready
 Proxy        = no
 Base ID = 3, vmID:
--- ESMCI::VMId::print() start ---
  vmKeyWidth = 1
  vmKey=0xF0000000
  localID = 0
--- ESMCI::VMId::print() end ---
 Root Info (Attributes):
{}  PASS  ESMF_BasePrint debug, ESMF_BaseUTest.F90, line 284
  PASS  ESMF_BaseSerialize - inquire only option, ESMF_BaseUTest.F90, line 305
   offset returned =          880  bytes
  PASS  ESMF_BaseGetID, ESMF_BaseUTest.F90, line 233
  PASS  ESMF_BaseSerialize - perform serialization, ESMF_BaseUTest.F90, line 322
 id =            3
   offset returned =          824  bytes
  PASS  ESMF_BaseGetVMId of original Base, ESMF_BaseUTest.F90, line 241
  PASS  Compare calculated buffer size with actual size, ESMF_BaseUTest.F90, line 334
  PASS  ESMF_BaseSetVMId a new VMId into the Base, ESMF_BaseUTest.F90, line 250
 Base name    = fred
 Status: Base = Ready,  object = Ready
 Proxy        = no
 Root Info (Attributes):
  PASS  ESMF_BaseGetID, ESMF_BaseUTest.F90, line 233
  PASS  ESMF_BaseGetID, ESMF_BaseUTest.F90, line 233
 id =            3
  PASS  ESMF_BaseGetVMId of original Base, ESMF_BaseUTest.F90, line 241
 id =            3
  PASS  ESMF_BaseGetVMId of original Base, ESMF_BaseUTest.F90, line 241
  PASS  ESMF_BaseSetVMId a new VMId into the Base, ESMF_BaseUTest.F90, line 250
{}  PASS  ESMF_BaseGetVMId new VMid, ESMF_BaseUTest.F90, line 258
  PASS  ESMF_BaseSetVMId a new VMId into the Base, ESMF_BaseUTest.F90, line 250
  PASS  ESMF_BaseSetVMId reset the original VMId into the Base, ESMF_BaseUTest.F90, line 265
 Base name    = fred
 Base name    = fred
 Status: Base = Ready,  object = Ready
 Proxy        = no
 Root Info (Attributes):
 Status: Base = Ready,  object = Ready
 Proxy        = no
 Root Info (Attributes):
 Base name    = fred
 Status: Base = Ready,  object = Ready
 Proxy        = no
 Root Info (Attributes):
{} Base name    = fred
 Status: Base = Ready,  object = Ready
 Proxy        = no
 Root Info (Attributes):
{}  PASS  ESMF_BasePrint brief, ESMF_BaseUTest.F90, line 275
 Base name    = fred
 Status: Base = Ready,  object = Ready
 Proxy        = no
 Base ID = 3, vmID:
--- ESMCI::VMId::print() start ---
  vmKeyWidth = 1
  vmKey=0xF0000000
  localID = 0
--- ESMCI::VMId::print() end ---
 Root Info (Attributes):
{}  PASS  ESMF_BasePrint debug, ESMF_BaseUTest.F90, line 284
  PASS  ESMF_BaseSerialize - inquire only option, ESMF_BaseUTest.F90, line 305
{}  PASS  ESMF_BaseGetVMId new VMid, ESMF_BaseUTest.F90, line 258
   offset returned =          880  bytes
{}  PASS  ESMF_BaseGetVMId new VMid, ESMF_BaseUTest.F90, line 258
  PASS  ESMF_BaseSetVMId reset the original VMId into the Base, ESMF_BaseUTest.F90, line 265
  PASS  ESMF_BaseSerialize - perform serialization, ESMF_BaseUTest.F90, line 322
  PASS  ESMF_BaseSetVMId reset the original VMId into the Base, ESMF_BaseUTest.F90, line 265
 Base name    = fred
 Status: Base = Ready,  object = Ready
 Proxy        = no
 Root Info (Attributes):
   offset returned =          824  bytes
 Base name    = fred
{} Base name    = fred
  PASS  Compare calculated buffer size with actual size, ESMF_BaseUTest.F90, line 334
 Status: Base = Ready,  object = Ready
 Proxy        = no
 Root Info (Attributes):
 Status: Base = Ready,  object = Ready
 Proxy        = no
 Root Info (Attributes):
{} Base name    = fred
 Status: Base = Ready,  object = Ready
{}  PASS  ESMF_BasePrint brief, ESMF_BaseUTest.F90, line 275
 Proxy        = no
 Root Info (Attributes):
{}  PASS  ESMF_BasePrint brief, ESMF_BaseUTest.F90, line 275
 Base name    = fred
 Status: Base = Ready,  object = Ready
 Proxy        = no
 Base ID = 3, vmID:
--- ESMCI::VMId::print() start ---
  vmKeyWidth = 1
 Base name    = fred
  vmKey=0xF0000000
  localID = 0
--- ESMCI::VMId::print() end ---
 Root Info (Attributes):
 Status: Base = Ready,  object = Ready
 Proxy        = no
 Base ID = 3, vmID:
{}  PASS  ESMF_BasePrint debug, ESMF_BaseUTest.F90, line 284
--- ESMCI::VMId::print() start ---
  vmKeyWidth = 1
  vmKey=0xF0000000
  localID = 0
--- ESMCI::VMId::print() end ---
 Root Info (Attributes):
{}  PASS  ESMF_BasePrint debug, ESMF_BaseUTest.F90, line 284
  PASS  ESMF_BaseSerialize - inquire only option, ESMF_BaseUTest.F90, line 305
  PASS  ESMF_BaseSerialize - inquire only option, ESMF_BaseUTest.F90, line 305
   offset returned =          880  bytes
  PASS  ESMF_BaseSerialize - perform serialization, ESMF_BaseUTest.F90, line 322
  PASS  ESMF_BaseDeserialize - perform deserialization, ESMF_BaseUTest.F90, line 348
   offset returned =          880  bytes
   offset returned =          824  bytes
  PASS  ESMF_BaseSerialize - perform serialization, ESMF_BaseUTest.F90, line 322
  PASS  Compare calculated buffer size with actual size, ESMF_BaseUTest.F90, line 334
  PASS  Compare serialize/deserialize offsets, ESMF_BaseUTest.F90, line 357
   offset returned =          824  bytes
  PASS  Creating VMId for inquiry, ESMF_BaseUTest.F90, line 367
  PASS  Compare calculated buffer size with actual size, ESMF_BaseUTest.F90, line 334
  PASS  ESMF_BaseDeserializeID/VMId - perform deserialization inquiry, ESMF_BaseUTest.F90, line 379
  PASS  Compare original vs inquired ids, ESMF_BaseUTest.F90, line 389
  PASS  Compare original vs inquired VMId inquiry, ESMF_BaseUTest.F90, line 405
  PASS  Compare original vs inquired VMIds, ESMF_BaseUTest.F90, line 415
  PASS  ESMF_Destroy, ESMF_BaseUTest.F90, line 431
  PASS  ESMF_BaseDeserialize - perform deserialization, ESMF_BaseUTest.F90, line 348
  Ending Test, file ESMF_BaseUTest.F90, line 439
  PASS  Compare serialize/deserialize offsets, ESMF_BaseUTest.F90, line 357
  PASS  Creating VMId for inquiry, ESMF_BaseUTest.F90, line 367
  PASS  ESMF_BaseDeserializeID/VMId - perform deserialization inquiry, ESMF_BaseUTest.F90, line 379
  PASS  Compare original vs inquired ids, ESMF_BaseUTest.F90, line 389
  PASS  Compare original vs inquired VMId inquiry, ESMF_BaseUTest.F90, line 405
  PASS  Compare original vs inquired VMIds, ESMF_BaseUTest.F90, line 415
  PASS  ESMF_Destroy, ESMF_BaseUTest.F90, line 431
  PASS  ESMF_BaseDeserialize - perform deserialization, ESMF_BaseUTest.F90, line 348
  Ending Test, file ESMF_BaseUTest.F90, line 439
  PASS  Compare serialize/deserialize offsets, ESMF_BaseUTest.F90, line 357
  PASS  ESMF_BaseDeserialize - perform deserialization, ESMF_BaseUTest.F90, line 348
  PASS  Creating VMId for inquiry, ESMF_BaseUTest.F90, line 367
  PASS  Compare serialize/deserialize offsets, ESMF_BaseUTest.F90, line 357
  PASS  ESMF_BaseDeserializeID/VMId - perform deserialization inquiry, ESMF_BaseUTest.F90, line 379
  PASS  Creating VMId for inquiry, ESMF_BaseUTest.F90, line 367
  PASS  Compare original vs inquired ids, ESMF_BaseUTest.F90, line 389
  PASS  ESMF_BaseDeserializeID/VMId - perform deserialization inquiry, ESMF_BaseUTest.F90, line 379
  PASS  Compare original vs inquired VMId inquiry, ESMF_BaseUTest.F90, line 405
  PASS  Compare original vs inquired VMIds, ESMF_BaseUTest.F90, line 415
  PASS  Compare original vs inquired ids, ESMF_BaseUTest.F90, line 389
  PASS  ESMF_Destroy, ESMF_BaseUTest.F90, line 431
  PASS  Compare original vs inquired VMId inquiry, ESMF_BaseUTest.F90, line 405
  PASS  Compare original vs inquired VMIds, ESMF_BaseUTest.F90, line 415
  Ending Test, file ESMF_BaseUTest.F90, line 439
  PASS  ESMF_Destroy, ESMF_BaseUTest.F90, line 431
  Ending Test, file ESMF_BaseUTest.F90, line 439
  PET            2  Test Elapsed Time     4.761934280395508       msec.
  PET            0  Test Elapsed Time     4.770040512084961       msec.
  PET            1  Test Elapsed Time     4.771947860717773       msec.
  PET            3  Test Elapsed Time     5.131006240844727       msec.
