2022-07-14 02:23:12
  Beginning Test, file ESMF_VMGatherUTest.F90, line 67
  Beginning Test, file ESMF_VMGatherUTest.F90, line 67
  Beginning Test, file ESMF_VMGatherUTest.F90, line 67
  NUMBER_OF_PROCESSORS            4
  Beginning Test, file ESMF_VMGatherUTest.F90, line 67
  NUMBER_OF_PROCESSORS            4
  NUMBER_OF_PROCESSORS            4
  NUMBER_OF_PROCESSORS            4
  PASS  Gather() Test for Integer, ESMF_VMGatherUTest.F90, line 109
  PASS  Gather() Test for Integer, ESMF_VMGatherUTest.F90, line 109
  PASS  Gather() Test for Integer, ESMF_VMGatherUTest.F90, line 109
  PASS  Gather() Test for Integer, ESMF_VMGatherUTest.F90, line 109
  PASS  Verifying array1 data after Gather() Test for Integer, ESMF_VMGatherUTest.F90, line 126
  PASS  Verifying array1 data after Gather() Test for Integer, ESMF_VMGatherUTest.F90, line 126
  PASS  Verifying array1 data after Gather() Test for Integer, ESMF_VMGatherUTest.F90, line 126
  PASS  Verifying array1 data after Gather() Test for Integer, ESMF_VMGatherUTest.F90, line 126
 Contents after gather (should be 1,2,... at 
 Contents after gather (should be 1,2,... at 
 localPet=petCount-1 , 0 elsewhere), :
            0  array1:             0
 Contents after gather (should be 1,2,... at 
 localPet=petCount-1 , 0 elsewhere), :
            1  array1:             0
            1  array1:             0
            1  array1:             0
 Contents after gather (should be 1,2,... at 
 localPet=petCount-1 , 0 elsewhere), :
            2  array1:             0
            2  array1:             0
            2  array1:             0
            2  array1:             0
            2  array1:             0
 localPet=petCount-1 , 0 elsewhere), :
            3  array1:             1
            3  array1:             2
            3  array1:             3
            3  array1:             4
            3  array1:             5
            3  array1:             6
            0  array1:             0
            0  array1:             0
            0  array1:             0
            0  array1:             0
            0  array1:             0
            0  array1:             0
            0  array1:             0
            1  array1:             0
            1  array1:             0
            1  array1:             0
            1  array1:             0
            1  array1:             0
  PASS  Verifying array2 data after Gather() Test for Integer, ESMF_VMGatherUTest.F90, line 143
            2  array1:             0
            2  array1:             0
            2  array1:             0
  PASS  Verifying array2 data after Gather() Test for Integer, ESMF_VMGatherUTest.F90, line 143
            3  array1:             7
            3  array1:             8
  PASS  Verifying array2 data after Gather() Test for Integer, ESMF_VMGatherUTest.F90, line 143
  PASS  Verifying array2 data after Gather() Test for Integer, ESMF_VMGatherUTest.F90, line 143
  PASS  Gather() Test for ESMF_KIND_R8, ESMF_VMGatherUTest.F90, line 154
  PASS  Gather() Test for ESMF_KIND_R8, ESMF_VMGatherUTest.F90, line 154
  PASS  Gather() Test for ESMF_KIND_R8, ESMF_VMGatherUTest.F90, line 154
  PASS  Gather() Test for ESMF_KIND_R8, ESMF_VMGatherUTest.F90, line 154
  PASS  Verifying farray1 data after Gather() Test for ESMF_KIND_R8, ESMF_VMGatherUTest.F90, line 171
  PASS  Verifying farray1 data after Gather() Test for ESMF_KIND_R8, ESMF_VMGatherUTest.F90, line 171
  PASS  Verifying farray1 data after Gather() Test for ESMF_KIND_R8, ESMF_VMGatherUTest.F90, line 171
 contents after gather (should be 1.,2.,... at 
 localPet=petCount-1 , 0. elsewhere), :
  PASS  Verifying farray1 data after Gather() Test for ESMF_KIND_R8, ESMF_VMGatherUTest.F90, line 171
 contents after gather (should be 1.,2.,... at 
 localPet=petCount-1 , 0. elsewhere), :
 contents after gather (should be 1.,2.,... at 
 localPet=petCount-1 , 0. elsewhere), :
 contents after gather (should be 1.,2.,... at 
 localPet=petCount-1 , 0. elsewhere), :
            2  farray1:     0.000000000000000     
            3  farray1:     1.000000000000000     
            3  farray1:     2.000000000000000     
            0  farray1:     0.000000000000000     
            0  farray1:     0.000000000000000     
            1  farray1:     0.000000000000000     
            1  farray1:     0.000000000000000     
            1  farray1:     0.000000000000000     
            1  farray1:     0.000000000000000     
            2  farray1:     0.000000000000000     
            2  farray1:     0.000000000000000     
            2  farray1:     0.000000000000000     
            2  farray1:     0.000000000000000     
            3  farray1:     3.000000000000000     
            3  farray1:     4.000000000000000     
            3  farray1:     5.000000000000000     
            3  farray1:     6.000000000000000     
            3  farray1:     7.000000000000000     
            0  farray1:     0.000000000000000     
            0  farray1:     0.000000000000000     
            0  farray1:     0.000000000000000     
            0  farray1:     0.000000000000000     
            0  farray1:     0.000000000000000     
            1  farray1:     0.000000000000000     
            1  farray1:     0.000000000000000     
            1  farray1:     0.000000000000000     
            1  farray1:     0.000000000000000     
            2  farray1:     0.000000000000000     
            2  farray1:     0.000000000000000     
            2  farray1:     0.000000000000000     
 contents after gather (should be localPet*2+1, localPet*2+2):
            3  farray1:     8.000000000000000     
 contents after gather (should be localPet*2+1, localPet*2+2):
            3  farray2:     7.000000000000000     
            0  farray1:     0.000000000000000     
 contents after gather (should be localPet*2+1, localPet*2+2):
            0  farray2:     1.000000000000000     
            0  farray2:     2.000000000000000     
  PASS  Verifying farray2 data after Gather() Test for ESMF_KIND_R8, ESMF_VMGatherUTest.F90, line 193
 contents after gather (should be localPet*2+1, localPet*2+2):
            1  farray2:     3.000000000000000     
            1  farray2:     4.000000000000000     
  PASS  Verifying farray2 data after Gather() Test for ESMF_KIND_R8, ESMF_VMGatherUTest.F90, line 193
            2  farray2:     5.000000000000000     
            2  farray2:     6.000000000000000     
  PASS  Verifying farray2 data after Gather() Test for ESMF_KIND_R8, ESMF_VMGatherUTest.F90, line 193
            3  farray2:     8.000000000000000     
  PASS  Verifying farray2 data after Gather() Test for ESMF_KIND_R8, ESMF_VMGatherUTest.F90, line 193
  PASS  Gather() Test for ESMF_KIND_R4, ESMF_VMGatherUTest.F90, line 204
  PASS  Gather() Test for ESMF_KIND_R4, ESMF_VMGatherUTest.F90, line 204
  PASS  Gather() Test for ESMF_KIND_R4, ESMF_VMGatherUTest.F90, line 204
  PASS  Gather() Test for ESMF_KIND_R4, ESMF_VMGatherUTest.F90, line 204
  PASS  Verifying f4array1 data after Gather() Test for ESMF_KIND_R4, ESMF_VMGatherUTest.F90, line 221
  PASS  Verifying f4array1 data after Gather() Test for ESMF_KIND_R4, ESMF_VMGatherUTest.F90, line 221
  PASS  Verifying f4array1 data after Gather() Test for ESMF_KIND_R4, ESMF_VMGatherUTest.F90, line 221
  PASS  Verifying f4array1 data after Gather() Test for ESMF_KIND_R4, ESMF_VMGatherUTest.F90, line 221
 contents after gather (should be 1.,2.,... at 
 localPet=petCount-1 , 0. elsewhere), :
 contents after gather (should be 1.,2.,... at 
 localPet=petCount-1 , 0. elsewhere), :
            0  f4array1:     0.000000    
            0  f4array1:     0.000000    
 contents after gather (should be 1.,2.,... at 
 localPet=petCount-1 , 0. elsewhere), :
            1  f4array1:     0.000000    
            1  f4array1:     0.000000    
            1  f4array1:     0.000000    
 contents after gather (should be 1.,2.,... at 
 localPet=petCount-1 , 0. elsewhere), :
            2  f4array1:     0.000000    
            2  f4array1:     0.000000    
            2  f4array1:     0.000000    
            3  f4array1:     1.000000    
            3  f4array1:     2.000000    
            3  f4array1:     3.000000    
            3  f4array1:     4.000000    
            3  f4array1:     5.000000    
            0  f4array1:     0.000000    
            0  f4array1:     0.000000    
            0  f4array1:     0.000000    
            0  f4array1:     0.000000    
            0  f4array1:     0.000000    
            1  f4array1:     0.000000    
            1  f4array1:     0.000000    
            1  f4array1:     0.000000    
            1  f4array1:     0.000000    
            2  f4array1:     0.000000    
            2  f4array1:     0.000000    
            2  f4array1:     0.000000    
            2  f4array1:     0.000000    
            2  f4array1:     0.000000    
 contents after gather (should be localPet*2+1, localPet*2+2):
            3  f4array1:     6.000000    
            3  f4array1:     7.000000    
            3  f4array1:     8.000000    
 contents after gather (should be localPet*2+1, localPet*2+2):
            3  f4array2:     7.000000    
            3  f4array2:     8.000000    
            0  f4array1:     0.000000    
 contents after gather (should be localPet*2+1, localPet*2+2):
            0  f4array2:     1.000000    
            0  f4array2:     2.000000    
  PASS  Verifying f4array2 data after Gather() Test for ESMF_KIND_R4, ESMF_VMGatherUTest.F90, line 243
            1  f4array1:     0.000000    
 contents after gather (should be localPet*2+1, localPet*2+2):
            1  f4array2:     3.000000    
            1  f4array2:     4.000000    
  PASS  Verifying f4array2 data after Gather() Test for ESMF_KIND_R4, ESMF_VMGatherUTest.F90, line 243
            2  f4array2:     5.000000    
            2  f4array2:     6.000000    
  PASS  Verifying f4array2 data after Gather() Test for ESMF_KIND_R4, ESMF_VMGatherUTest.F90, line 243
  PASS  Verifying f4array2 data after Gather() Test for ESMF_KIND_R4, ESMF_VMGatherUTest.F90, line 243
  PASS  GatherV() Test for Integer, ESMF_VMGatherUTest.F90, line 285
  PASS  GatherV() Test for Integer, ESMF_VMGatherUTest.F90, line 285
  PASS  GatherV() Test for Integer, ESMF_VMGatherUTest.F90, line 285
  PASS  GatherV() Test for Integer, ESMF_VMGatherUTest.F90, line 285
  PASS  Verifying array1 data after GatherV() Test for Integer, ESMF_VMGatherUTest.F90, line 302
  PASS  Verifying array1 data after GatherV() Test for Integer, ESMF_VMGatherUTest.F90, line 302
  PASS  Verifying array1 data after GatherV() Test for Integer, ESMF_VMGatherUTest.F90, line 302
  PASS  Verifying array1 data after GatherV() Test for Integer, ESMF_VMGatherUTest.F90, line 302
 Contents after gather (should be 1,2,... at 
 localPet=petCount-1 , 0 elsewhere), :
 Contents after gather (should be 1,2,... at 
 localPet=petCount-1 , 0 elsewhere), :
            0  array1:             0
            1  array1:             0
            1  array1:             0
            1  array1:             0
 Contents after gather (should be 1,2,... at 
 localPet=petCount-1 , 0 elsewhere), :
            2  array1:             0
            2  array1:             0
            2  array1:             0
 Contents after gather (should be 1,2,... at 
 localPet=petCount-1 , 0 elsewhere), :
            3  array1:             1
            3  array1:             2
            3  array1:             3
            0  array1:             0
            0  array1:             0
            0  array1:             0
            0  array1:             0
            0  array1:             0
            1  array1:             0
            1  array1:             0
            1  array1:             0
            1  array1:             0
            1  array1:             0
            2  array1:             0
            2  array1:             0
            2  array1:             0
            2  array1:             0
            2  array1:             0
            3  array1:             4
            3  array1:             5
            3  array1:             6
            3  array1:             7
            3  array1:             8
            0  array1:             0
            0  array1:             0
  PASS  Verifying array2 data after GatherV() Test for Integer, ESMF_VMGatherUTest.F90, line 319
  PASS  Verifying array2 data after GatherV() Test for Integer, ESMF_VMGatherUTest.F90, line 319
  PASS  Verifying array2 data after GatherV() Test for Integer, ESMF_VMGatherUTest.F90, line 319
  PASS  Verifying array2 data after GatherV() Test for Integer, ESMF_VMGatherUTest.F90, line 319
  PASS  GatherV() Test for ESMF_KIND_R8, ESMF_VMGatherUTest.F90, line 330
  PASS  GatherV() Test for ESMF_KIND_R8, ESMF_VMGatherUTest.F90, line 330
  PASS  GatherV() Test for ESMF_KIND_R8, ESMF_VMGatherUTest.F90, line 330
  PASS  Verifying farray1 data after GatherV() Test for ESMF_KIND_R8, ESMF_VMGatherUTest.F90, line 347
  PASS  GatherV() Test for ESMF_KIND_R8, ESMF_VMGatherUTest.F90, line 330
  PASS  Verifying farray1 data after GatherV() Test for ESMF_KIND_R8, ESMF_VMGatherUTest.F90, line 347
  PASS  Verifying farray1 data after GatherV() Test for ESMF_KIND_R8, ESMF_VMGatherUTest.F90, line 347
  PASS  Verifying farray1 data after GatherV() Test for ESMF_KIND_R8, ESMF_VMGatherUTest.F90, line 347
 contents after gather (should be 1.,2.,... at 
 localPet=petCount-1 , 0. elsewhere), :
 contents after gather (should be 1.,2.,... at 
 localPet=petCount-1 , 0. elsewhere), :
            1  farray1:     0.000000000000000     
            1  farray1:     0.000000000000000     
 contents after gather (should be 1.,2.,... at 
 localPet=petCount-1 , 0. elsewhere), :
            2  farray1:     0.000000000000000     
            2  farray1:     0.000000000000000     
 contents after gather (should be 1.,2.,... at 
 localPet=petCount-1 , 0. elsewhere), :
            3  farray1:     1.000000000000000     
            3  farray1:     2.000000000000000     
            0  farray1:     0.000000000000000     
            0  farray1:     0.000000000000000     
            0  farray1:     0.000000000000000     
            0  farray1:     0.000000000000000     
            1  farray1:     0.000000000000000     
            1  farray1:     0.000000000000000     
            1  farray1:     0.000000000000000     
            1  farray1:     0.000000000000000     
            2  farray1:     0.000000000000000     
            2  farray1:     0.000000000000000     
            2  farray1:     0.000000000000000     
            2  farray1:     0.000000000000000     
            3  farray1:     3.000000000000000     
            3  farray1:     4.000000000000000     
            3  farray1:     5.000000000000000     
            3  farray1:     6.000000000000000     
            3  farray1:     7.000000000000000     
            0  farray1:     0.000000000000000     
            0  farray1:     0.000000000000000     
            0  farray1:     0.000000000000000     
            0  farray1:     0.000000000000000     
 contents after gather (should be localPet*2+1, localPet*2+2):
            1  farray1:     0.000000000000000     
            1  farray1:     0.000000000000000     
 contents after gather (should be localPet*2+1, localPet*2+2):
            1  farray2:     3.000000000000000     
            1  farray2:     4.000000000000000     
            2  farray1:     0.000000000000000     
            2  farray1:     0.000000000000000     
 contents after gather (should be localPet*2+1, localPet*2+2):
            2  farray2:     5.000000000000000     
            2  farray2:     6.000000000000000     
            3  farray1:     8.000000000000000     
 contents after gather (should be localPet*2+1, localPet*2+2):
            3  farray2:     7.000000000000000     
            3  farray2:     8.000000000000000     
  PASS  Verifying farray2 data after GatherV() Test for ESMF_KIND_R8, ESMF_VMGatherUTest.F90, line 369
            0  farray2:     1.000000000000000     
            0  farray2:     2.000000000000000     
  PASS  Verifying farray2 data after GatherV() Test for ESMF_KIND_R8, ESMF_VMGatherUTest.F90, line 369
  PASS  Verifying farray2 data after GatherV() Test for ESMF_KIND_R8, ESMF_VMGatherUTest.F90, line 369
  PASS  Verifying farray2 data after GatherV() Test for ESMF_KIND_R8, ESMF_VMGatherUTest.F90, line 369
  PASS  GatherV() Test for ESMF_KIND_R4, ESMF_VMGatherUTest.F90, line 380
  PASS  GatherV() Test for ESMF_KIND_R4, ESMF_VMGatherUTest.F90, line 380
  PASS  GatherV() Test for ESMF_KIND_R4, ESMF_VMGatherUTest.F90, line 380
  PASS  GatherV() Test for ESMF_KIND_R4, ESMF_VMGatherUTest.F90, line 380
  PASS  Verifying f4array1 data after GatherV() Test for ESMF_KIND_R4, ESMF_VMGatherUTest.F90, line 397
  PASS  Verifying f4array1 data after GatherV() Test for ESMF_KIND_R4, ESMF_VMGatherUTest.F90, line 397
  PASS  Verifying f4array1 data after GatherV() Test for ESMF_KIND_R4, ESMF_VMGatherUTest.F90, line 397
  PASS  Verifying f4array1 data after GatherV() Test for ESMF_KIND_R4, ESMF_VMGatherUTest.F90, line 397
 contents after gather (should be 1.,2.,... at 
 localPet=petCount-1 , 0. elsewhere), :
 contents after gather (should be 1.,2.,... at 
 localPet=petCount-1 , 0. elsewhere), :
            1  f4array1:     0.000000    
 contents after gather (should be 1.,2.,... at 
 localPet=petCount-1 , 0. elsewhere), :
            2  f4array1:     0.000000    
            2  f4array1:     0.000000    
 contents after gather (should be 1.,2.,... at 
 localPet=petCount-1 , 0. elsewhere), :
            3  f4array1:     1.000000    
            3  f4array1:     2.000000    
            3  f4array1:     3.000000    
            0  f4array1:     0.000000    
            0  f4array1:     0.000000    
            0  f4array1:     0.000000    
            0  f4array1:     0.000000    
            0  f4array1:     0.000000    
            1  f4array1:     0.000000    
            1  f4array1:     0.000000    
            1  f4array1:     0.000000    
            1  f4array1:     0.000000    
            2  f4array1:     0.000000    
            2  f4array1:     0.000000    
            2  f4array1:     0.000000    
            2  f4array1:     0.000000    
            3  f4array1:     4.000000    
            3  f4array1:     5.000000    
            3  f4array1:     6.000000    
            3  f4array1:     7.000000    
            3  f4array1:     8.000000    
            0  f4array1:     0.000000    
            0  f4array1:     0.000000    
            0  f4array1:     0.000000    
 contents after gather (should be localPet*2+1, localPet*2+2):
            1  f4array1:     0.000000    
            1  f4array1:     0.000000    
            1  f4array1:     0.000000    
 contents after gather (should be localPet*2+1, localPet*2+2):
            1  f4array2:     3.000000    
            2  f4array1:     0.000000    
            2  f4array1:     0.000000    
 contents after gather (should be localPet*2+1, localPet*2+2):
            2  f4array2:     5.000000    
            2  f4array2:     6.000000    
 contents after gather (should be localPet*2+1, localPet*2+2):
            3  f4array2:     7.000000    
            3  f4array2:     8.000000    
  PASS  Verifying f4array2 data after GatherV() Test for ESMF_KIND_R4, ESMF_VMGatherUTest.F90, line 419
            0  f4array2:     1.000000    
            0  f4array2:     2.000000    
  PASS  Verifying f4array2 data after GatherV() Test for ESMF_KIND_R4, ESMF_VMGatherUTest.F90, line 419
            1  f4array2:     4.000000    
  PASS  Verifying f4array2 data after GatherV() Test for ESMF_KIND_R4, ESMF_VMGatherUTest.F90, line 419
  PASS  Verifying f4array2 data after GatherV() Test for ESMF_KIND_R4, ESMF_VMGatherUTest.F90, line 419
  Ending Test, file ESMF_VMGatherUTest.F90, line 432
  Ending Test, file ESMF_VMGatherUTest.F90, line 432
  Ending Test, file ESMF_VMGatherUTest.F90, line 432
  Ending Test, file ESMF_VMGatherUTest.F90, line 432
  PET            1  Test Elapsed Time     3.869056701660156       msec.
  PET            0  Test Elapsed Time     3.880977630615234       msec.
  PET            2  Test Elapsed Time     4.256963729858398       msec.
  PET            3  Test Elapsed Time     4.463911056518555       msec.
