2022-07-14 01:56:15
  Beginning Test, file ESMF_StateReconcileProxyUTest.F90, line 244
  Beginning Test, file ESMF_StateReconcileProxyUTest.F90, line 244
  NUMBER_OF_PROCESSORS           4
  Beginning Test, file ESMF_StateReconcileProxyUTest.F90, line 244
  NUMBER_OF_PROCESSORS           4
  Beginning Test, file ESMF_StateReconcileProxyUTest.F90, line 244
  NUMBER_OF_PROCESSORS           4
  NUMBER_OF_PROCESSORS           4
  PASS  Reconciling a State, ESMF_StateReconcileProxyUTest.F90, line 283
  PASS  Reconciling a State, ESMF_StateReconcileProxyUTest.F90, line 283
  PASS  Ensure g1 and g2 are aliases to the same Grid (proxy) Test, ESMF_StateReconcileProxyUTest.F90, line 319
  PASS  Ensure g1 and g2 are aliases to the same Grid (proxy) Test, ESMF_StateReconcileProxyUTest.F90, line 319
  PASS  Reconciling a State, ESMF_StateReconcileProxyUTest.F90, line 283
  PASS  Reconciling a State, ESMF_StateReconcileProxyUTest.F90, line 283
  PASS  Ensure m1 and m2 are aliases to the same Mesh (proxy) Test, ESMF_StateReconcileProxyUTest.F90, line 336
  PASS  Ensure m1 and m2 are aliases to the same Mesh (proxy) Test, ESMF_StateReconcileProxyUTest.F90, line 336
  PASS  Ensure l1 and l2 are aliases to the same LocStream (proxy) Test, ESMF_StateReconcileProxyUTest.F90, line 353
  PASS  Ensure l1 and l2 are aliases to the same LocStream (proxy) Test, ESMF_StateReconcileProxyUTest.F90, line 353
  PASS  Ensure g1 and g2 are aliases to the same Grid (proxy) Test, ESMF_StateReconcileProxyUTest.F90, line 319
  PASS  Ensure g1 and g2 are aliases to the same Grid (proxy) Test, ESMF_StateReconcileProxyUTest.F90, line 319
  PASS  Ensure m1 and m2 are aliases to the same Mesh (proxy) Test, ESMF_StateReconcileProxyUTest.F90, line 336
  PASS  Ensure m1 and m2 are aliases to the same Mesh (proxy) Test, ESMF_StateReconcileProxyUTest.F90, line 336
  PASS  Ensure l1 and l2 are aliases to the same LocStream (proxy) Test, ESMF_StateReconcileProxyUTest.F90, line 353
  PASS  Ensure l1 and l2 are aliases to the same LocStream (proxy) Test, ESMF_StateReconcileProxyUTest.F90, line 353
  PASS  Re-Reconciling a State, ESMF_StateReconcileProxyUTest.F90, line 363
  PASS  Re-Reconciling a State, ESMF_StateReconcileProxyUTest.F90, line 363
  PASS  Re-Reconciling a State, ESMF_StateReconcileProxyUTest.F90, line 363
  PASS  Re-Reconciling a State, ESMF_StateReconcileProxyUTest.F90, line 363
  PASS  Ensure Re-Reconcile Field (proxy) persistence Test, ESMF_StateReconcileProxyUTest.F90, line 372
  PASS  Ensure Re-Reconcile Field (proxy) persistence Test, ESMF_StateReconcileProxyUTest.F90, line 372
  PASS  Ensure Re-Reconcile Field (proxy) persistence Test, ESMF_StateReconcileProxyUTest.F90, line 372
  PASS  Ensure Re-Reconcile Field (proxy) persistence Test, ESMF_StateReconcileProxyUTest.F90, line 372
  PASS  Ensure Re-Reconcile FieldBundle (proxy) persistence Test, ESMF_StateReconcileProxyUTest.F90, line 381
  PASS  Ensure Re-Reconcile FieldBundle (proxy) persistence Test, ESMF_StateReconcileProxyUTest.F90, line 381
  PASS  Ensure Re-Reconcile FieldBundle (proxy) persistence Test, ESMF_StateReconcileProxyUTest.F90, line 381
  PASS  Ensure Re-Reconcile FieldBundle (proxy) persistence Test, ESMF_StateReconcileProxyUTest.F90, line 381
  Ending Test, file ESMF_StateReconcileProxyUTest.F90, line 400
  Ending Test, file ESMF_StateReconcileProxyUTest.F90, line 400
  Ending Test, file ESMF_StateReconcileProxyUTest.F90, line 400
  Ending Test, file ESMF_StateReconcileProxyUTest.F90, line 400
  PET           0  Test Elapsed Time    28.924999999999997       msec.
  PET           2  Test Elapsed Time    28.957999999999998       msec.
  PET           1  Test Elapsed Time    29.001999999999995       msec.
  PET           3  Test Elapsed Time    28.998999999999995       msec.
