2022-07-14 01:56:15
  Beginning Test, file ESMF_InfoCacheUTest.F90, line 60
  Beginning Test, file ESMF_InfoCacheUTest.F90, line 60
  Beginning Test, file ESMF_InfoCacheUTest.F90, line 60
  NUMBER_OF_PROCESSORS           4
  Beginning Test, file ESMF_InfoCacheUTest.F90, line 60
  NUMBER_OF_PROCESSORS           4
  NUMBER_OF_PROCESSORS           4
  NUMBER_OF_PROCESSORS           4
  PASS  Initialize + Destroy, ESMF_InfoCacheUTest.F90, line 82
  PASS  Initialize + Destroy, ESMF_InfoCacheUTest.F90, line 82
  PASS  Initialize + Destroy, ESMF_InfoCacheUTest.F90, line 82
  PASS  Initialize + Destroy, ESMF_InfoCacheUTest.F90, line 82
  PASS  Update for State, ESMF_InfoCacheUTest.F90, line 164
  Ending Test, file ESMF_InfoCacheUTest.F90, line 194
  PASS  Update for State, ESMF_InfoCacheUTest.F90, line 164
  PASS  Update for State, ESMF_InfoCacheUTest.F90, line 164
  PASS  Update for State, ESMF_InfoCacheUTest.F90, line 164
  Ending Test, file ESMF_InfoCacheUTest.F90, line 194
  Ending Test, file ESMF_InfoCacheUTest.F90, line 194
  Ending Test, file ESMF_InfoCacheUTest.F90, line 194
  PET           2  Test Elapsed Time    10.113999999999999       msec.
  PET           3  Test Elapsed Time    10.928999999999998       msec.
  PET           1  Test Elapsed Time    10.097999999999999       msec.
  PET           0  Test Elapsed Time    10.122999999999999       msec.
