2022-07-14 02:12:21
  Beginning Test, file ESMF_VMBarrierUTest.F90, line 66
  NUMBER_OF_PROCESSORS           4
 timing precision is:    1.0000000000001327E-006
 max timing precision is:    1.0000000000001327E-006
  Beginning Test, file ESMF_VMBarrierUTest.F90, line 66
  NUMBER_OF_PROCESSORS           4
 timing precision is:    1.0000000000001327E-006
 max timing precision is:    1.0000000000001327E-006
  PASS  Timer Precision test, ESMF_VMBarrierUTest.F90, line 87
  Beginning Test, file ESMF_VMBarrierUTest.F90, line 66
  NUMBER_OF_PROCESSORS           4
 timing precision is:    1.0000000000001327E-006
 max timing precision is:    1.0000000000001327E-006
  PASS  Timer Precision test, ESMF_VMBarrierUTest.F90, line 87
  Beginning Test, file ESMF_VMBarrierUTest.F90, line 66
  NUMBER_OF_PROCESSORS           4
 timing precision is:    1.0000000000001327E-006
 max timing precision is:    1.0000000000001327E-006
  PASS  Timer Precision test, ESMF_VMBarrierUTest.F90, line 87
  PASS  Timer Precision test, ESMF_VMBarrierUTest.F90, line 87
 slow Pet=           0 Pet=           0 time delay =    1.0000170000000002      [  -- should be >=    1.0000000000000000      --  ]
 slow Pet=           0 Pet=           1 time delay =    1.0000220000000000      [  -- should be >=    1.0000000000000000      --  ]
 slow Pet=           0 Pet=           2 time delay =    1.0000220000000000      [  -- should be >=    1.0000000000000000      --  ]
 slow Pet=           0 Pet=           3 time delay =    1.0000190000000002      [  -- should be >=    1.0000000000000000      --  ]
 slow Pet=           1 Pet=           1 time delay =    1.0004139999999999      [  -- should be >=    1.0000000000000000      --  ]
 slow Pet=           1 Pet=           0 time delay =    1.0005400000000000      [  -- should be >=    1.0000000000000000      --  ]
 slow Pet=           1 Pet=           2 time delay =    1.0005399999999998      [  -- should be >=    1.0000000000000000      --  ]
 slow Pet=           1 Pet=           3 time delay =    1.0005430000000000      [  -- should be >=    1.0000000000000000      --  ]
 slow Pet=           2 Pet=           0 time delay =    1.0003780000000000      [  -- should be >=    1.0000000000000000      --  ]
 slow Pet=           2 Pet=           1 time delay =    1.0005009999999999      [  -- should be >=    1.0000000000000000      --  ]
 slow Pet=           2 Pet=           2 time delay =    1.0003799999999998      [  -- should be >=    1.0000000000000000      --  ]
 slow Pet=           2 Pet=           3 time delay =    1.0003790000000001      [  -- should be >=    1.0000000000000000      --  ]
 slow Pet=           3 Pet=           0 time delay =    1.0000130000000005      [  -- should be >=    1.0000000000000000      --  ]
  PASS  Barrier Test, ESMF_VMBarrierUTest.F90, line 122
  Ending Test, file ESMF_VMBarrierUTest.F90, line 124
 slow Pet=           3 Pet=           1 time delay =    1.0000089999999999      [  -- should be >=    1.0000000000000000      --  ]
  PASS  Barrier Test, ESMF_VMBarrierUTest.F90, line 122
  Ending Test, file ESMF_VMBarrierUTest.F90, line 124
 slow Pet=           3 Pet=           2 time delay =    1.0000089999999999      [  -- should be >=    1.0000000000000000      --  ]
  PASS  Barrier Test, ESMF_VMBarrierUTest.F90, line 122
  Ending Test, file ESMF_VMBarrierUTest.F90, line 124
 slow Pet=           3 Pet=           3 time delay =    1.0000170000000002      [  -- should be >=    1.0000000000000000      --  ]
  PASS  Barrier Test, ESMF_VMBarrierUTest.F90, line 122
  Ending Test, file ESMF_VMBarrierUTest.F90, line 124
  PET           0  Test Elapsed Time    4009.0140000000006       msec.
  PET           3  Test Elapsed Time    4009.7620000000002       msec.
  PET           1  Test Elapsed Time    4009.7270000000008       msec.
  PET           2  Test Elapsed Time    4009.5139999999992       msec.
