2022-07-14 01:46:00
Name: scicomp	  Convention: customconvention2	  Purpose: custompurpose2	


