2022-07-14 01:46:00
Beginning Test, file ESMC_MBMesh_UtilUTest.C, line 131
Beginning Test, file ESMC_MBMesh_UtilUTest.C, line 131NUMBER_OF_PROCESSORS 4
Beginning Test, file ESMC_MBMesh_UtilUTest.C, line 131
Beginning Test, file ESMC_MBMesh_UtilUTest.C, line 131NUMBER_OF_PROCESSORS 4
PASS Throw an error from the MBMesh, ESMC_MBMesh_UtilUTest.C, line 160
PASS Throw an error from the MBMesh, ESMC_MBMesh_UtilUTest.C, line 160
PASS Test ESMC_MeshSetMOAB, ESMC_MBMesh_UtilUTest.C, line 173
PASS Test ESMC_MeshSetMOAB, ESMC_MBMesh_UtilUTest.C, line 173
PASS Test ESMC_MeshGetMOAB, ESMC_MBMesh_UtilUTest.C, line 186
PASS Test ESMC_MeshGetMOAB, ESMC_MBMesh_UtilUTest.C, line 186
Ending Test, file ESMC_MBMesh_UtilUTest.C, line 191
Ending Test, file ESMC_MBMesh_UtilUTest.C, line 191
Beginning Test, file ESMC_MBMesh_UtilUTest.C, line 131
Beginning Test, file ESMC_MBMesh_UtilUTest.C, line 131NUMBER_OF_PROCESSORS 4
PASS Throw an error from the MBMesh, ESMC_MBMesh_UtilUTest.C, line 160
PASS Test ESMC_MeshSetMOAB, ESMC_MBMesh_UtilUTest.C, line 173
PASS Test ESMC_MeshGetMOAB, ESMC_MBMesh_UtilUTest.C, line 186
Ending Test, file ESMC_MBMesh_UtilUTest.C, line 191
Beginning Test, file ESMC_MBMesh_UtilUTest.C, line 131
Beginning Test, file ESMC_MBMesh_UtilUTest.C, line 131NUMBER_OF_PROCESSORS 4
PASS Throw an error from the MBMesh, ESMC_MBMesh_UtilUTest.C, line 160
PASS Test ESMC_MeshSetMOAB, ESMC_MBMesh_UtilUTest.C, line 173
PASS Test ESMC_MeshGetMOAB, ESMC_MBMesh_UtilUTest.C, line 186
Ending Test, file ESMC_MBMesh_UtilUTest.C, line 191
Ending Test, file ESMC_MBMesh_UtilUTest.C, line 191 PET 1 Test Elapsed Time 45.858 msec.
Ending Test, file ESMC_MBMesh_UtilUTest.C, line 191 PET 3 Test Elapsed Time 47.075 msec.
Ending Test, file ESMC_MBMesh_UtilUTest.C, line 191 PET 0 Test Elapsed Time 48.24 msec.
Ending Test, file ESMC_MBMesh_UtilUTest.C, line 191 PET 2 Test Elapsed Time 48.228 msec.
