2022-07-14 01:46:00
  Beginning Test, file ESMF_FieldBundleRedistUTest.F90, line 61
  Beginning Test, file ESMF_FieldBundleRedistUTest.F90, line 61
  NUMBER_OF_PROCESSORS           4
  Beginning Test, file ESMF_FieldBundleRedistUTest.F90, line 61
  NUMBER_OF_PROCESSORS           4
  Beginning Test, file ESMF_FieldBundleRedistUTest.F90, line 61
  NUMBER_OF_PROCESSORS           4
  NUMBER_OF_PROCESSORS           4
  PASS  FieldRedist basic test, ESMF_FieldBundleRedistUTest.F90, line 74
  PASS  FieldRedist basic test, ESMF_FieldBundleRedistUTest.F90, line 74
  PASS  FieldRedist basic test, ESMF_FieldBundleRedistUTest.F90, line 74
  PASS  FieldRedist basic test, ESMF_FieldBundleRedistUTest.F90, line 74
  PASS  FieldRedist basic test with compatible Fields, ESMF_FieldBundleRedistUTest.F90, line 81
  PASS  FieldRedist basic test with compatible Fields, ESMF_FieldBundleRedistUTest.F90, line 81
  PASS  FieldRedist basic test with compatible Fields, ESMF_FieldBundleRedistUTest.F90, line 81
  PASS  FieldRedist basic test with compatible Fields, ESMF_FieldBundleRedistUTest.F90, line 81
  Ending Test, file ESMF_FieldBundleRedistUTest.F90, line 83
  Ending Test, file ESMF_FieldBundleRedistUTest.F90, line 83
  Ending Test, file ESMF_FieldBundleRedistUTest.F90, line 83
  Ending Test, file ESMF_FieldBundleRedistUTest.F90, line 83
  PET           0  Test Elapsed Time    12.034999999999989       msec.
  PET           2  Test Elapsed Time    11.871999999999993       msec.
  PET           3  Test Elapsed Time    11.512999999999995       msec.
  PET           1  Test Elapsed Time    11.436000000000002       msec.
