2022-07-15 09:57:03
  Beginning Test, file ESMF_ArrayBundleIOUTest.F90, line 70
  Beginning Test, file ESMF_ArrayBundleIOUTest.F90, line 70
  Beginning Test, file ESMF_ArrayBundleIOUTest.F90, line 70
  NUMBER_OF_PROCESSORS           4
  Beginning Test, file ESMF_ArrayBundleIOUTest.F90, line 70
  NUMBER_OF_PROCESSORS           4
  NUMBER_OF_PROCESSORS           4
  NUMBER_OF_PROCESSORS           4
  PASS  ArrayCreate Allocate 2D ESMF_TYPEKIND_R8 Test, ESMF_ArrayBundleIOUTest.F90, line 109
  PASS  ArrayCreate Allocate 2D ESMF_TYPEKIND_R8 Test, ESMF_ArrayBundleIOUTest.F90, line 109
  PASS  ArrayCreate Allocate 2D ESMF_TYPEKIND_R8 Test, ESMF_ArrayBundleIOUTest.F90, line 109
  PASS  ArrayCreate Allocate 2D ESMF_TYPEKIND_R8 Test, ESMF_ArrayBundleIOUTest.F90, line 109
  PASS  Obtain real Fortran Array Pointer for array 1, ESMF_ArrayBundleIOUTest.F90, line 117
  PASS  Obtain real Fortran Array Pointer for array 1, ESMF_ArrayBundleIOUTest.F90, line 117
  PASS  Obtain real Fortran Array Pointer for array 1, ESMF_ArrayBundleIOUTest.F90, line 117
  PASS  Obtain real Fortran Array Pointer for array 1, ESMF_ArrayBundleIOUTest.F90, line 117
  PASS  ArrayCreate Allocate 2D ESMF_TYPEKIND_I4 Test, ESMF_ArrayBundleIOUTest.F90, line 125
  PASS  ArrayCreate Allocate 2D ESMF_TYPEKIND_I4 Test, ESMF_ArrayBundleIOUTest.F90, line 125
  PASS  Obtain integer Fortran Array Pointer for array 2, ESMF_ArrayBundleIOUTest.F90, line 133
  PASS  ArrayCreate Allocate 2D ESMF_TYPEKIND_I4 Test, ESMF_ArrayBundleIOUTest.F90, line 125
  PASS  ArrayCreate Allocate 2D ESMF_TYPEKIND_I4 Test, ESMF_ArrayBundleIOUTest.F90, line 125
  PASS  Obtain integer Fortran Array Pointer for array 2, ESMF_ArrayBundleIOUTest.F90, line 133
  PASS  Obtain integer Fortran Array Pointer for array 2, ESMF_ArrayBundleIOUTest.F90, line 133
  PASS  ArrayCreate Allocate 3D ESMF_TYPEKIND_I4 Test, ESMF_ArrayBundleIOUTest.F90, line 141
  PASS  Obtain integer Fortran Array Pointer for array 2, ESMF_ArrayBundleIOUTest.F90, line 133
  PASS  ArrayCreate Allocate 3D ESMF_TYPEKIND_I4 Test, ESMF_ArrayBundleIOUTest.F90, line 141
  PASS  ArrayCreate Allocate 3D ESMF_TYPEKIND_I4 Test, ESMF_ArrayBundleIOUTest.F90, line 141
  PASS  ArrayCreate Allocate 3D ESMF_TYPEKIND_I4 Test, ESMF_ArrayBundleIOUTest.F90, line 141
  PASS  Obtain Integer Fortran Array Pointer for array 2, ESMF_ArrayBundleIOUTest.F90, line 149
  PASS  Obtain Integer Fortran Array Pointer for array 2, ESMF_ArrayBundleIOUTest.F90, line 149
  PASS  Obtain Integer Fortran Array Pointer for array 2, ESMF_ArrayBundleIOUTest.F90, line 149
  PASS  Obtain Integer Fortran Array Pointer for array 2, ESMF_ArrayBundleIOUTest.F90, line 149
  PASS  ArrayBundleCreate Test, ESMF_ArrayBundleIOUTest.F90, line 158
  PASS  ArrayBundleCreate Test, ESMF_ArrayBundleIOUTest.F90, line 158
  PASS  ArrayBundleCreate Test, ESMF_ArrayBundleIOUTest.F90, line 158
  PASS  ArrayBundleCreate Test, ESMF_ArrayBundleIOUTest.F90, line 158
  PASS  ArrayBundleWrite Single file Test, ESMF_ArrayBundleIOUTest.F90, line 167
  PASS  ArrayBundleWrite Single file Test, ESMF_ArrayBundleIOUTest.F90, line 167
  PASS  ArrayBundleWrite Single file Test, ESMF_ArrayBundleIOUTest.F90, line 167
  PASS  ArrayBundleWrite Single file Test, ESMF_ArrayBundleIOUTest.F90, line 167
  PASS  ArrayBundleWrite Single file with timeslice Test, ESMF_ArrayBundleIOUTest.F90, line 180
  PASS  ArrayBundleWrite Single file with timeslice Test, ESMF_ArrayBundleIOUTest.F90, line 180
  PASS  ArrayBundleWrite Single file with timeslice Test, ESMF_ArrayBundleIOUTest.F90, line 180
  PASS  ArrayBundleWrite Single file with timeslice Test, ESMF_ArrayBundleIOUTest.F90, line 180
  PASS  ArrayBundleWrite Multiple files Test, ESMF_ArrayBundleIOUTest.F90, line 196
  PASS  ArrayBundleWrite Multiple files Test, ESMF_ArrayBundleIOUTest.F90, line 196
  PASS  ArrayBundleWrite Multiple files Test, ESMF_ArrayBundleIOUTest.F90, line 196
  PASS  ArrayBundleWrite Multiple files Test, ESMF_ArrayBundleIOUTest.F90, line 196
  PASS  ArrayCreate Allocate 2D ESMF_TYPEKIND_R8 Test, ESMF_ArrayBundleIOUTest.F90, line 212
  PASS  ArrayCreate Allocate 2D ESMF_TYPEKIND_R8 Test, ESMF_ArrayBundleIOUTest.F90, line 212
  PASS  ArrayCreate Allocate 2D ESMF_TYPEKIND_R8 Test, ESMF_ArrayBundleIOUTest.F90, line 212
  PASS  ArrayCreate Allocate 2D ESMF_TYPEKIND_R8 Test, ESMF_ArrayBundleIOUTest.F90, line 212
  PASS  ArrayCreate Allocate 2D ESMF_TYPEKIND_I4 Test, ESMF_ArrayBundleIOUTest.F90, line 220
  PASS  ArrayCreate Allocate 3D ESMF_TYPEKIND_I4 Test, ESMF_ArrayBundleIOUTest.F90, line 228
  PASS  ArrayBundleCreate Test, ESMF_ArrayBundleIOUTest.F90, line 236
  PASS  ArrayCreate Allocate 2D ESMF_TYPEKIND_I4 Test, ESMF_ArrayBundleIOUTest.F90, line 220
  PASS  ArrayCreate Allocate 2D ESMF_TYPEKIND_I4 Test, ESMF_ArrayBundleIOUTest.F90, line 220
  PASS  ArrayCreate Allocate 3D ESMF_TYPEKIND_I4 Test, ESMF_ArrayBundleIOUTest.F90, line 228
  PASS  ArrayCreate Allocate 3D ESMF_TYPEKIND_I4 Test, ESMF_ArrayBundleIOUTest.F90, line 228
  PASS  ArrayBundleCreate Test, ESMF_ArrayBundleIOUTest.F90, line 236
  PASS  ArrayCreate Allocate 2D ESMF_TYPEKIND_I4 Test, ESMF_ArrayBundleIOUTest.F90, line 220
  PASS  ArrayBundleCreate Test, ESMF_ArrayBundleIOUTest.F90, line 236
  PASS  ArrayCreate Allocate 3D ESMF_TYPEKIND_I4 Test, ESMF_ArrayBundleIOUTest.F90, line 228
  PASS  ArrayBundleCreate Test, ESMF_ArrayBundleIOUTest.F90, line 236
  PASS  ArrayBundleRead Multiple file Test, ESMF_ArrayBundleIOUTest.F90, line 246
  PASS  ArrayBundleRead Multiple file Test, ESMF_ArrayBundleIOUTest.F90, line 246
  PASS  ArrayBundleRead Multiple file Test, ESMF_ArrayBundleIOUTest.F90, line 246
  PASS  ArrayBundleRead Multiple file Test, ESMF_ArrayBundleIOUTest.F90, line 246
  PASS  ESMF_ArrayGet test, ESMF_ArrayBundleIOUTest.F90, line 257
  PASS  ESMF_ArrayGet test, ESMF_ArrayBundleIOUTest.F90, line 257
  PASS  ESMF_ArrayGet test, ESMF_ArrayBundleIOUTest.F90, line 257
  PASS  ESMF_ArrayGet test, ESMF_ArrayBundleIOUTest.F90, line 257
  PASS  ESMF_ArrayGet test, ESMF_ArrayBundleIOUTest.F90, line 268
  PASS  ESMF_ArrayGet test, ESMF_ArrayBundleIOUTest.F90, line 268
  PASS  ESMF_ArrayGet test, ESMF_ArrayBundleIOUTest.F90, line 268
  PASS  ESMF_ArrayGet test, ESMF_ArrayBundleIOUTest.F90, line 268
 Maximum Error  =    0.0000000000000000     
  PASS  Compare readin data from a different distgrid, ESMF_ArrayBundleIOUTest.F90, line 285
 Maximum Error  =    0.0000000000000000     
  PASS  Compare readin data from a different distgrid, ESMF_ArrayBundleIOUTest.F90, line 285
 Maximum Error  =    0.0000000000000000     
  PASS  Compare readin data from a different distgrid, ESMF_ArrayBundleIOUTest.F90, line 285
 Maximum Error  =    0.0000000000000000     
  PASS  Compare readin data from a different distgrid, ESMF_ArrayBundleIOUTest.F90, line 285
  PASS  Distgrid Create 2 DE/Pet Test, ESMF_ArrayBundleIOUTest.F90, line 304
  PASS  Distgrid Create 2 DE/Pet Test, ESMF_ArrayBundleIOUTest.F90, line 304
  PASS  Distgrid Create 2 DE/Pet Test, ESMF_ArrayBundleIOUTest.F90, line 304
  PASS  Distgrid Create 2 DE/Pet Test, ESMF_ArrayBundleIOUTest.F90, line 304
  PASS  2D/2 DE Array without Halo Create Test, ESMF_ArrayBundleIOUTest.F90, line 314
  PASS  2D/2 DE Array without Halo Create Test, ESMF_ArrayBundleIOUTest.F90, line 314
  PASS  2D/2 DE Array without Halo Create Test, ESMF_ArrayBundleIOUTest.F90, line 314
  PASS  2D/2 DE Array without Halo Create Test, ESMF_ArrayBundleIOUTest.F90, line 314
  PASS  3D/2 DE Array without Halo Create Test, ESMF_ArrayBundleIOUTest.F90, line 324
  PASS  3D/2 DE Array without Halo Create Test, ESMF_ArrayBundleIOUTest.F90, line 324
  PASS  Obtain Fortran Array Pointer for 2D array DE 0, ESMF_ArrayBundleIOUTest.F90, line 332
  PASS  3D/2 DE Array without Halo Create Test, ESMF_ArrayBundleIOUTest.F90, line 324
  PASS  3D/2 DE Array without Halo Create Test, ESMF_ArrayBundleIOUTest.F90, line 324
  PASS  Obtain Fortran Array Pointer for 2D array DE 1, ESMF_ArrayBundleIOUTest.F90, line 340
  PASS  Obtain Fortran Array Pointer for 2D array DE 0, ESMF_ArrayBundleIOUTest.F90, line 332
  PASS  Obtain Fortran Array Pointer for 2D array DE 0, ESMF_ArrayBundleIOUTest.F90, line 332
  PASS  Obtain Fortran Array Pointer for 2D array DE 0, ESMF_ArrayBundleIOUTest.F90, line 332
  PASS  Obtain Fortran Array Pointer for 2D array DE 1, ESMF_ArrayBundleIOUTest.F90, line 340
  PASS  Obtain Fortran Array Pointer for 3D array DE 0, ESMF_ArrayBundleIOUTest.F90, line 348
  PASS  Obtain Fortran Array Pointer for 2D array DE 1, ESMF_ArrayBundleIOUTest.F90, line 340
  PASS  Obtain Fortran Array Pointer for 2D array DE 1, ESMF_ArrayBundleIOUTest.F90, line 340
  PASS  Obtain Fortran Array Pointer for 3D array DE 0, ESMF_ArrayBundleIOUTest.F90, line 348
  PASS  Obtain Fortran Array Pointer for 3D array DE 1, ESMF_ArrayBundleIOUTest.F90, line 356
  PASS  Obtain Fortran Array Pointer for 3D array DE 0, ESMF_ArrayBundleIOUTest.F90, line 348
  PASS  Obtain Fortran Array Pointer for 3D array DE 1, ESMF_ArrayBundleIOUTest.F90, line 356
  PASS  Obtain Fortran Array Pointer for 3D array DE 1, ESMF_ArrayBundleIOUTest.F90, line 356
  PASS  ArrayBundleCreate 2 DE Test, ESMF_ArrayBundleIOUTest.F90, line 364
  PASS  Obtain Fortran Array Pointer for 3D array DE 0, ESMF_ArrayBundleIOUTest.F90, line 348
  PASS  Obtain Fortran Array Pointer for 3D array DE 1, ESMF_ArrayBundleIOUTest.F90, line 356
  PASS  ArrayBundleCreate 2 DE Test, ESMF_ArrayBundleIOUTest.F90, line 364
  PASS  ArrayBundleCreate 2 DE Test, ESMF_ArrayBundleIOUTest.F90, line 364
  PASS  ArrayBundleCreate 2 DE Test, ESMF_ArrayBundleIOUTest.F90, line 364
  PASS  ArrayBundleWrite 2 DE Single file Test, ESMF_ArrayBundleIOUTest.F90, line 373
  PASS  ArrayBundleWrite 2 DE Single file Test, ESMF_ArrayBundleIOUTest.F90, line 373
  PASS  ArrayBundleWrite 2 DE Single file Test, ESMF_ArrayBundleIOUTest.F90, line 373
  PASS  ArrayBundleWrite 2 DE Single file Test, ESMF_ArrayBundleIOUTest.F90, line 373
  PASS  ArrayCreate Allocate 2D ESMF_TYPEKIND_I4 Test, ESMF_ArrayBundleIOUTest.F90, line 385
  PASS  ArrayCreate Allocate 2D ESMF_TYPEKIND_I4 Test, ESMF_ArrayBundleIOUTest.F90, line 385
  PASS  ArrayCreate Allocate 2D ESMF_TYPEKIND_I4 Test, ESMF_ArrayBundleIOUTest.F90, line 385
  PASS  ArrayCreate Allocate 2D ESMF_TYPEKIND_I4 Test, ESMF_ArrayBundleIOUTest.F90, line 385
  PASS  ArrayCreate Allocate 3D ESMF_TYPEKIND_I4 Test, ESMF_ArrayBundleIOUTest.F90, line 393
  PASS  ArrayCreate Allocate 3D ESMF_TYPEKIND_I4 Test, ESMF_ArrayBundleIOUTest.F90, line 393
  PASS  ArrayCreate Allocate 3D ESMF_TYPEKIND_I4 Test, ESMF_ArrayBundleIOUTest.F90, line 393
  PASS  ArrayCreate Allocate 3D ESMF_TYPEKIND_I4 Test, ESMF_ArrayBundleIOUTest.F90, line 393
  PASS  ArrayBundleCreate Test, ESMF_ArrayBundleIOUTest.F90, line 401
  PASS  ArrayBundleCreate Test, ESMF_ArrayBundleIOUTest.F90, line 401
  PASS  ArrayBundleCreate Test, ESMF_ArrayBundleIOUTest.F90, line 401
  PASS  ArrayBundleCreate Test, ESMF_ArrayBundleIOUTest.F90, line 401
  PASS  ArrayBundleRead 2 DE Single file Test, ESMF_ArrayBundleIOUTest.F90, line 411
  PASS  ArrayBundleRead 2 DE Single file Test, ESMF_ArrayBundleIOUTest.F90, line 411
  PASS  ArrayBundleRead 2 DE Single file Test, ESMF_ArrayBundleIOUTest.F90, line 411
  PASS  ArrayBundleRead 2 DE Single file Test, ESMF_ArrayBundleIOUTest.F90, line 411
  PASS  Obtain Fortran Array Pointer for 2D array DE 0, ESMF_ArrayBundleIOUTest.F90, line 422
  PASS  Obtain Fortran Array Pointer for 2D array DE 0, ESMF_ArrayBundleIOUTest.F90, line 422
  PASS  Obtain Fortran Array Pointer for 2D array DE 0, ESMF_ArrayBundleIOUTest.F90, line 422
  PASS  Obtain Fortran Array Pointer for 2D array DE 0, ESMF_ArrayBundleIOUTest.F90, line 422
  PASS  Comparison test for 2D array DE 0, ESMF_ArrayBundleIOUTest.F90, line 433
  PASS  Comparison test for 2D array DE 0, ESMF_ArrayBundleIOUTest.F90, line 433
  PASS  Obtain Fortran Array Pointer for 2D array DE 1, ESMF_ArrayBundleIOUTest.F90, line 440
  PASS  Comparison test for 2D array DE 1, ESMF_ArrayBundleIOUTest.F90, line 451
  PASS  Comparison test for 2D array DE 0, ESMF_ArrayBundleIOUTest.F90, line 433
  PASS  Obtain Fortran Array Pointer for 2D array DE 1, ESMF_ArrayBundleIOUTest.F90, line 440
  PASS  Comparison test for 2D array DE 0, ESMF_ArrayBundleIOUTest.F90, line 433
  PASS  Obtain Fortran Array Pointer for 2D array DE 1, ESMF_ArrayBundleIOUTest.F90, line 440
  PASS  Obtain Fortran Array Pointer for 2D array DE 1, ESMF_ArrayBundleIOUTest.F90, line 440
  PASS  Comparison test for 2D array DE 1, ESMF_ArrayBundleIOUTest.F90, line 451
  PASS  Obtain Fortran Array Pointer for 3D array DE 0, ESMF_ArrayBundleIOUTest.F90, line 458
  PASS  Comparison test for 2D array DE 1, ESMF_ArrayBundleIOUTest.F90, line 451
  PASS  Obtain Fortran Array Pointer for 3D array DE 0, ESMF_ArrayBundleIOUTest.F90, line 458
  PASS  Comparison test for 2D array DE 1, ESMF_ArrayBundleIOUTest.F90, line 451
  PASS  Comparison test for 3D array DE 0, ESMF_ArrayBundleIOUTest.F90, line 469
  PASS  Obtain Fortran Array Pointer for 3D array DE 0, ESMF_ArrayBundleIOUTest.F90, line 458
  PASS  Comparison test for 3D array DE 0, ESMF_ArrayBundleIOUTest.F90, line 469
  PASS  Obtain Fortran Array Pointer for 3D array DE 1, ESMF_ArrayBundleIOUTest.F90, line 476
  PASS  Obtain Fortran Array Pointer for 3D array DE 0, ESMF_ArrayBundleIOUTest.F90, line 458
  PASS  Comparison test for 3D array DE 0, ESMF_ArrayBundleIOUTest.F90, line 469
  PASS  Obtain Fortran Array Pointer for 3D array DE 1, ESMF_ArrayBundleIOUTest.F90, line 476
  PASS  Comparison test for 3D array DE 1, ESMF_ArrayBundleIOUTest.F90, line 487
  PASS  Comparison test for 3D array DE 0, ESMF_ArrayBundleIOUTest.F90, line 469
  PASS  Obtain Fortran Array Pointer for 3D array DE 1, ESMF_ArrayBundleIOUTest.F90, line 476
  PASS  Comparison test for 3D array DE 1, ESMF_ArrayBundleIOUTest.F90, line 487
  PASS  Obtain Fortran Array Pointer for 3D array DE 1, ESMF_ArrayBundleIOUTest.F90, line 476
  PASS  Comparison test for 3D array DE 1, ESMF_ArrayBundleIOUTest.F90, line 487
  PASS  ArrayBundleDestroy Test, ESMF_ArrayBundleIOUTest.F90, line 502
  PASS  ArrayBundleDestroy Test, ESMF_ArrayBundleIOUTest.F90, line 502
  PASS  Comparison test for 3D array DE 1, ESMF_ArrayBundleIOUTest.F90, line 487
  PASS  ArrayBundleDestroy Test, ESMF_ArrayBundleIOUTest.F90, line 502
  PASS  ArrayBundleDestroy Test, ESMF_ArrayBundleIOUTest.F90, line 502
  PASS  ArrayDestroy Test, ESMF_ArrayBundleIOUTest.F90, line 517
  PASS  ArrayDestroy Test, ESMF_ArrayBundleIOUTest.F90, line 517
  PASS  ArrayDestroy Test, ESMF_ArrayBundleIOUTest.F90, line 517
  PASS  GridDestroy Test, ESMF_ArrayBundleIOUTest.F90, line 527
  PASS  ArrayDestroy Test, ESMF_ArrayBundleIOUTest.F90, line 517
  PASS  GridDestroy Test, ESMF_ArrayBundleIOUTest.F90, line 527
  Ending Test, file ESMF_ArrayBundleIOUTest.F90, line 531
  PASS  GridDestroy Test, ESMF_ArrayBundleIOUTest.F90, line 527
  Ending Test, file ESMF_ArrayBundleIOUTest.F90, line 531
  PASS  GridDestroy Test, ESMF_ArrayBundleIOUTest.F90, line 527
  Ending Test, file ESMF_ArrayBundleIOUTest.F90, line 531
  Ending Test, file ESMF_ArrayBundleIOUTest.F90, line 531
  PET           1  Test Elapsed Time    49.647999999999996       msec.
  PET           0  Test Elapsed Time    39.347999999999992       msec.
  PET           2  Test Elapsed Time    48.862999999999992       msec.
  PET           3  Test Elapsed Time    48.823000000000008       msec.
